******************************************************************************
                  TI ARM Linker PC v18.12.1                    
******************************************************************************
>> Linked Thu Aug  1 13:40:59 2019

OUTPUT FILE NAME:   <elapsed_time_MSP_EXP432P401R_nortos_ccs.out>
ENTRY POINT SYMBOL: "_c_int00_noargs"  address: 000027f1


MEMORY CONFIGURATION

         name            origin    length      used     unused   attr    fill
----------------------  --------  ---------  --------  --------  ----  --------
  MAIN                  00000000   00040000  00002bec  0003d414  R  X
  INFO                  00200000   00004000  00000000  00004000  R  X
  SRAM_CODE             01000000   00010000  0000022e  0000fdd2  RW X
  SRAM_DATA             20000000   00010000  0000022e  0000fdd2  RW  


SEGMENT ALLOCATION MAP

run origin  load origin   length   init length attrs members
----------  ----------- ---------- ----------- ----- -------
00000000    00000000    00002bf0   00002bf0    r-x
  00000000    00000000    000000e4   000000e4    r-- .intvecs
  000000e4    000000e4    00002968   00002968    r-x .text
  00002a4c    00002a4c    00000170   00000170    r-- .const
  00002bc0    00002bc0    00000030   00000030    r-- .cinit
20000000    20000000    00000030   00000000    rw-
  20000000    20000000    00000022   00000000    rw- .bss
  20000024    20000024    0000000c   00000000    rw- .data
2000fe00    2000fe00    00000200   00000000    rw-
  2000fe00    2000fe00    00000200   00000000    rw- .stack


SECTION ALLOCATION MAP

 output                                  attributes/
section   page    origin      length       input sections
--------  ----  ----------  ----------   ----------------
.intvecs   0    00000000    000000e4     
                  00000000    000000e4     startup_msp432p401r_ccs.obj (.intvecs:retain)

.text      0    000000e4    00002968     
                  000000e4    00000a4e     rtsv7M4_T_le_v4SPD16_eabi.lib : _printfi.c.obj (.text:__TI_printfi)
                  00000b32    00000002     startup_msp432p401r_ccs.obj (.text:Default_Handler)
                  00000b34    00000270     rtsv7M4_T_le_v4SPD16_eabi.lib : _printfi.c.obj (.text:_pconv_a)
                  00000da4    000001d0                                   : _printfi.c.obj (.text:_pconv_g)
                  00000f74    000001b6                                   : fd_add_t2.asm.obj (.text)
                  0000112a    00000002                                   : div0.asm.obj (.text)
                  0000112c    0000016c     main.obj (.text:main)
                  00001298    00000144     msp432p4xx_driverlib.lib : timer_a.o (.text:privateTimer_AProcessClockSourceDivider)
                  000013dc    0000013c     rtsv7M4_T_le_v4SPD16_eabi.lib : _printfi.c.obj (.text:_pconv_e)
                  00001518    00000136                                   : fd_div_t2.asm.obj (.text)
                  0000164e    00000002     --HOLE-- [fill = 0]
                  00001650    00000130     msp432p4xx_driverlib.lib : cs.o (.text:CS_initClockSignal)
                  00001780    00000124     rtsv7M4_T_le_v4SPD16_eabi.lib : _printfi.c.obj (.text:fcvt)
                  000018a4    00000110                                   : s_scalbn.c.obj (.text:scalbn)
                  000019b4    000000fc                                   : fd_mul_t2.asm.obj (.text)
                  00001ab0    000000f8                                   : s_floor.c.obj (.text:floor)
                  00001ba8    000000c0                                   : s_round.c.obj (.text:round)
                  00001c68    000000b1                                   : _printfi.c.obj (.text:_ltostr)
                  00001d19    00000001     --HOLE-- [fill = 0]
                  00001d1a    0000009c                                   : memcpy_t2.asm.obj (.text)
                  00001db6    00000096                                   : ull_div_t2.asm.obj (.text)
                  00001e4c    00000086                                   : fd_cmp_t2.asm.obj (.text:__aeabi_cdcmple)
                  00001ed2    00000086                                   : fd_cmp_t2.asm.obj (.text:__aeabi_cdrcmple)
                  00001f58    00000084     msp432p4xx_driverlib.lib : gpio.o (.text:GPIO_getEnabledInterruptStatus)
                  00001fdc    00000080                              : interrupt.o (.text:Interrupt_enableInterrupt)
                  0000205c    0000007a     rtsv7M4_T_le_v4SPD16_eabi.lib : memset_t2.asm.obj (.text)
                  000020d6    00000002     --HOLE-- [fill = 0]
                  000020d8    00000078     system_msp432p401r.obj (.text:SystemInit)
                  00002150    00000078     uart_functions.obj (.text:initUART)
                  000021c8    00000074     uart_functions.obj (.text:EUSCIA0_IRQHandler)
                  0000223c    0000006e     rtsv7M4_T_le_v4SPD16_eabi.lib : _printfi.c.obj (.text:_mcpy)
                  000022aa    00000002     --HOLE-- [fill = 0]
                  000022ac    0000006c     uart_functions.obj (.text:writeString)
                  00002318    00000068     rtsv7M4_T_le_v4SPD16_eabi.lib : copy_decompress_lzss.c.obj (.text:decompress:lzss:__TI_decompress_lzss)
                  00002380    00000064                                   : s_frexp.c.obj (.text:frexp)
                  000023e4    00000058     msp432p4xx_driverlib.lib : gpio.o (.text:GPIO_setAsInputPinWithPullUpResistor)
                  0000243c    00000056     rtsv7M4_T_le_v4SPD16_eabi.lib : _printfi.c.obj (.text:_pconv_f)
                  00002492    00000054                                   : ltoa.c.obj (.text:ltoa)
                  000024e6    00000052                                   : _printfi.c.obj (.text:_ecpy)
                  00002538    0000004c     msp432p4xx_driverlib.lib : timer_a.o (.text:Timer_A_getCounterValue)
                  00002584    0000004c     rtsv7M4_T_le_v4SPD16_eabi.lib : atoi.c.obj (.text:atoi)
                  000025d0    00000048                                   : fd_toi_t2.asm.obj (.text)
                  00002618    00000044                                   : autoinit.c.obj (.text:__TI_auto_init_nobinit_nopinit:__TI_auto_init_nobinit_nopinit)
                  0000265c    00000040                                   : sprintf.c.obj (.text:sprintf)
                  0000269c    0000003e                                   : _printfi.c.obj (.text:_fcpy)
                  000026da    00000002     --HOLE-- [fill = 0]
                  000026dc    0000003c     msp432p4xx_driverlib.lib : gpio.o (.text:GPIO_interruptEdgeSelect)
                  00002718    00000038     main.obj (.text:PORT1_IRQHandler)
                  00002750    00000038     rtsv7M4_T_le_v4SPD16_eabi.lib : fs_tod_t2.asm.obj (.text)
                  00002788    00000034     msp432p4xx_driverlib.lib : cs.o (.text:CS_setDCOCenteredFrequency)
                  000027bc    00000034                              : timer_a.o (.text:Timer_A_configureContinuousMode)
                  000027f0    00000034     rtsv7M4_T_le_v4SPD16_eabi.lib : boot_cortex_m.c.obj (.text:_c_int00_noargs:_c_int00_noargs)
                  00002824    00000030     msp432p4xx_driverlib.lib : cs.o (.text:CS_setReferenceOscillatorFrequency)
                  00002854    0000002e     rtsv7M4_T_le_v4SPD16_eabi.lib : i_tofd_t2.asm.obj (.text)
                  00002882    00000002     --HOLE-- [fill = 0]
                  00002884    00000028     msp432p4xx_driverlib.lib : gpio.o (.text:GPIO_clearInterruptFlag)
                  000028ac    00000028                              : gpio.o (.text:GPIO_enableInterrupt)
                  000028d4    00000024                              : gpio.o (.text:GPIO_getInterruptStatus)
                  000028f8    0000001f     uart_functions.obj (.text:writeInt)
                  00002917    00000001     --HOLE-- [fill = 0]
                  00002918    0000001c     rtsv7M4_T_le_v4SPD16_eabi.lib : memccpy.c.obj (.text:memccpy)
                  00002934    0000001a                                   : s_copysign.c.obj (.text:copysign)
                  0000294e    00000002     --HOLE-- [fill = 0]
                  00002950    00000018     main.obj (.text:TA0_N_IRQHandler)
                  00002968    00000018     rtsv7M4_T_le_v4SPD16_eabi.lib : sprintf.c.obj (.text:_outs)
                  00002980    00000016     msp432p4xx_driverlib.lib : timer_a.o (.text:Timer_A_clearInterruptFlag)
                  00002996    00000016                              : timer_a.o (.text:Timer_A_startCounter)
                  000029ac    00000016     rtsv7M4_T_le_v4SPD16_eabi.lib : strchr.c.obj (.text:strchr)
                  000029c2    00000014                                   : strlen.c.obj (.text:strlen)
                  000029d6    00000012                                   : copy_zero_init.c.obj (.text:decompress:ZI:__TI_zero_init_nomemset:__TI_zero_init_nomemset)
                  000029e8    00000012                                   : wcslen.c.obj (.text:wcslen)
                  000029fa    00000010     msp432p4xx_driverlib.lib : interrupt.o (.text:Interrupt_enableMaster)
                  00002a0a    0000000e     rtsv7M4_T_le_v4SPD16_eabi.lib : copy_decompress_none.c.obj (.text:decompress:none:__TI_decompress_none)
                  00002a18    0000000c     msp432p4xx_driverlib.lib : cpu.o (.text:CPU_cpsie)
                  00002a24    0000000c     startup_msp432p401r_ccs.obj (.text:Reset_Handler)
                  00002a30    0000000a     rtsv7M4_T_le_v4SPD16_eabi.lib : sprintf.c.obj (.text:_outc)
                  00002a3a    00000002     --HOLE-- [fill = 0]
                  00002a3c    00000008                                   : errno.c.obj (.text:__aeabi_errno_addr)
                  00002a44    00000004                                   : pre_init.c.obj (.text:_system_pre_init)
                  00002a48    00000004                                   : exit.c.obj (.text:abort:abort)

.const     0    00002a4c    00000170     
                  00002a4c    00000101     rtsv7M4_T_le_v4SPD16_eabi.lib : ctype.c.obj (.const:.string:_ctypes_)
                  00002b4d    00000003     --HOLE-- [fill = 0]
                  00002b50    00000030     msp432p4xx_driverlib.lib : gpio.o (.const:GPIO_PORT_TO_BASE)
                  00002b80    00000024     uart_functions.obj (.const:uartConfig)
                  00002ba4    00000010     main.obj (.const:continuousModeConfig)
                  00002bb4    00000008     msp432p4xx_driverlib.lib : interrupt.o (.const:g_pulEnRegs)

.cinit     0    00002bc0    00000030     
                  00002bc0    0000000c     (__TI_handler_table)
                  00002bcc    00000004     --HOLE-- [fill = 0]
                  00002bd0    00000008     (.cinit..bss.load) [load image, compression = zero_init]
                  00002bd8    00000007     (.cinit..data.load) [load image, compression = lzss]
                  00002bdf    00000001     --HOLE-- [fill = 0]
                  00002be0    00000010     (__TI_cinit_table)

.init_array 
*          0    00000000    00000000     UNINITIALIZED

.binit     0    00000000    00000000     

.bss       0    20000000    00000022     UNINITIALIZED
                  20000000    00000022     (.common:ringBuffer)

.data      0    20000024    0000000c     UNINITIALIZED
                  20000024    00000006     main.obj (.data)
                  2000002a    00000002     --HOLE--
                  2000002c    00000004     rtsv7M4_T_le_v4SPD16_eabi.lib : errno.c.obj (.data)

.stack     0    2000fe00    00000200     UNINITIALIZED
                  2000fe00    00000004     rtsv7M4_T_le_v4SPD16_eabi.lib : boot_cortex_m.c.obj (.stack)
                  2000fe04    000001fc     --HOLE--

MODULE SUMMARY

       Module                        code    ro data   rw data
       ------                        ----    -------   -------
    .\
       uart_functions.obj            375     36        68     
       main.obj                      444     16        12     
       system_msp432p401r.obj        120     0         0      
    +--+-----------------------------+-------+---------+---------+
       Total:                        939     52        80     
                                                              
    .\ccs\
       startup_msp432p401r_ccs.obj   14      228       0      
    +--+-----------------------------+-------+---------+---------+
       Total:                        14      228       0      
                                                              
    C:/ti/simplelink_msp432p4_sdk_3_20_00_06/source/ti/devices/msp432p4xx/driverlib/ccs/msp432p4xx_driverlib.lib
       timer_a.o                     496     0         0      
       gpio.o                        396     48        0      
       cs.o                          404     0         0      
       interrupt.o                   144     8         0      
       cpu.o                         12      0         0      
    +--+-----------------------------+-------+---------+---------+
       Total:                        1452    56        0      
                                                              
    C:\ti\ccs901\ccs\tools\compiler\ti-cgt-arm_18.12.1.LTS\lib\rtsv7M4_T_le_v4SPD16_eabi.lib
       _printfi.c.obj                4851    0         0      
       fd_add_t2.asm.obj             438     0         0      
       fd_div_t2.asm.obj             310     0         0      
       s_scalbn.c.obj                272     0         0      
       fd_cmp_t2.asm.obj             268     0         0      
       ctype.c.obj                   0       257       0      
       fd_mul_t2.asm.obj             252     0         0      
       s_floor.c.obj                 248     0         0      
       s_round.c.obj                 192     0         0      
       memcpy_t2.asm.obj             156     0         0      
       ull_div_t2.asm.obj            150     0         0      
       memset_t2.asm.obj             122     0         0      
       copy_decompress_lzss.c.obj    104     0         0      
       s_frexp.c.obj                 100     0         0      
       sprintf.c.obj                 98      0         0      
       ltoa.c.obj                    84      0         0      
       atoi.c.obj                    76      0         0      
       fd_toi_t2.asm.obj             72      0         0      
       autoinit.c.obj                68      0         0      
       fs_tod_t2.asm.obj             56      0         0      
       boot_cortex_m.c.obj           52      0         0      
       i_tofd_t2.asm.obj             46      0         0      
       memccpy.c.obj                 28      0         0      
       s_copysign.c.obj              26      0         0      
       strchr.c.obj                  22      0         0      
       strlen.c.obj                  20      0         0      
       copy_zero_init.c.obj          18      0         0      
       wcslen.c.obj                  18      0         0      
       errno.c.obj                   8       0         8      
       copy_decompress_none.c.obj    14      0         0      
       exit.c.obj                    4       0         0      
       pre_init.c.obj                4       0         0      
       div0.asm.obj                  2       0         0      
    +--+-----------------------------+-------+---------+---------+
       Total:                        8179    257       8      
                                                              
       Stack:                        0       0         1024   
       Linker Generated:             0       43        0      
    +--+-----------------------------+-------+---------+---------+
       Grand Total:                  10584   636       1112   


LINKER GENERATED COPY TABLES

__TI_cinit_table @ 00002be0 records: 2, size/record: 8, table size: 16
	.bss: load addr=00002bd0, load size=00000008 bytes, run addr=20000000, run size=00000022 bytes, compression=zero_init
	.data: load addr=00002bd8, load size=00000007 bytes, run addr=20000024, run size=0000000c bytes, compression=lzss


LINKER GENERATED HANDLER TABLE

__TI_handler_table @ 00002bc0 records: 3, size/record: 4, table size: 12
	index: 0, handler: __TI_decompress_lzss
	index: 1, handler: __TI_decompress_none
	index: 2, handler: __TI_zero_init


GLOBAL SYMBOLS: SORTED ALPHABETICALLY BY Name 

address   name                                
-------   ----                                
00000b33  ADC14_IRQHandler                    
00000b33  AES256_IRQHandler                   
00000b33  BusFault_Handler                    
00002a49  C$$EXIT                             
00000b33  COMP_E0_IRQHandler                  
00000b33  COMP_E1_IRQHandler                  
00002a19  CPU_cpsie                           
00000b33  CS_IRQHandler                       
00001651  CS_initClockSignal                  
00002789  CS_setDCOCenteredFrequency          
00002825  CS_setReferenceOscillatorFrequency  
00000b33  DMA_ERR_IRQHandler                  
00000b33  DMA_INT0_IRQHandler                 
00000b33  DMA_INT1_IRQHandler                 
00000b33  DMA_INT2_IRQHandler                 
00000b33  DMA_INT3_IRQHandler                 
00000b33  DebugMon_Handler                    
00000b33  Default_Handler                     
000021c9  EUSCIA0_IRQHandler                  
000021c9  EUSCIA0_IRQHandler                  
00000b33  EUSCIA1_IRQHandler                  
00000b33  EUSCIA2_IRQHandler                  
00000b33  EUSCIA3_IRQHandler                  
00000b33  EUSCIB0_IRQHandler                  
00000b33  EUSCIB1_IRQHandler                  
00000b33  EUSCIB2_IRQHandler                  
00000b33  EUSCIB3_IRQHandler                  
00000b33  FLCTL_IRQHandler                    
00000b33  FPU_IRQHandler                      
00002885  GPIO_clearInterruptFlag             
000028ad  GPIO_enableInterrupt                
00001f59  GPIO_getEnabledInterruptStatus      
000028d5  GPIO_getInterruptStatus             
000026dd  GPIO_interruptEdgeSelect            
000023e5  GPIO_setAsInputPinWithPullUpResistor
00000b33  HardFault_Handler                   
00001fdd  Interrupt_enableInterrupt           
000029fb  Interrupt_enableMaster              
00000b33  MemManage_Handler                   
00000b33  NMI_Handler                         
00000b33  PCM_IRQHandler                      
00002719  PORT1_IRQHandler                    
00002719  PORT1_IRQHandler                    
00000b33  PORT2_IRQHandler                    
00000b33  PORT3_IRQHandler                    
00000b33  PORT4_IRQHandler                    
00000b33  PORT5_IRQHandler                    
00000b33  PORT6_IRQHandler                    
00000b33  PSS_IRQHandler                      
00000b33  PendSV_Handler                      
00000b33  RTC_C_IRQHandler                    
00002a25  Reset_Handler                       
00000b33  SVC_Handler                         
00000b33  SysTick_Handler                     
000020d9  SystemInit                          
00000b33  T32_INT1_IRQHandler                 
00000b33  T32_INT2_IRQHandler                 
00000b33  T32_INTC_IRQHandler                 
00000b33  TA0_0_IRQHandler                    
00002951  TA0_N_IRQHandler                    
00002951  TA0_N_IRQHandler                    
00000b33  TA1_0_IRQHandler                    
00000b33  TA1_N_IRQHandler                    
00000b33  TA2_0_IRQHandler                    
00000b33  TA2_N_IRQHandler                    
00000b33  TA3_0_IRQHandler                    
00000b33  TA3_N_IRQHandler                    
00002981  Timer_A_clearInterruptFlag          
000027bd  Timer_A_configureContinuousMode     
00002539  Timer_A_getCounterValue             
00002997  Timer_A_startCounter                
00000b33  UsageFault_Handler                  
4000480c  WDTCTL_SYM                          
00000b33  WDT_A_IRQHandler                    
20010000  __STACK_END                         
00000200  __STACK_SIZE                        
00002be0  __TI_CINIT_Base                     
00002bf0  __TI_CINIT_Limit                    
00002bc0  __TI_Handler_Table_Base             
00002bcc  __TI_Handler_Table_Limit            
00002619  __TI_auto_init_nobinit_nopinit      
00002319  __TI_decompress_lzss                
00002a0b  __TI_decompress_none                
ffffffff  __TI_pprof_out_hndl                 
000000e5  __TI_printfi                        
ffffffff  __TI_prof_data_size                 
ffffffff  __TI_prof_data_start                
00000000  __TI_static_base__                  
000029d7  __TI_zero_init_nomemset             
00001e4d  __aeabi_cdcmpeq                     
00001e4d  __aeabi_cdcmple                     
00001ed3  __aeabi_cdrcmple                    
000025d1  __aeabi_d2iz                        
00000f7f  __aeabi_dadd                        
00001519  __aeabi_ddiv                        
000019b5  __aeabi_dmul                        
00000f75  __aeabi_dsub                        
00002a3d  __aeabi_errno_addr                  
00002751  __aeabi_f2d                         
00002855  __aeabi_i2d                         
0000112b  __aeabi_idiv0                       
0000112b  __aeabi_ldiv0                       
0000205d  __aeabi_memclr                      
0000205d  __aeabi_memclr4                     
0000205d  __aeabi_memclr8                     
00001d1b  __aeabi_memcpy                      
00001d1b  __aeabi_memcpy4                     
00001d1b  __aeabi_memcpy8                     
0000205f  __aeabi_memset                      
0000205f  __aeabi_memset4                     
0000205f  __aeabi_memset8                     
00001db7  __aeabi_uldivmod                    
ffffffff  __binit__                           
ffffffff  __c_args__                          
UNDEFED   __mpu_init                          
2000fe00  __stack                             
000027f1  _c_int00_noargs                     
00002a4c  _ctypes_                            
UNDEFED   _system_post_cinit                  
00002a45  _system_pre_init                    
00002a49  abort                               
00002585  atoi                                
ffffffff  binit                               
20000028  btn1                                
20000029  btn2                                
00002ba4  continuousModeConfig                
00002935  copysign                            
00002935  copysignl                           
2000002c  errno                               
00001ab1  floor                               
00001ab1  floorl                              
00002381  frexp                               
00002381  frexpl                              
00002151  initUART                            
00000000  interruptVectors                    
000018a5  ldexp                               
000018a5  ldexpl                              
00002493  ltoa                                
0000112d  main                                
00002919  memccpy                             
00001d1b  memcpy                              
00002065  memset                              
20000024  overflow                            
20000000  ringBuffer                          
00001ba9  round                               
00001ba9  roundl                              
000018a5  scalbn                              
000018a5  scalbnl                             
0000265d  sprintf                             
000029ad  strchr                              
000029c3  strlen                              
00002b80  uartConfig                          
000029e9  wcslen                              
000028f9  writeInt                            
000022ad  writeString                         


GLOBAL SYMBOLS: SORTED BY Symbol Address 

address   name                                
-------   ----                                
00000000  __TI_static_base__                  
00000000  interruptVectors                    
000000e5  __TI_printfi                        
00000200  __STACK_SIZE                        
00000b33  ADC14_IRQHandler                    
00000b33  AES256_IRQHandler                   
00000b33  BusFault_Handler                    
00000b33  COMP_E0_IRQHandler                  
00000b33  COMP_E1_IRQHandler                  
00000b33  CS_IRQHandler                       
00000b33  DMA_ERR_IRQHandler                  
00000b33  DMA_INT0_IRQHandler                 
00000b33  DMA_INT1_IRQHandler                 
00000b33  DMA_INT2_IRQHandler                 
00000b33  DMA_INT3_IRQHandler                 
00000b33  DebugMon_Handler                    
00000b33  Default_Handler                     
00000b33  EUSCIA1_IRQHandler                  
00000b33  EUSCIA2_IRQHandler                  
00000b33  EUSCIA3_IRQHandler                  
00000b33  EUSCIB0_IRQHandler                  
00000b33  EUSCIB1_IRQHandler                  
00000b33  EUSCIB2_IRQHandler                  
00000b33  EUSCIB3_IRQHandler                  
00000b33  FLCTL_IRQHandler                    
00000b33  FPU_IRQHandler                      
00000b33  HardFault_Handler                   
00000b33  MemManage_Handler                   
00000b33  NMI_Handler                         
00000b33  PCM_IRQHandler                      
00000b33  PORT2_IRQHandler                    
00000b33  PORT3_IRQHandler                    
00000b33  PORT4_IRQHandler                    
00000b33  PORT5_IRQHandler                    
00000b33  PORT6_IRQHandler                    
00000b33  PSS_IRQHandler                      
00000b33  PendSV_Handler                      
00000b33  RTC_C_IRQHandler                    
00000b33  SVC_Handler                         
00000b33  SysTick_Handler                     
00000b33  T32_INT1_IRQHandler                 
00000b33  T32_INT2_IRQHandler                 
00000b33  T32_INTC_IRQHandler                 
00000b33  TA0_0_IRQHandler                    
00000b33  TA1_0_IRQHandler                    
00000b33  TA1_N_IRQHandler                    
00000b33  TA2_0_IRQHandler                    
00000b33  TA2_N_IRQHandler                    
00000b33  TA3_0_IRQHandler                    
00000b33  TA3_N_IRQHandler                    
00000b33  UsageFault_Handler                  
00000b33  WDT_A_IRQHandler                    
00000f75  __aeabi_dsub                        
00000f7f  __aeabi_dadd                        
0000112b  __aeabi_idiv0                       
0000112b  __aeabi_ldiv0                       
0000112d  main                                
00001519  __aeabi_ddiv                        
00001651  CS_initClockSignal                  
000018a5  ldexp                               
000018a5  ldexpl                              
000018a5  scalbn                              
000018a5  scalbnl                             
000019b5  __aeabi_dmul                        
00001ab1  floor                               
00001ab1  floorl                              
00001ba9  round                               
00001ba9  roundl                              
00001d1b  __aeabi_memcpy                      
00001d1b  __aeabi_memcpy4                     
00001d1b  __aeabi_memcpy8                     
00001d1b  memcpy                              
00001db7  __aeabi_uldivmod                    
00001e4d  __aeabi_cdcmpeq                     
00001e4d  __aeabi_cdcmple                     
00001ed3  __aeabi_cdrcmple                    
00001f59  GPIO_getEnabledInterruptStatus      
00001fdd  Interrupt_enableInterrupt           
0000205d  __aeabi_memclr                      
0000205d  __aeabi_memclr4                     
0000205d  __aeabi_memclr8                     
0000205f  __aeabi_memset                      
0000205f  __aeabi_memset4                     
0000205f  __aeabi_memset8                     
00002065  memset                              
000020d9  SystemInit                          
00002151  initUART                            
000021c9  EUSCIA0_IRQHandler                  
000021c9  EUSCIA0_IRQHandler                  
000022ad  writeString                         
00002319  __TI_decompress_lzss                
00002381  frexp                               
00002381  frexpl                              
000023e5  GPIO_setAsInputPinWithPullUpResistor
00002493  ltoa                                
00002539  Timer_A_getCounterValue             
00002585  atoi                                
000025d1  __aeabi_d2iz                        
00002619  __TI_auto_init_nobinit_nopinit      
0000265d  sprintf                             
000026dd  GPIO_interruptEdgeSelect            
00002719  PORT1_IRQHandler                    
00002719  PORT1_IRQHandler                    
00002751  __aeabi_f2d                         
00002789  CS_setDCOCenteredFrequency          
000027bd  Timer_A_configureContinuousMode     
000027f1  _c_int00_noargs                     
00002825  CS_setReferenceOscillatorFrequency  
00002855  __aeabi_i2d                         
00002885  GPIO_clearInterruptFlag             
000028ad  GPIO_enableInterrupt                
000028d5  GPIO_getInterruptStatus             
000028f9  writeInt                            
00002919  memccpy                             
00002935  copysign                            
00002935  copysignl                           
00002951  TA0_N_IRQHandler                    
00002951  TA0_N_IRQHandler                    
00002981  Timer_A_clearInterruptFlag          
00002997  Timer_A_startCounter                
000029ad  strchr                              
000029c3  strlen                              
000029d7  __TI_zero_init_nomemset             
000029e9  wcslen                              
000029fb  Interrupt_enableMaster              
00002a0b  __TI_decompress_none                
00002a19  CPU_cpsie                           
00002a25  Reset_Handler                       
00002a3d  __aeabi_errno_addr                  
00002a45  _system_pre_init                    
00002a49  C$$EXIT                             
00002a49  abort                               
00002a4c  _ctypes_                            
00002b80  uartConfig                          
00002ba4  continuousModeConfig                
00002bc0  __TI_Handler_Table_Base             
00002bcc  __TI_Handler_Table_Limit            
00002be0  __TI_CINIT_Base                     
00002bf0  __TI_CINIT_Limit                    
20000000  ringBuffer                          
20000024  overflow                            
20000028  btn1                                
20000029  btn2                                
2000002c  errno                               
2000fe00  __stack                             
20010000  __STACK_END                         
4000480c  WDTCTL_SYM                          
ffffffff  __TI_pprof_out_hndl                 
ffffffff  __TI_prof_data_size                 
ffffffff  __TI_prof_data_start                
ffffffff  __binit__                           
ffffffff  __c_args__                          
ffffffff  binit                               
UNDEFED   __mpu_init                          
UNDEFED   _system_post_cinit                  

[155 symbols]
