******************************************************************************
                  TI ARM Linker PC v18.12.1                    
******************************************************************************
>> Linked Thu Jul 11 13:34:39 2019

OUTPUT FILE NAME:   <blinking_led_MSP_EXP432P401R_nortos_ccs.out>
ENTRY POINT SYMBOL: "_c_int00_noargs"  address: 00000481


MEMORY CONFIGURATION

         name            origin    length      used     unused   attr    fill
----------------------  --------  ---------  --------  --------  ----  --------
  MAIN                  00000000   00040000  000005c0  0003fa40  R  X
  INFO                  00200000   00004000  00000000  00004000  R  X
  SRAM_CODE             01000000   00010000  00000222  0000fdde  RW X
  SRAM_DATA             20000000   00010000  00000222  0000fdde  RW  


SEGMENT ALLOCATION MAP

run origin  load origin   length   init length attrs members
----------  ----------- ---------- ----------- ----- -------
00000000    00000000    000005c4   000005c4    r-x
  00000000    00000000    000000e4   000000e4    r-- .intvecs
  000000e4    000000e4    00000474   00000474    r-x .text
  00000558    00000558    00000054   00000054    r-- .const
  000005b0    000005b0    00000014   00000014    r-- .cinit
20000000    20000000    00000022   00000000    rw-
  20000000    20000000    00000022   00000000    rw- .bss
2000fe00    2000fe00    00000200   00000000    rw-
  2000fe00    2000fe00    00000200   00000000    rw- .stack


SECTION ALLOCATION MAP

 output                                  attributes/
section   page    origin      length       input sections
--------  ----  ----------  ----------   ----------------
.intvecs   0    00000000    000000e4     
                  00000000    000000e4     startup_msp432p401r_ccs.obj (.intvecs:retain)

.text      0    000000e4    00000474     
                  000000e4    000000a8     main.obj (.text:main)
                  0000018c    00000080     uart_functions.obj (.text:initUART)
                  0000020c    00000078     system_msp432p401r.obj (.text:SystemInit)
                  00000284    00000074     uart_functions.obj (.text:EUSCIA0_IRQHandler)
                  000002f8    0000006c     uart_functions.obj (.text:writeString)
                  00000364    00000064     uart_functions.obj (.text:readString)
                  000003c8    00000044     rtsv7M4_T_le_v4SPD16_eabi.lib : autoinit.c.obj (.text:__TI_auto_init_nobinit_nopinit:__TI_auto_init_nobinit_nopinit)
                  0000040c    00000040     msp432p4xx_driverlib.lib : gpio.o (.text:GPIO_setAsOutputPin)
                  0000044c    00000034                              : cs.o (.text:CS_setDCOCenteredFrequency)
                  00000480    00000034     rtsv7M4_T_le_v4SPD16_eabi.lib : boot_cortex_m.c.obj (.text:_c_int00_noargs:_c_int00_noargs)
                  000004b4    00000028     msp432p4xx_driverlib.lib : gpio.o (.text:GPIO_toggleOutputOnPin)
                  000004dc    00000024                              : wdt_a.o (.text:WDT_A_holdTimer)
                  00000500    0000001c     uart_functions.obj (.text:peek)
                  0000051c    00000014     uart_functions.obj (.text:readChar)
                  00000530    00000012     rtsv7M4_T_le_v4SPD16_eabi.lib : copy_zero_init.c.obj (.text:decompress:ZI:__TI_zero_init_nomemset:__TI_zero_init_nomemset)
                  00000542    0000000c     startup_msp432p401r_ccs.obj (.text:Reset_Handler)
                  0000054e    00000004     rtsv7M4_T_le_v4SPD16_eabi.lib : pre_init.c.obj (.text:_system_pre_init)
                  00000552    00000004                                   : exit.c.obj (.text:abort:abort)
                  00000556    00000002     startup_msp432p401r_ccs.obj (.text:Default_Handler)

.const     0    00000558    00000054     
                  00000558    00000030     msp432p4xx_driverlib.lib : gpio.o (.const:GPIO_PORT_TO_BASE)
                  00000588    00000024     uart_functions.obj (.const:uartConfig)

.cinit     0    000005b0    00000014     
                  000005b0    00000008     (.cinit..bss.load) [load image, compression = zero_init]
                  000005b8    00000004     (__TI_handler_table)
                  000005bc    00000008     (__TI_cinit_table)

.init_array 
*          0    00000000    00000000     UNINITIALIZED

.binit     0    00000000    00000000     

.bss       0    20000000    00000022     UNINITIALIZED
                  20000000    00000022     (.common:ringBuffer)

.stack     0    2000fe00    00000200     UNINITIALIZED
                  2000fe00    00000004     rtsv7M4_T_le_v4SPD16_eabi.lib : boot_cortex_m.c.obj (.stack)
                  2000fe04    000001fc     --HOLE--

MODULE SUMMARY

       Module                        code   ro data   rw data
       ------                        ----   -------   -------
    .\
       uart_functions.obj            500    36        68     
       main.obj                      168    0         0      
       system_msp432p401r.obj        120    0         0      
    +--+-----------------------------+------+---------+---------+
       Total:                        788    36        68     
                                                             
    .\ccs\
       startup_msp432p401r_ccs.obj   14     228       0      
    +--+-----------------------------+------+---------+---------+
       Total:                        14     228       0      
                                                             
    C:/ti/simplelink_msp432p4_sdk_3_20_00_06/source/ti/devices/msp432p4xx/driverlib/ccs/msp432p4xx_driverlib.lib
       gpio.o                        104    48        0      
       cs.o                          52     0         0      
       wdt_a.o                       36     0         0      
    +--+-----------------------------+------+---------+---------+
       Total:                        192    48        0      
                                                             
    C:\ti\ccs901\ccs\tools\compiler\ti-cgt-arm_18.12.1.LTS\lib\rtsv7M4_T_le_v4SPD16_eabi.lib
       autoinit.c.obj                68     0         0      
       boot_cortex_m.c.obj           52     0         0      
       copy_zero_init.c.obj          18     0         0      
       exit.c.obj                    4      0         0      
       pre_init.c.obj                4      0         0      
    +--+-----------------------------+------+---------+---------+
       Total:                        146    0         0      
                                                             
       Stack:                        0      0         1024   
       Linker Generated:             0      20        0      
    +--+-----------------------------+------+---------+---------+
       Grand Total:                  1140   332       1092   


LINKER GENERATED COPY TABLES

__TI_cinit_table @ 000005bc records: 1, size/record: 8, table size: 8
	.bss: load addr=000005b0, load size=00000008 bytes, run addr=20000000, run size=00000022 bytes, compression=zero_init


LINKER GENERATED HANDLER TABLE

__TI_handler_table @ 000005b8 records: 1, size/record: 4, table size: 4
	index: 0, handler: __TI_zero_init


GLOBAL SYMBOLS: SORTED ALPHABETICALLY BY Name 

address   name                          
-------   ----                          
00000557  ADC14_IRQHandler              
00000557  AES256_IRQHandler             
00000557  BusFault_Handler              
00000553  C$$EXIT                       
00000557  COMP_E0_IRQHandler            
00000557  COMP_E1_IRQHandler            
00000557  CS_IRQHandler                 
0000044d  CS_setDCOCenteredFrequency    
00000557  DMA_ERR_IRQHandler            
00000557  DMA_INT0_IRQHandler           
00000557  DMA_INT1_IRQHandler           
00000557  DMA_INT2_IRQHandler           
00000557  DMA_INT3_IRQHandler           
00000557  DebugMon_Handler              
00000557  Default_Handler               
00000285  EUSCIA0_IRQHandler            
00000285  EUSCIA0_IRQHandler            
00000557  EUSCIA1_IRQHandler            
00000557  EUSCIA2_IRQHandler            
00000557  EUSCIA3_IRQHandler            
00000557  EUSCIB0_IRQHandler            
00000557  EUSCIB1_IRQHandler            
00000557  EUSCIB2_IRQHandler            
00000557  EUSCIB3_IRQHandler            
00000557  FLCTL_IRQHandler              
00000557  FPU_IRQHandler                
0000040d  GPIO_setAsOutputPin           
000004b5  GPIO_toggleOutputOnPin        
00000557  HardFault_Handler             
00000557  MemManage_Handler             
00000557  NMI_Handler                   
00000557  PCM_IRQHandler                
00000557  PORT1_IRQHandler              
00000557  PORT2_IRQHandler              
00000557  PORT3_IRQHandler              
00000557  PORT4_IRQHandler              
00000557  PORT5_IRQHandler              
00000557  PORT6_IRQHandler              
00000557  PSS_IRQHandler                
00000557  PendSV_Handler                
00000557  RTC_C_IRQHandler              
00000543  Reset_Handler                 
00000557  SVC_Handler                   
00000557  SysTick_Handler               
0000020d  SystemInit                    
00000557  T32_INT1_IRQHandler           
00000557  T32_INT2_IRQHandler           
00000557  T32_INTC_IRQHandler           
00000557  TA0_0_IRQHandler              
00000557  TA0_N_IRQHandler              
00000557  TA1_0_IRQHandler              
00000557  TA1_N_IRQHandler              
00000557  TA2_0_IRQHandler              
00000557  TA2_N_IRQHandler              
00000557  TA3_0_IRQHandler              
00000557  TA3_N_IRQHandler              
00000557  UsageFault_Handler            
4000480c  WDTCTL_SYM                    
00000557  WDT_A_IRQHandler              
000004dd  WDT_A_holdTimer               
20010000  __STACK_END                   
00000200  __STACK_SIZE                  
000005bc  __TI_CINIT_Base               
000005c4  __TI_CINIT_Limit              
000005b8  __TI_Handler_Table_Base       
000005bc  __TI_Handler_Table_Limit      
000003c9  __TI_auto_init_nobinit_nopinit
ffffffff  __TI_pprof_out_hndl           
ffffffff  __TI_prof_data_size           
ffffffff  __TI_prof_data_start          
00000000  __TI_static_base__            
00000531  __TI_zero_init_nomemset       
ffffffff  __binit__                     
ffffffff  __c_args__                    
UNDEFED   __mpu_init                    
2000fe00  __stack                       
00000481  _c_int00_noargs               
UNDEFED   _system_post_cinit            
0000054f  _system_pre_init              
00000553  abort                         
ffffffff  binit                         
0000018d  initUART                      
00000000  interruptVectors              
000000e5  main                          
00000501  peek                          
0000051d  readChar                      
00000365  readString                    
20000000  ringBuffer                    
00000588  uartConfig                    
000002f9  writeString                   


GLOBAL SYMBOLS: SORTED BY Symbol Address 

address   name                          
-------   ----                          
00000000  __TI_static_base__            
00000000  interruptVectors              
000000e5  main                          
0000018d  initUART                      
00000200  __STACK_SIZE                  
0000020d  SystemInit                    
00000285  EUSCIA0_IRQHandler            
00000285  EUSCIA0_IRQHandler            
000002f9  writeString                   
00000365  readString                    
000003c9  __TI_auto_init_nobinit_nopinit
0000040d  GPIO_setAsOutputPin           
0000044d  CS_setDCOCenteredFrequency    
00000481  _c_int00_noargs               
000004b5  GPIO_toggleOutputOnPin        
000004dd  WDT_A_holdTimer               
00000501  peek                          
0000051d  readChar                      
00000531  __TI_zero_init_nomemset       
00000543  Reset_Handler                 
0000054f  _system_pre_init              
00000553  C$$EXIT                       
00000553  abort                         
00000557  ADC14_IRQHandler              
00000557  AES256_IRQHandler             
00000557  BusFault_Handler              
00000557  COMP_E0_IRQHandler            
00000557  COMP_E1_IRQHandler            
00000557  CS_IRQHandler                 
00000557  DMA_ERR_IRQHandler            
00000557  DMA_INT0_IRQHandler           
00000557  DMA_INT1_IRQHandler           
00000557  DMA_INT2_IRQHandler           
00000557  DMA_INT3_IRQHandler           
00000557  DebugMon_Handler              
00000557  Default_Handler               
00000557  EUSCIA1_IRQHandler            
00000557  EUSCIA2_IRQHandler            
00000557  EUSCIA3_IRQHandler            
00000557  EUSCIB0_IRQHandler            
00000557  EUSCIB1_IRQHandler            
00000557  EUSCIB2_IRQHandler            
00000557  EUSCIB3_IRQHandler            
00000557  FLCTL_IRQHandler              
00000557  FPU_IRQHandler                
00000557  HardFault_Handler             
00000557  MemManage_Handler             
00000557  NMI_Handler                   
00000557  PCM_IRQHandler                
00000557  PORT1_IRQHandler              
00000557  PORT2_IRQHandler              
00000557  PORT3_IRQHandler              
00000557  PORT4_IRQHandler              
00000557  PORT5_IRQHandler              
00000557  PORT6_IRQHandler              
00000557  PSS_IRQHandler                
00000557  PendSV_Handler                
00000557  RTC_C_IRQHandler              
00000557  SVC_Handler                   
00000557  SysTick_Handler               
00000557  T32_INT1_IRQHandler           
00000557  T32_INT2_IRQHandler           
00000557  T32_INTC_IRQHandler           
00000557  TA0_0_IRQHandler              
00000557  TA0_N_IRQHandler              
00000557  TA1_0_IRQHandler              
00000557  TA1_N_IRQHandler              
00000557  TA2_0_IRQHandler              
00000557  TA2_N_IRQHandler              
00000557  TA3_0_IRQHandler              
00000557  TA3_N_IRQHandler              
00000557  UsageFault_Handler            
00000557  WDT_A_IRQHandler              
00000588  uartConfig                    
000005b8  __TI_Handler_Table_Base       
000005bc  __TI_CINIT_Base               
000005bc  __TI_Handler_Table_Limit      
000005c4  __TI_CINIT_Limit              
20000000  ringBuffer                    
2000fe00  __stack                       
20010000  __STACK_END                   
4000480c  WDTCTL_SYM                    
ffffffff  __TI_pprof_out_hndl           
ffffffff  __TI_prof_data_size           
ffffffff  __TI_prof_data_start          
ffffffff  __binit__                     
ffffffff  __c_args__                    
ffffffff  binit                         
UNDEFED   __mpu_init                    
UNDEFED   _system_post_cinit            

[90 symbols]
