******************************************************************************
                  TI ARM Linker PC v18.12.1                    
******************************************************************************
>> Linked Mon Jul 29 14:44:56 2019

OUTPUT FILE NAME:   <timer_operation_MSP_EXP432P401R_nortos_ccs.out>
ENTRY POINT SYMBOL: "_c_int00_noargs"  address: 00002565


MEMORY CONFIGURATION

         name            origin    length      used     unused   attr    fill
----------------------  --------  ---------  --------  --------  ----  --------
  MAIN                  00000000   00040000  00002a04  0003d5fc  R  X
  INFO                  00200000   00004000  00000000  00004000  R  X
  SRAM_CODE             01000000   00010000  00000226  0000fdda  RW X
  SRAM_DATA             20000000   00010000  00000226  0000fdda  RW  


SEGMENT ALLOCATION MAP

run origin  load origin   length   init length attrs members
----------  ----------- ---------- ----------- ----- -------
00000000    00000000    00002a08   00002a08    r-x
  00000000    00000000    000000e4   000000e4    r-- .intvecs
  000000e4    000000e4    00002750   00002750    r-x .text
  00002834    00002834    000001a0   000001a0    r-- .const
  000029d8    000029d8    00000030   00000030    r-- .cinit
20000000    20000000    00000028   00000000    rw-
  20000000    20000000    00000022   00000000    rw- .bss
  20000024    20000024    00000004   00000000    rw- .data
2000fe00    2000fe00    00000200   00000000    rw-
  2000fe00    2000fe00    00000200   00000000    rw- .stack


SECTION ALLOCATION MAP

 output                                  attributes/
section   page    origin      length       input sections
--------  ----  ----------  ----------   ----------------
.intvecs   0    00000000    000000e4     
                  00000000    000000e4     startup_msp432p401r_ccs.obj (.intvecs:retain)

.text      0    000000e4    00002750     
                  000000e4    00000a4e     rtsv7M4_T_le_v4SPD16_eabi.lib : _printfi.c.obj (.text:__TI_printfi)
                  00000b32    00000002     startup_msp432p401r_ccs.obj (.text:Default_Handler)
                  00000b34    00000270     rtsv7M4_T_le_v4SPD16_eabi.lib : _printfi.c.obj (.text:_pconv_a)
                  00000da4    000001d0                                   : _printfi.c.obj (.text:_pconv_g)
                  00000f74    000001b6                                   : fd_add_t2.asm.obj (.text)
                  0000112a    00000002                                   : div0.asm.obj (.text)
                  0000112c    00000144     msp432p4xx_driverlib.lib : timer_a.o (.text:privateTimer_AProcessClockSourceDivider)
                  00001270    0000013c     rtsv7M4_T_le_v4SPD16_eabi.lib : _printfi.c.obj (.text:_pconv_e)
                  000013ac    00000136                                   : fd_div_t2.asm.obj (.text)
                  000014e2    00000002     --HOLE-- [fill = 0]
                  000014e4    00000130     msp432p4xx_driverlib.lib : cs.o (.text:CS_initClockSignal)
                  00001614    00000124     rtsv7M4_T_le_v4SPD16_eabi.lib : _printfi.c.obj (.text:fcvt)
                  00001738    00000110     main.obj (.text:main)
                  00001848    00000110     rtsv7M4_T_le_v4SPD16_eabi.lib : s_scalbn.c.obj (.text:scalbn)
                  00001958    000000fc                                   : fd_mul_t2.asm.obj (.text)
                  00001a54    000000b1                                   : _printfi.c.obj (.text:_ltostr)
                  00001b05    00000001     --HOLE-- [fill = 0]
                  00001b06    0000009c                                   : memcpy_t2.asm.obj (.text)
                  00001ba2    00000096                                   : ull_div_t2.asm.obj (.text)
                  00001c38    00000086                                   : fd_cmp_t2.asm.obj (.text:__aeabi_cdcmple)
                  00001cbe    00000086                                   : fd_cmp_t2.asm.obj (.text:__aeabi_cdrcmple)
                  00001d44    00000080     msp432p4xx_driverlib.lib : interrupt.o (.text:Interrupt_enableInterrupt)
                  00001dc4    0000007a     rtsv7M4_T_le_v4SPD16_eabi.lib : memset_t2.asm.obj (.text)
                  00001e3e    00000002     --HOLE-- [fill = 0]
                  00001e40    00000078     system_msp432p401r.obj (.text:SystemInit)
                  00001eb8    00000078     uart_functions.obj (.text:initUART)
                  00001f30    00000074     uart_functions.obj (.text:EUSCIA0_IRQHandler)
                  00001fa4    0000006e     rtsv7M4_T_le_v4SPD16_eabi.lib : _printfi.c.obj (.text:_mcpy)
                  00002012    00000002     --HOLE-- [fill = 0]
                  00002014    0000006c     uart_functions.obj (.text:writeString)
                  00002080    00000068     msp432p4xx_driverlib.lib : timer_a.o (.text:Timer_A_configureUpDownMode)
                  000020e8    00000068                              : timer_a.o (.text:Timer_A_configureUpMode)
                  00002150    00000068     rtsv7M4_T_le_v4SPD16_eabi.lib : copy_decompress_lzss.c.obj (.text:decompress:lzss:__TI_decompress_lzss)
                  000021b8    00000064                                   : s_frexp.c.obj (.text:frexp)
                  0000221c    00000056                                   : _printfi.c.obj (.text:_pconv_f)
                  00002272    00000054                                   : ltoa.c.obj (.text:ltoa)
                  000022c6    00000052                                   : _printfi.c.obj (.text:_ecpy)
                  00002318    0000004c     msp432p4xx_driverlib.lib : timer_a.o (.text:Timer_A_getCounterValue)
                  00002364    0000004c     rtsv7M4_T_le_v4SPD16_eabi.lib : atoi.c.obj (.text:atoi)
                  000023b0    00000048                                   : fd_toi_t2.asm.obj (.text)
                  000023f8    00000044                                   : autoinit.c.obj (.text:__TI_auto_init_nobinit_nopinit:__TI_auto_init_nobinit_nopinit)
                  0000243c    00000040     msp432p4xx_driverlib.lib : gpio.o (.text:GPIO_setAsOutputPin)
                  0000247c    00000040     rtsv7M4_T_le_v4SPD16_eabi.lib : sprintf.c.obj (.text:sprintf)
                  000024bc    0000003e                                   : _printfi.c.obj (.text:_fcpy)
                  000024fa    00000002     --HOLE-- [fill = 0]
                  000024fc    00000034     msp432p4xx_driverlib.lib : cs.o (.text:CS_setDCOCenteredFrequency)
                  00002530    00000034                              : timer_a.o (.text:Timer_A_configureContinuousMode)
                  00002564    00000034     rtsv7M4_T_le_v4SPD16_eabi.lib : boot_cortex_m.c.obj (.text:_c_int00_noargs:_c_int00_noargs)
                  00002598    00000030     msp432p4xx_driverlib.lib : cs.o (.text:CS_setReferenceOscillatorFrequency)
                  000025c8    0000002e     rtsv7M4_T_le_v4SPD16_eabi.lib : i_tofd_t2.asm.obj (.text)
                  000025f6    00000002     --HOLE-- [fill = 0]
                  000025f8    0000002c     msp432p4xx_driverlib.lib : timer_a.o (.text:Timer_A_clearCaptureCompareInterrupt)
                  00002624    00000028                              : gpio.o (.text:GPIO_setOutputLowOnPin)
                  0000264c    00000028                              : gpio.o (.text:GPIO_toggleOutputOnPin)
                  00002674    00000024     main.obj (.text:TA1_0_IRQHandler)
                  00002698    00000024     main.obj (.text:TA2_0_IRQHandler)
                  000026bc    00000020     main.obj (.text:TA0_N_IRQHandler)
                  000026dc    00000020     main.obj (.text:TA2_N_IRQHandler)
                  000026fc    0000001f     uart_functions.obj (.text:writeInt)
                  0000271b    00000001     --HOLE-- [fill = 0]
                  0000271c    0000001c     rtsv7M4_T_le_v4SPD16_eabi.lib : memccpy.c.obj (.text:memccpy)
                  00002738    0000001a                                   : s_copysign.c.obj (.text:copysign)
                  00002752    00000018                                   : sprintf.c.obj (.text:_outs)
                  0000276a    00000016     msp432p4xx_driverlib.lib : timer_a.o (.text:Timer_A_clearInterruptFlag)
                  00002780    00000016                              : timer_a.o (.text:Timer_A_startCounter)
                  00002796    00000016     rtsv7M4_T_le_v4SPD16_eabi.lib : strchr.c.obj (.text:strchr)
                  000027ac    00000014                                   : strlen.c.obj (.text:strlen)
                  000027c0    00000012                                   : copy_zero_init.c.obj (.text:decompress:ZI:__TI_zero_init_nomemset:__TI_zero_init_nomemset)
                  000027d2    00000012                                   : wcslen.c.obj (.text:wcslen)
                  000027e4    00000010     msp432p4xx_driverlib.lib : interrupt.o (.text:Interrupt_enableMaster)
                  000027f4    0000000e     rtsv7M4_T_le_v4SPD16_eabi.lib : copy_decompress_none.c.obj (.text:decompress:none:__TI_decompress_none)
                  00002802    0000000c     msp432p4xx_driverlib.lib : cpu.o (.text:CPU_cpsie)
                  0000280e    0000000c     startup_msp432p401r_ccs.obj (.text:Reset_Handler)
                  0000281a    0000000a     rtsv7M4_T_le_v4SPD16_eabi.lib : sprintf.c.obj (.text:_outc)
                  00002824    00000008                                   : errno.c.obj (.text:__aeabi_errno_addr)
                  0000282c    00000004                                   : pre_init.c.obj (.text:_system_pre_init)
                  00002830    00000004                                   : exit.c.obj (.text:abort:abort)

.const     0    00002834    000001a0     
                  00002834    00000101     rtsv7M4_T_le_v4SPD16_eabi.lib : ctype.c.obj (.const:.string:_ctypes_)
                  00002935    00000003     --HOLE-- [fill = 0]
                  00002938    00000030     msp432p4xx_driverlib.lib : gpio.o (.const:GPIO_PORT_TO_BASE)
                  00002968    00000024     uart_functions.obj (.const:uartConfig)
                  0000298c    00000018     main.obj (.const:upConfig)
                  000029a4    00000018     main.obj (.const:updownConfig)
                  000029bc    00000010     main.obj (.const:continuousModeConfig)
                  000029cc    00000008     msp432p4xx_driverlib.lib : interrupt.o (.const:g_pulEnRegs)

.cinit     0    000029d8    00000030     
                  000029d8    0000000c     (__TI_handler_table)
                  000029e4    00000004     --HOLE-- [fill = 0]
                  000029e8    00000008     (.cinit..bss.load) [load image, compression = zero_init]
                  000029f0    00000007     (.cinit..data.load) [load image, compression = lzss]
                  000029f7    00000001     --HOLE-- [fill = 0]
                  000029f8    00000010     (__TI_cinit_table)

.init_array 
*          0    00000000    00000000     UNINITIALIZED

.binit     0    00000000    00000000     

.bss       0    20000000    00000022     UNINITIALIZED
                  20000000    00000022     (.common:ringBuffer)

.data      0    20000024    00000004     UNINITIALIZED
                  20000024    00000004     rtsv7M4_T_le_v4SPD16_eabi.lib : errno.c.obj (.data)

.stack     0    2000fe00    00000200     UNINITIALIZED
                  2000fe00    00000004     rtsv7M4_T_le_v4SPD16_eabi.lib : boot_cortex_m.c.obj (.stack)
                  2000fe04    000001fc     --HOLE--

MODULE SUMMARY

       Module                        code    ro data   rw data
       ------                        ----    -------   -------
    .\
       uart_functions.obj            375     36        68     
       main.obj                      408     64        0      
       system_msp432p401r.obj        120     0         0      
    +--+-----------------------------+-------+---------+---------+
       Total:                        903     100       68     
                                                              
    .\ccs\
       startup_msp432p401r_ccs.obj   14      228       0      
    +--+-----------------------------+-------+---------+---------+
       Total:                        14      228       0      
                                                              
    C:/ti/simplelink_msp432p4_sdk_3_10_00_08/source/ti/devices/msp432p4xx/driverlib/ccs/msp432p4xx_driverlib.lib
       timer_a.o                     748     0         0      
       cs.o                          404     0         0      
       gpio.o                        144     48        0      
       interrupt.o                   144     8         0      
       cpu.o                         12      0         0      
    +--+-----------------------------+-------+---------+---------+
       Total:                        1452    56        0      
                                                              
    C:\ti\ccs901\ccs\tools\compiler\ti-cgt-arm_18.12.1.LTS\lib\rtsv7M4_T_le_v4SPD16_eabi.lib
       _printfi.c.obj                4851    0         0      
       fd_add_t2.asm.obj             438     0         0      
       fd_div_t2.asm.obj             310     0         0      
       s_scalbn.c.obj                272     0         0      
       fd_cmp_t2.asm.obj             268     0         0      
       ctype.c.obj                   0       257       0      
       fd_mul_t2.asm.obj             252     0         0      
       memcpy_t2.asm.obj             156     0         0      
       ull_div_t2.asm.obj            150     0         0      
       memset_t2.asm.obj             122     0         0      
       copy_decompress_lzss.c.obj    104     0         0      
       s_frexp.c.obj                 100     0         0      
       sprintf.c.obj                 98      0         0      
       ltoa.c.obj                    84      0         0      
       atoi.c.obj                    76      0         0      
       fd_toi_t2.asm.obj             72      0         0      
       autoinit.c.obj                68      0         0      
       boot_cortex_m.c.obj           52      0         0      
       i_tofd_t2.asm.obj             46      0         0      
       memccpy.c.obj                 28      0         0      
       s_copysign.c.obj              26      0         0      
       strchr.c.obj                  22      0         0      
       strlen.c.obj                  20      0         0      
       copy_zero_init.c.obj          18      0         0      
       wcslen.c.obj                  18      0         0      
       errno.c.obj                   8       0         8      
       copy_decompress_none.c.obj    14      0         0      
       exit.c.obj                    4       0         0      
       pre_init.c.obj                4       0         0      
       div0.asm.obj                  2       0         0      
    +--+-----------------------------+-------+---------+---------+
       Total:                        7683    257       8      
                                                              
       Stack:                        0       0         1024   
       Linker Generated:             0       43        0      
    +--+-----------------------------+-------+---------+---------+
       Grand Total:                  10052   684       1100   


LINKER GENERATED COPY TABLES

__TI_cinit_table @ 000029f8 records: 2, size/record: 8, table size: 16
	.bss: load addr=000029e8, load size=00000008 bytes, run addr=20000000, run size=00000022 bytes, compression=zero_init
	.data: load addr=000029f0, load size=00000007 bytes, run addr=20000024, run size=00000004 bytes, compression=lzss


LINKER GENERATED HANDLER TABLE

__TI_handler_table @ 000029d8 records: 3, size/record: 4, table size: 12
	index: 0, handler: __TI_decompress_lzss
	index: 1, handler: __TI_decompress_none
	index: 2, handler: __TI_zero_init


GLOBAL SYMBOLS: SORTED ALPHABETICALLY BY Name 

address   name                                
-------   ----                                
00000b33  ADC14_IRQHandler                    
00000b33  AES256_IRQHandler                   
00000b33  BusFault_Handler                    
00002831  C$$EXIT                             
00000b33  COMP_E0_IRQHandler                  
00000b33  COMP_E1_IRQHandler                  
00002803  CPU_cpsie                           
00000b33  CS_IRQHandler                       
000014e5  CS_initClockSignal                  
000024fd  CS_setDCOCenteredFrequency          
00002599  CS_setReferenceOscillatorFrequency  
00000b33  DMA_ERR_IRQHandler                  
00000b33  DMA_INT0_IRQHandler                 
00000b33  DMA_INT1_IRQHandler                 
00000b33  DMA_INT2_IRQHandler                 
00000b33  DMA_INT3_IRQHandler                 
00000b33  DebugMon_Handler                    
00000b33  Default_Handler                     
00001f31  EUSCIA0_IRQHandler                  
00001f31  EUSCIA0_IRQHandler                  
00000b33  EUSCIA1_IRQHandler                  
00000b33  EUSCIA2_IRQHandler                  
00000b33  EUSCIA3_IRQHandler                  
00000b33  EUSCIB0_IRQHandler                  
00000b33  EUSCIB1_IRQHandler                  
00000b33  EUSCIB2_IRQHandler                  
00000b33  EUSCIB3_IRQHandler                  
00000b33  FLCTL_IRQHandler                    
00000b33  FPU_IRQHandler                      
0000243d  GPIO_setAsOutputPin                 
00002625  GPIO_setOutputLowOnPin              
0000264d  GPIO_toggleOutputOnPin              
00000b33  HardFault_Handler                   
00001d45  Interrupt_enableInterrupt           
000027e5  Interrupt_enableMaster              
00000b33  MemManage_Handler                   
00000b33  NMI_Handler                         
00000b33  PCM_IRQHandler                      
00000b33  PORT1_IRQHandler                    
00000b33  PORT2_IRQHandler                    
00000b33  PORT3_IRQHandler                    
00000b33  PORT4_IRQHandler                    
00000b33  PORT5_IRQHandler                    
00000b33  PORT6_IRQHandler                    
00000b33  PSS_IRQHandler                      
00000b33  PendSV_Handler                      
00000b33  RTC_C_IRQHandler                    
0000280f  Reset_Handler                       
00000b33  SVC_Handler                         
00000b33  SysTick_Handler                     
00001e41  SystemInit                          
00000b33  T32_INT1_IRQHandler                 
00000b33  T32_INT2_IRQHandler                 
00000b33  T32_INTC_IRQHandler                 
00000b33  TA0_0_IRQHandler                    
000026bd  TA0_N_IRQHandler                    
000026bd  TA0_N_IRQHandler                    
00002675  TA1_0_IRQHandler                    
00002675  TA1_0_IRQHandler                    
00000b33  TA1_N_IRQHandler                    
00002699  TA2_0_IRQHandler                    
00002699  TA2_0_IRQHandler                    
000026dd  TA2_N_IRQHandler                    
000026dd  TA2_N_IRQHandler                    
00000b33  TA3_0_IRQHandler                    
00000b33  TA3_N_IRQHandler                    
000025f9  Timer_A_clearCaptureCompareInterrupt
0000276b  Timer_A_clearInterruptFlag          
00002531  Timer_A_configureContinuousMode     
00002081  Timer_A_configureUpDownMode         
000020e9  Timer_A_configureUpMode             
00002319  Timer_A_getCounterValue             
00002781  Timer_A_startCounter                
00000b33  UsageFault_Handler                  
4000480c  WDTCTL_SYM                          
00000b33  WDT_A_IRQHandler                    
20010000  __STACK_END                         
00000200  __STACK_SIZE                        
000029f8  __TI_CINIT_Base                     
00002a08  __TI_CINIT_Limit                    
000029d8  __TI_Handler_Table_Base             
000029e4  __TI_Handler_Table_Limit            
000023f9  __TI_auto_init_nobinit_nopinit      
00002151  __TI_decompress_lzss                
000027f5  __TI_decompress_none                
ffffffff  __TI_pprof_out_hndl                 
000000e5  __TI_printfi                        
ffffffff  __TI_prof_data_size                 
ffffffff  __TI_prof_data_start                
00000000  __TI_static_base__                  
000027c1  __TI_zero_init_nomemset             
00001c39  __aeabi_cdcmpeq                     
00001c39  __aeabi_cdcmple                     
00001cbf  __aeabi_cdrcmple                    
000023b1  __aeabi_d2iz                        
00000f7f  __aeabi_dadd                        
000013ad  __aeabi_ddiv                        
00001959  __aeabi_dmul                        
00000f75  __aeabi_dsub                        
00002825  __aeabi_errno_addr                  
000025c9  __aeabi_i2d                         
0000112b  __aeabi_idiv0                       
0000112b  __aeabi_ldiv0                       
00001dc5  __aeabi_memclr                      
00001dc5  __aeabi_memclr4                     
00001dc5  __aeabi_memclr8                     
00001b07  __aeabi_memcpy                      
00001b07  __aeabi_memcpy4                     
00001b07  __aeabi_memcpy8                     
00001dc7  __aeabi_memset                      
00001dc7  __aeabi_memset4                     
00001dc7  __aeabi_memset8                     
00001ba3  __aeabi_uldivmod                    
ffffffff  __binit__                           
ffffffff  __c_args__                          
UNDEFED   __mpu_init                          
2000fe00  __stack                             
00002565  _c_int00_noargs                     
00002834  _ctypes_                            
UNDEFED   _system_post_cinit                  
0000282d  _system_pre_init                    
00002831  abort                               
00002365  atoi                                
ffffffff  binit                               
000029bc  continuousModeConfig                
00002739  copysign                            
00002739  copysignl                           
20000024  errno                               
000021b9  frexp                               
000021b9  frexpl                              
00001eb9  initUART                            
00000000  interruptVectors                    
00001849  ldexp                               
00001849  ldexpl                              
00002273  ltoa                                
00001739  main                                
0000271d  memccpy                             
00001b07  memcpy                              
00001dcd  memset                              
20000000  ringBuffer                          
00001849  scalbn                              
00001849  scalbnl                             
0000247d  sprintf                             
00002797  strchr                              
000027ad  strlen                              
00002968  uartConfig                          
0000298c  upConfig                            
000029a4  updownConfig                        
000027d3  wcslen                              
000026fd  writeInt                            
00002015  writeString                         


GLOBAL SYMBOLS: SORTED BY Symbol Address 

address   name                                
-------   ----                                
00000000  __TI_static_base__                  
00000000  interruptVectors                    
000000e5  __TI_printfi                        
00000200  __STACK_SIZE                        
00000b33  ADC14_IRQHandler                    
00000b33  AES256_IRQHandler                   
00000b33  BusFault_Handler                    
00000b33  COMP_E0_IRQHandler                  
00000b33  COMP_E1_IRQHandler                  
00000b33  CS_IRQHandler                       
00000b33  DMA_ERR_IRQHandler                  
00000b33  DMA_INT0_IRQHandler                 
00000b33  DMA_INT1_IRQHandler                 
00000b33  DMA_INT2_IRQHandler                 
00000b33  DMA_INT3_IRQHandler                 
00000b33  DebugMon_Handler                    
00000b33  Default_Handler                     
00000b33  EUSCIA1_IRQHandler                  
00000b33  EUSCIA2_IRQHandler                  
00000b33  EUSCIA3_IRQHandler                  
00000b33  EUSCIB0_IRQHandler                  
00000b33  EUSCIB1_IRQHandler                  
00000b33  EUSCIB2_IRQHandler                  
00000b33  EUSCIB3_IRQHandler                  
00000b33  FLCTL_IRQHandler                    
00000b33  FPU_IRQHandler                      
00000b33  HardFault_Handler                   
00000b33  MemManage_Handler                   
00000b33  NMI_Handler                         
00000b33  PCM_IRQHandler                      
00000b33  PORT1_IRQHandler                    
00000b33  PORT2_IRQHandler                    
00000b33  PORT3_IRQHandler                    
00000b33  PORT4_IRQHandler                    
00000b33  PORT5_IRQHandler                    
00000b33  PORT6_IRQHandler                    
00000b33  PSS_IRQHandler                      
00000b33  PendSV_Handler                      
00000b33  RTC_C_IRQHandler                    
00000b33  SVC_Handler                         
00000b33  SysTick_Handler                     
00000b33  T32_INT1_IRQHandler                 
00000b33  T32_INT2_IRQHandler                 
00000b33  T32_INTC_IRQHandler                 
00000b33  TA0_0_IRQHandler                    
00000b33  TA1_N_IRQHandler                    
00000b33  TA3_0_IRQHandler                    
00000b33  TA3_N_IRQHandler                    
00000b33  UsageFault_Handler                  
00000b33  WDT_A_IRQHandler                    
00000f75  __aeabi_dsub                        
00000f7f  __aeabi_dadd                        
0000112b  __aeabi_idiv0                       
0000112b  __aeabi_ldiv0                       
000013ad  __aeabi_ddiv                        
000014e5  CS_initClockSignal                  
00001739  main                                
00001849  ldexp                               
00001849  ldexpl                              
00001849  scalbn                              
00001849  scalbnl                             
00001959  __aeabi_dmul                        
00001b07  __aeabi_memcpy                      
00001b07  __aeabi_memcpy4                     
00001b07  __aeabi_memcpy8                     
00001b07  memcpy                              
00001ba3  __aeabi_uldivmod                    
00001c39  __aeabi_cdcmpeq                     
00001c39  __aeabi_cdcmple                     
00001cbf  __aeabi_cdrcmple                    
00001d45  Interrupt_enableInterrupt           
00001dc5  __aeabi_memclr                      
00001dc5  __aeabi_memclr4                     
00001dc5  __aeabi_memclr8                     
00001dc7  __aeabi_memset                      
00001dc7  __aeabi_memset4                     
00001dc7  __aeabi_memset8                     
00001dcd  memset                              
00001e41  SystemInit                          
00001eb9  initUART                            
00001f31  EUSCIA0_IRQHandler                  
00001f31  EUSCIA0_IRQHandler                  
00002015  writeString                         
00002081  Timer_A_configureUpDownMode         
000020e9  Timer_A_configureUpMode             
00002151  __TI_decompress_lzss                
000021b9  frexp                               
000021b9  frexpl                              
00002273  ltoa                                
00002319  Timer_A_getCounterValue             
00002365  atoi                                
000023b1  __aeabi_d2iz                        
000023f9  __TI_auto_init_nobinit_nopinit      
0000243d  GPIO_setAsOutputPin                 
0000247d  sprintf                             
000024fd  CS_setDCOCenteredFrequency          
00002531  Timer_A_configureContinuousMode     
00002565  _c_int00_noargs                     
00002599  CS_setReferenceOscillatorFrequency  
000025c9  __aeabi_i2d                         
000025f9  Timer_A_clearCaptureCompareInterrupt
00002625  GPIO_setOutputLowOnPin              
0000264d  GPIO_toggleOutputOnPin              
00002675  TA1_0_IRQHandler                    
00002675  TA1_0_IRQHandler                    
00002699  TA2_0_IRQHandler                    
00002699  TA2_0_IRQHandler                    
000026bd  TA0_N_IRQHandler                    
000026bd  TA0_N_IRQHandler                    
000026dd  TA2_N_IRQHandler                    
000026dd  TA2_N_IRQHandler                    
000026fd  writeInt                            
0000271d  memccpy                             
00002739  copysign                            
00002739  copysignl                           
0000276b  Timer_A_clearInterruptFlag          
00002781  Timer_A_startCounter                
00002797  strchr                              
000027ad  strlen                              
000027c1  __TI_zero_init_nomemset             
000027d3  wcslen                              
000027e5  Interrupt_enableMaster              
000027f5  __TI_decompress_none                
00002803  CPU_cpsie                           
0000280f  Reset_Handler                       
00002825  __aeabi_errno_addr                  
0000282d  _system_pre_init                    
00002831  C$$EXIT                             
00002831  abort                               
00002834  _ctypes_                            
00002968  uartConfig                          
0000298c  upConfig                            
000029a4  updownConfig                        
000029bc  continuousModeConfig                
000029d8  __TI_Handler_Table_Base             
000029e4  __TI_Handler_Table_Limit            
000029f8  __TI_CINIT_Base                     
00002a08  __TI_CINIT_Limit                    
20000000  ringBuffer                          
20000024  errno                               
2000fe00  __stack                             
20010000  __STACK_END                         
4000480c  WDTCTL_SYM                          
ffffffff  __TI_pprof_out_hndl                 
ffffffff  __TI_prof_data_size                 
ffffffff  __TI_prof_data_start                
ffffffff  __binit__                           
ffffffff  __c_args__                          
ffffffff  binit                               
UNDEFED   __mpu_init                          
UNDEFED   _system_post_cinit                  

[151 symbols]
