******************************************************************************
                  TI ARM Linker PC v18.12.1                    
******************************************************************************
>> Linked Thu Jul 11 13:34:26 2019

OUTPUT FILE NAME:   <bit_operations_MSP_EXP432P401R_nortos_ccs.out>
ENTRY POINT SYMBOL: "_c_int00_noargs"  address: 00002141


MEMORY CONFIGURATION

         name            origin    length      used     unused   attr    fill
----------------------  --------  ---------  --------  --------  ----  --------
  MAIN                  00000000   00040000  0000240c  0003dbf4  R  X
  INFO                  00200000   00004000  00000000  00004000  R  X
  SRAM_CODE             01000000   00010000  00000226  0000fdda  RW X
  SRAM_DATA             20000000   00010000  00000226  0000fdda  RW  


SEGMENT ALLOCATION MAP

run origin  load origin   length   init length attrs members
----------  ----------- ---------- ----------- ----- -------
00000000    00000000    00002410   00002410    r-x
  00000000    00000000    000000e4   000000e4    r-- .intvecs
  000000e4    000000e4    000021d0   000021d0    r-x .text
  000022b4    000022b4    00000128   00000128    r-- .const
  000023e0    000023e0    00000030   00000030    r-- .cinit
20000000    20000000    00000028   00000000    rw-
  20000000    20000000    00000022   00000000    rw- .bss
  20000024    20000024    00000004   00000000    rw- .data
2000fe00    2000fe00    00000200   00000000    rw-
  2000fe00    2000fe00    00000200   00000000    rw- .stack


SECTION ALLOCATION MAP

 output                                  attributes/
section   page    origin      length       input sections
--------  ----  ----------  ----------   ----------------
.intvecs   0    00000000    000000e4     
                  00000000    000000e4     startup_msp432p401r_ccs.obj (.intvecs:retain)

.text      0    000000e4    000021d0     
                  000000e4    00000a4e     rtsv7M4_T_le_v4SPD16_eabi.lib : _printfi.c.obj (.text:__TI_printfi)
                  00000b32    00000002     startup_msp432p401r_ccs.obj (.text:Default_Handler)
                  00000b34    00000270     rtsv7M4_T_le_v4SPD16_eabi.lib : _printfi.c.obj (.text:_pconv_a)
                  00000da4    000001d0                                   : _printfi.c.obj (.text:_pconv_g)
                  00000f74    000001b6                                   : fd_add_t2.asm.obj (.text)
                  0000112a    00000002                                   : div0.asm.obj (.text)
                  0000112c    0000013c                                   : _printfi.c.obj (.text:_pconv_e)
                  00001268    00000136                                   : fd_div_t2.asm.obj (.text)
                  0000139e    00000002     --HOLE-- [fill = 0]
                  000013a0    00000124                                   : _printfi.c.obj (.text:fcvt)
                  000014c4    00000110                                   : s_scalbn.c.obj (.text:scalbn)
                  000015d4    000000fc                                   : fd_mul_t2.asm.obj (.text)
                  000016d0    000000b1                                   : _printfi.c.obj (.text:_ltostr)
                  00001781    00000001     --HOLE-- [fill = 0]
                  00001782    0000009c                                   : memcpy_t2.asm.obj (.text)
                  0000181e    00000096                                   : ull_div_t2.asm.obj (.text)
                  000018b4    0000008c     main.obj (.text:main)
                  00001940    00000086     rtsv7M4_T_le_v4SPD16_eabi.lib : fd_cmp_t2.asm.obj (.text:__aeabi_cdcmple)
                  000019c6    00000086                                   : fd_cmp_t2.asm.obj (.text:__aeabi_cdrcmple)
                  00001a4c    00000080     uart_functions.obj (.text:initUART)
                  00001acc    0000007a     rtsv7M4_T_le_v4SPD16_eabi.lib : memset_t2.asm.obj (.text)
                  00001b46    00000002     --HOLE-- [fill = 0]
                  00001b48    00000078     system_msp432p401r.obj (.text:SystemInit)
                  00001bc0    00000074     uart_functions.obj (.text:EUSCIA0_IRQHandler)
                  00001c34    0000006e     rtsv7M4_T_le_v4SPD16_eabi.lib : _printfi.c.obj (.text:_mcpy)
                  00001ca2    00000002     --HOLE-- [fill = 0]
                  00001ca4    0000006c     uart_functions.obj (.text:writeString)
                  00001d10    00000068     rtsv7M4_T_le_v4SPD16_eabi.lib : copy_decompress_lzss.c.obj (.text:decompress:lzss:__TI_decompress_lzss)
                  00001d78    00000064                                   : s_frexp.c.obj (.text:frexp)
                  00001ddc    00000056                                   : _printfi.c.obj (.text:_pconv_f)
                  00001e32    00000054                                   : ltoa.c.obj (.text:ltoa)
                  00001e86    00000052                                   : _printfi.c.obj (.text:_ecpy)
                  00001ed8    00000052     bit_operations.obj (.text:rearrangeBits)
                  00001f2a    00000002     --HOLE-- [fill = 0]
                  00001f2c    0000004c     rtsv7M4_T_le_v4SPD16_eabi.lib : atoi.c.obj (.text:atoi)
                  00001f78    00000048                                   : fd_toi_t2.asm.obj (.text)
                  00001fc0    00000044                                   : autoinit.c.obj (.text:__TI_auto_init_nobinit_nopinit:__TI_auto_init_nobinit_nopinit)
                  00002004    00000044     bit_operations.obj (.text:isPowerOfTwo)
                  00002048    00000042     bit_operations.obj (.text:countBits)
                  0000208a    00000002     --HOLE-- [fill = 0]
                  0000208c    00000040     rtsv7M4_T_le_v4SPD16_eabi.lib : sprintf.c.obj (.text:sprintf)
                  000020cc    0000003e                                   : _printfi.c.obj (.text:_fcpy)
                  0000210a    00000002     --HOLE-- [fill = 0]
                  0000210c    00000034     msp432p4xx_driverlib.lib : cs.o (.text:CS_setDCOCenteredFrequency)
                  00002140    00000034     rtsv7M4_T_le_v4SPD16_eabi.lib : boot_cortex_m.c.obj (.text:_c_int00_noargs:_c_int00_noargs)
                  00002174    0000002e                                   : i_tofd_t2.asm.obj (.text)
                  000021a2    00000002     --HOLE-- [fill = 0]
                  000021a4    0000001f     uart_functions.obj (.text:writeHex)
                  000021c3    00000001     --HOLE-- [fill = 0]
                  000021c4    0000001f     uart_functions.obj (.text:writeInt)
                  000021e3    00000001     --HOLE-- [fill = 0]
                  000021e4    0000001c     rtsv7M4_T_le_v4SPD16_eabi.lib : memccpy.c.obj (.text:memccpy)
                  00002200    0000001a                                   : s_copysign.c.obj (.text:copysign)
                  0000221a    00000018                                   : sprintf.c.obj (.text:_outs)
                  00002232    00000016                                   : strchr.c.obj (.text:strchr)
                  00002248    00000014                                   : strlen.c.obj (.text:strlen)
                  0000225c    00000012                                   : copy_zero_init.c.obj (.text:decompress:ZI:__TI_zero_init_nomemset:__TI_zero_init_nomemset)
                  0000226e    00000012                                   : wcslen.c.obj (.text:wcslen)
                  00002280    0000000e                                   : copy_decompress_none.c.obj (.text:decompress:none:__TI_decompress_none)
                  0000228e    0000000c     startup_msp432p401r_ccs.obj (.text:Reset_Handler)
                  0000229a    0000000a     rtsv7M4_T_le_v4SPD16_eabi.lib : sprintf.c.obj (.text:_outc)
                  000022a4    00000008                                   : errno.c.obj (.text:__aeabi_errno_addr)
                  000022ac    00000004                                   : pre_init.c.obj (.text:_system_pre_init)
                  000022b0    00000004                                   : exit.c.obj (.text:abort:abort)

.const     0    000022b4    00000128     
                  000022b4    00000101     rtsv7M4_T_le_v4SPD16_eabi.lib : ctype.c.obj (.const:.string:_ctypes_)
                  000023b5    00000003     --HOLE-- [fill = 0]
                  000023b8    00000024     uart_functions.obj (.const:uartConfig)

.cinit     0    000023e0    00000030     
                  000023e0    0000000c     (__TI_handler_table)
                  000023ec    00000004     --HOLE-- [fill = 0]
                  000023f0    00000008     (.cinit..bss.load) [load image, compression = zero_init]
                  000023f8    00000007     (.cinit..data.load) [load image, compression = lzss]
                  000023ff    00000001     --HOLE-- [fill = 0]
                  00002400    00000010     (__TI_cinit_table)

.init_array 
*          0    00000000    00000000     UNINITIALIZED

.binit     0    00000000    00000000     

.bss       0    20000000    00000022     UNINITIALIZED
                  20000000    00000022     (.common:ringBuffer)

.data      0    20000024    00000004     UNINITIALIZED
                  20000024    00000004     rtsv7M4_T_le_v4SPD16_eabi.lib : errno.c.obj (.data)

.stack     0    2000fe00    00000200     UNINITIALIZED
                  2000fe00    00000004     rtsv7M4_T_le_v4SPD16_eabi.lib : boot_cortex_m.c.obj (.stack)
                  2000fe04    000001fc     --HOLE--

MODULE SUMMARY

       Module                        code   ro data   rw data
       ------                        ----   -------   -------
    .\
       uart_functions.obj            414    36        68     
       bit_operations.obj            216    0         0      
       main.obj                      140    0         0      
       system_msp432p401r.obj        120    0         0      
    +--+-----------------------------+------+---------+---------+
       Total:                        890    36        68     
                                                             
    .\ccs\
       startup_msp432p401r_ccs.obj   14     228       0      
    +--+-----------------------------+------+---------+---------+
       Total:                        14     228       0      
                                                             
    C:/ti/simplelink_msp432p4_sdk_3_20_00_06/source/ti/devices/msp432p4xx/driverlib/ccs/msp432p4xx_driverlib.lib
       cs.o                          52     0         0      
    +--+-----------------------------+------+---------+---------+
       Total:                        52     0         0      
                                                             
    C:\ti\ccs901\ccs\tools\compiler\ti-cgt-arm_18.12.1.LTS\lib\rtsv7M4_T_le_v4SPD16_eabi.lib
       _printfi.c.obj                4851   0         0      
       fd_add_t2.asm.obj             438    0         0      
       fd_div_t2.asm.obj             310    0         0      
       s_scalbn.c.obj                272    0         0      
       fd_cmp_t2.asm.obj             268    0         0      
       ctype.c.obj                   0      257       0      
       fd_mul_t2.asm.obj             252    0         0      
       memcpy_t2.asm.obj             156    0         0      
       ull_div_t2.asm.obj            150    0         0      
       memset_t2.asm.obj             122    0         0      
       copy_decompress_lzss.c.obj    104    0         0      
       s_frexp.c.obj                 100    0         0      
       sprintf.c.obj                 98     0         0      
       ltoa.c.obj                    84     0         0      
       atoi.c.obj                    76     0         0      
       fd_toi_t2.asm.obj             72     0         0      
       autoinit.c.obj                68     0         0      
       boot_cortex_m.c.obj           52     0         0      
       i_tofd_t2.asm.obj             46     0         0      
       memccpy.c.obj                 28     0         0      
       s_copysign.c.obj              26     0         0      
       strchr.c.obj                  22     0         0      
       strlen.c.obj                  20     0         0      
       copy_zero_init.c.obj          18     0         0      
       wcslen.c.obj                  18     0         0      
       errno.c.obj                   8      0         8      
       copy_decompress_none.c.obj    14     0         0      
       exit.c.obj                    4      0         0      
       pre_init.c.obj                4      0         0      
       div0.asm.obj                  2      0         0      
    +--+-----------------------------+------+---------+---------+
       Total:                        7683   257       8      
                                                             
       Stack:                        0      0         1024   
       Linker Generated:             0      43        0      
    +--+-----------------------------+------+---------+---------+
       Grand Total:                  8639   564       1100   


LINKER GENERATED COPY TABLES

__TI_cinit_table @ 00002400 records: 2, size/record: 8, table size: 16
	.bss: load addr=000023f0, load size=00000008 bytes, run addr=20000000, run size=00000022 bytes, compression=zero_init
	.data: load addr=000023f8, load size=00000007 bytes, run addr=20000024, run size=00000004 bytes, compression=lzss


LINKER GENERATED HANDLER TABLE

__TI_handler_table @ 000023e0 records: 3, size/record: 4, table size: 12
	index: 0, handler: __TI_decompress_lzss
	index: 1, handler: __TI_decompress_none
	index: 2, handler: __TI_zero_init


GLOBAL SYMBOLS: SORTED ALPHABETICALLY BY Name 

address   name                          
-------   ----                          
00000b33  ADC14_IRQHandler              
00000b33  AES256_IRQHandler             
00000b33  BusFault_Handler              
000022b1  C$$EXIT                       
00000b33  COMP_E0_IRQHandler            
00000b33  COMP_E1_IRQHandler            
00000b33  CS_IRQHandler                 
0000210d  CS_setDCOCenteredFrequency    
00000b33  DMA_ERR_IRQHandler            
00000b33  DMA_INT0_IRQHandler           
00000b33  DMA_INT1_IRQHandler           
00000b33  DMA_INT2_IRQHandler           
00000b33  DMA_INT3_IRQHandler           
00000b33  DebugMon_Handler              
00000b33  Default_Handler               
00001bc1  EUSCIA0_IRQHandler            
00001bc1  EUSCIA0_IRQHandler            
00000b33  EUSCIA1_IRQHandler            
00000b33  EUSCIA2_IRQHandler            
00000b33  EUSCIA3_IRQHandler            
00000b33  EUSCIB0_IRQHandler            
00000b33  EUSCIB1_IRQHandler            
00000b33  EUSCIB2_IRQHandler            
00000b33  EUSCIB3_IRQHandler            
00000b33  FLCTL_IRQHandler              
00000b33  FPU_IRQHandler                
00000b33  HardFault_Handler             
00000b33  MemManage_Handler             
00000b33  NMI_Handler                   
00000b33  PCM_IRQHandler                
00000b33  PORT1_IRQHandler              
00000b33  PORT2_IRQHandler              
00000b33  PORT3_IRQHandler              
00000b33  PORT4_IRQHandler              
00000b33  PORT5_IRQHandler              
00000b33  PORT6_IRQHandler              
00000b33  PSS_IRQHandler                
00000b33  PendSV_Handler                
00000b33  RTC_C_IRQHandler              
0000228f  Reset_Handler                 
00000b33  SVC_Handler                   
00000b33  SysTick_Handler               
00001b49  SystemInit                    
00000b33  T32_INT1_IRQHandler           
00000b33  T32_INT2_IRQHandler           
00000b33  T32_INTC_IRQHandler           
00000b33  TA0_0_IRQHandler              
00000b33  TA0_N_IRQHandler              
00000b33  TA1_0_IRQHandler              
00000b33  TA1_N_IRQHandler              
00000b33  TA2_0_IRQHandler              
00000b33  TA2_N_IRQHandler              
00000b33  TA3_0_IRQHandler              
00000b33  TA3_N_IRQHandler              
00000b33  UsageFault_Handler            
4000480c  WDTCTL_SYM                    
00000b33  WDT_A_IRQHandler              
20010000  __STACK_END                   
00000200  __STACK_SIZE                  
00002400  __TI_CINIT_Base               
00002410  __TI_CINIT_Limit              
000023e0  __TI_Handler_Table_Base       
000023ec  __TI_Handler_Table_Limit      
00001fc1  __TI_auto_init_nobinit_nopinit
00001d11  __TI_decompress_lzss          
00002281  __TI_decompress_none          
ffffffff  __TI_pprof_out_hndl           
000000e5  __TI_printfi                  
ffffffff  __TI_prof_data_size           
ffffffff  __TI_prof_data_start          
00000000  __TI_static_base__            
0000225d  __TI_zero_init_nomemset       
00001941  __aeabi_cdcmpeq               
00001941  __aeabi_cdcmple               
000019c7  __aeabi_cdrcmple              
00001f79  __aeabi_d2iz                  
00000f7f  __aeabi_dadd                  
00001269  __aeabi_ddiv                  
000015d5  __aeabi_dmul                  
00000f75  __aeabi_dsub                  
000022a5  __aeabi_errno_addr            
00002175  __aeabi_i2d                   
0000112b  __aeabi_idiv0                 
0000112b  __aeabi_ldiv0                 
00001acd  __aeabi_memclr                
00001acd  __aeabi_memclr4               
00001acd  __aeabi_memclr8               
00001783  __aeabi_memcpy                
00001783  __aeabi_memcpy4               
00001783  __aeabi_memcpy8               
00001acf  __aeabi_memset                
00001acf  __aeabi_memset4               
00001acf  __aeabi_memset8               
0000181f  __aeabi_uldivmod              
ffffffff  __binit__                     
ffffffff  __c_args__                    
UNDEFED   __mpu_init                    
2000fe00  __stack                       
00002141  _c_int00_noargs               
000022b4  _ctypes_                      
UNDEFED   _system_post_cinit            
000022ad  _system_pre_init              
000022b1  abort                         
00001f2d  atoi                          
ffffffff  binit                         
00002201  copysign                      
00002201  copysignl                     
00002049  countBits                     
20000024  errno                         
00001d79  frexp                         
00001d79  frexpl                        
00001a4d  initUART                      
00000000  interruptVectors              
00002005  isPowerOfTwo                  
000014c5  ldexp                         
000014c5  ldexpl                        
00001e33  ltoa                          
000018b5  main                          
000021e5  memccpy                       
00001783  memcpy                        
00001ad5  memset                        
00001ed9  rearrangeBits                 
20000000  ringBuffer                    
000014c5  scalbn                        
000014c5  scalbnl                       
0000208d  sprintf                       
00002233  strchr                        
00002249  strlen                        
000023b8  uartConfig                    
0000226f  wcslen                        
000021a5  writeHex                      
000021c5  writeInt                      
00001ca5  writeString                   


GLOBAL SYMBOLS: SORTED BY Symbol Address 

address   name                          
-------   ----                          
00000000  __TI_static_base__            
00000000  interruptVectors              
000000e5  __TI_printfi                  
00000200  __STACK_SIZE                  
00000b33  ADC14_IRQHandler              
00000b33  AES256_IRQHandler             
00000b33  BusFault_Handler              
00000b33  COMP_E0_IRQHandler            
00000b33  COMP_E1_IRQHandler            
00000b33  CS_IRQHandler                 
00000b33  DMA_ERR_IRQHandler            
00000b33  DMA_INT0_IRQHandler           
00000b33  DMA_INT1_IRQHandler           
00000b33  DMA_INT2_IRQHandler           
00000b33  DMA_INT3_IRQHandler           
00000b33  DebugMon_Handler              
00000b33  Default_Handler               
00000b33  EUSCIA1_IRQHandler            
00000b33  EUSCIA2_IRQHandler            
00000b33  EUSCIA3_IRQHandler            
00000b33  EUSCIB0_IRQHandler            
00000b33  EUSCIB1_IRQHandler            
00000b33  EUSCIB2_IRQHandler            
00000b33  EUSCIB3_IRQHandler            
00000b33  FLCTL_IRQHandler              
00000b33  FPU_IRQHandler                
00000b33  HardFault_Handler             
00000b33  MemManage_Handler             
00000b33  NMI_Handler                   
00000b33  PCM_IRQHandler                
00000b33  PORT1_IRQHandler              
00000b33  PORT2_IRQHandler              
00000b33  PORT3_IRQHandler              
00000b33  PORT4_IRQHandler              
00000b33  PORT5_IRQHandler              
00000b33  PORT6_IRQHandler              
00000b33  PSS_IRQHandler                
00000b33  PendSV_Handler                
00000b33  RTC_C_IRQHandler              
00000b33  SVC_Handler                   
00000b33  SysTick_Handler               
00000b33  T32_INT1_IRQHandler           
00000b33  T32_INT2_IRQHandler           
00000b33  T32_INTC_IRQHandler           
00000b33  TA0_0_IRQHandler              
00000b33  TA0_N_IRQHandler              
00000b33  TA1_0_IRQHandler              
00000b33  TA1_N_IRQHandler              
00000b33  TA2_0_IRQHandler              
00000b33  TA2_N_IRQHandler              
00000b33  TA3_0_IRQHandler              
00000b33  TA3_N_IRQHandler              
00000b33  UsageFault_Handler            
00000b33  WDT_A_IRQHandler              
00000f75  __aeabi_dsub                  
00000f7f  __aeabi_dadd                  
0000112b  __aeabi_idiv0                 
0000112b  __aeabi_ldiv0                 
00001269  __aeabi_ddiv                  
000014c5  ldexp                         
000014c5  ldexpl                        
000014c5  scalbn                        
000014c5  scalbnl                       
000015d5  __aeabi_dmul                  
00001783  __aeabi_memcpy                
00001783  __aeabi_memcpy4               
00001783  __aeabi_memcpy8               
00001783  memcpy                        
0000181f  __aeabi_uldivmod              
000018b5  main                          
00001941  __aeabi_cdcmpeq               
00001941  __aeabi_cdcmple               
000019c7  __aeabi_cdrcmple              
00001a4d  initUART                      
00001acd  __aeabi_memclr                
00001acd  __aeabi_memclr4               
00001acd  __aeabi_memclr8               
00001acf  __aeabi_memset                
00001acf  __aeabi_memset4               
00001acf  __aeabi_memset8               
00001ad5  memset                        
00001b49  SystemInit                    
00001bc1  EUSCIA0_IRQHandler            
00001bc1  EUSCIA0_IRQHandler            
00001ca5  writeString                   
00001d11  __TI_decompress_lzss          
00001d79  frexp                         
00001d79  frexpl                        
00001e33  ltoa                          
00001ed9  rearrangeBits                 
00001f2d  atoi                          
00001f79  __aeabi_d2iz                  
00001fc1  __TI_auto_init_nobinit_nopinit
00002005  isPowerOfTwo                  
00002049  countBits                     
0000208d  sprintf                       
0000210d  CS_setDCOCenteredFrequency    
00002141  _c_int00_noargs               
00002175  __aeabi_i2d                   
000021a5  writeHex                      
000021c5  writeInt                      
000021e5  memccpy                       
00002201  copysign                      
00002201  copysignl                     
00002233  strchr                        
00002249  strlen                        
0000225d  __TI_zero_init_nomemset       
0000226f  wcslen                        
00002281  __TI_decompress_none          
0000228f  Reset_Handler                 
000022a5  __aeabi_errno_addr            
000022ad  _system_pre_init              
000022b1  C$$EXIT                       
000022b1  abort                         
000022b4  _ctypes_                      
000023b8  uartConfig                    
000023e0  __TI_Handler_Table_Base       
000023ec  __TI_Handler_Table_Limit      
00002400  __TI_CINIT_Base               
00002410  __TI_CINIT_Limit              
20000000  ringBuffer                    
20000024  errno                         
2000fe00  __stack                       
20010000  __STACK_END                   
4000480c  WDTCTL_SYM                    
ffffffff  __TI_pprof_out_hndl           
ffffffff  __TI_prof_data_size           
ffffffff  __TI_prof_data_start          
ffffffff  __binit__                     
ffffffff  __c_args__                    
ffffffff  binit                         
UNDEFED   __mpu_init                    
UNDEFED   _system_post_cinit            

[133 symbols]
