******************************************************************************
                  TI ARM Linker PC v18.12.1                    
******************************************************************************
>> Linked Mon Jul 29 11:54:19 2019

OUTPUT FILE NAME:   <Lab3C_MSP_EXP432P401R_nortos_ccs.out>
ENTRY POINT SYMBOL: "_c_int00_noargs"  address: 000009b5


MEMORY CONFIGURATION

         name            origin    length      used     unused   attr    fill
----------------------  --------  ---------  --------  --------  ----  --------
  MAIN                  00000000   00040000  00000b24  0003f4dc  R  X
  INFO                  00200000   00004000  00000000  00004000  R  X
  SRAM_CODE             01000000   00010000  0000020c  0000fdf4  RW X
  SRAM_DATA             20000000   00010000  0000020c  0000fdf4  RW  


SEGMENT ALLOCATION MAP

run origin  load origin   length   init length attrs members
----------  ----------- ---------- ----------- ----- -------
00000000    00000000    00000b28   00000b28    r-x
  00000000    00000000    000000e4   000000e4    r-- .intvecs
  000000e4    000000e4    000009bc   000009bc    r-x .text
  00000aa0    00000aa0    0000006c   0000006c    r-- .const
  00000b10    00000b10    00000018   00000018    r-- .cinit
20000000    20000000    0000000c   00000000    rw-
  20000000    20000000    0000000c   00000000    rw- .data
2000fe00    2000fe00    00000200   00000000    rw-
  2000fe00    2000fe00    00000200   00000000    rw- .stack


SECTION ALLOCATION MAP

 output                                  attributes/
section   page    origin      length       input sections
--------  ----  ----------  ----------   ----------------
.intvecs   0    00000000    000000e4     
                  00000000    000000e4     startup_msp432p401r_ccs.obj (.intvecs:retain)

.text      0    000000e4    000009bc     
                  000000e4    00000264     main.obj (.text:main)
                  00000348    00000144     msp432p4xx_driverlib.lib : timer_a.o (.text:privateTimer_AProcessClockSourceDivider)
                  0000048c    00000130                              : cs.o (.text:CS_initClockSignal)
                  000005bc    0000009c     rtsv7M4_T_le_v4SPD16_eabi.lib : memcpy_t2.asm.obj (.text)
                  00000658    00000088     msp432p4xx_driverlib.lib : gpio.o (.text:GPIO_setAsPeripheralModuleFunctionInputPin)
                  000006e0    00000080                              : interrupt.o (.text:Interrupt_enableInterrupt)
                  00000760    00000078     system_msp432p401r.obj (.text:SystemInit)
                  000007d8    00000068     rtsv7M4_T_le_v4SPD16_eabi.lib : copy_decompress_lzss.c.obj (.text:decompress:lzss:__TI_decompress_lzss)
                  00000840    0000004c     msp432p4xx_driverlib.lib : timer_a.o (.text:Timer_A_getCounterValue)
                  0000088c    00000048     main.obj (.text:putString)
                  000008d4    00000044     rtsv7M4_T_le_v4SPD16_eabi.lib : autoinit.c.obj (.text:__TI_auto_init_nobinit_nopinit:__TI_auto_init_nobinit_nopinit)
                  00000918    00000034     msp432p4xx_driverlib.lib : cs.o (.text:CS_setDCOCenteredFrequency)
                  0000094c    00000034                              : timer_a.o (.text:Timer_A_configureContinuousMode)
                  00000980    00000034                              : uart.o (.text:UART_transmitData)
                  000009b4    00000034     rtsv7M4_T_le_v4SPD16_eabi.lib : boot_cortex_m.c.obj (.text:_c_int00_noargs:_c_int00_noargs)
                  000009e8    00000030     msp432p4xx_driverlib.lib : uart.o (.text:UART_enableInterrupt)
                  00000a18    0000001c     main.obj (.text:TA1_N_IRQHandler)
                  00000a34    00000016     msp432p4xx_driverlib.lib : timer_a.o (.text:Timer_A_clearInterruptFlag)
                  00000a4a    00000016                              : timer_a.o (.text:Timer_A_startCounter)
                  00000a60    00000010                              : interrupt.o (.text:Interrupt_enableMaster)
                  00000a70    0000000e     rtsv7M4_T_le_v4SPD16_eabi.lib : copy_decompress_none.c.obj (.text:decompress:none:__TI_decompress_none)
                  00000a7e    0000000c     msp432p4xx_driverlib.lib : cpu.o (.text:CPU_cpsie)
                  00000a8a    0000000c     startup_msp432p401r_ccs.obj (.text:Reset_Handler)
                  00000a96    00000004     rtsv7M4_T_le_v4SPD16_eabi.lib : pre_init.c.obj (.text:_system_pre_init)
                  00000a9a    00000004                                   : exit.c.obj (.text:abort:abort)
                  00000a9e    00000002     startup_msp432p401r_ccs.obj (.text:Default_Handler)

.const     0    00000aa0    0000006c     
                  00000aa0    00000030     msp432p4xx_driverlib.lib : gpio.o (.const:GPIO_PORT_TO_BASE)
                  00000ad0    00000024     main.obj (.const:uartConfig)
                  00000af4    00000010     main.obj (.const:continuousModeConfig)
                  00000b04    00000008     msp432p4xx_driverlib.lib : interrupt.o (.const:g_pulEnRegs)

.cinit     0    00000b10    00000018     
                  00000b10    00000008     (__TI_handler_table)
                  00000b18    00000007     (.cinit..data.load) [load image, compression = lzss]
                  00000b1f    00000001     --HOLE-- [fill = 0]
                  00000b20    00000008     (__TI_cinit_table)

.init_array 
*          0    00000000    00000000     UNINITIALIZED

.binit     0    00000000    00000000     

.data      0    20000000    0000000c     UNINITIALIZED
                  20000000    0000000c     main.obj (.data)

.stack     0    2000fe00    00000200     UNINITIALIZED
                  2000fe00    00000004     rtsv7M4_T_le_v4SPD16_eabi.lib : boot_cortex_m.c.obj (.stack)
                  2000fe04    000001fc     --HOLE--

MODULE SUMMARY

       Module                        code   ro data   rw data
       ------                        ----   -------   -------
    .\
       main.obj                      712    52        24     
       system_msp432p401r.obj        120    0         0      
    +--+-----------------------------+------+---------+---------+
       Total:                        832    52        24     
                                                             
    .\ccs\
       startup_msp432p401r_ccs.obj   14     228       0      
    +--+-----------------------------+------+---------+---------+
       Total:                        14     228       0      
                                                             
    C:/ti/simplelink_msp432p4_sdk_3_10_00_08/source/ti/devices/msp432p4xx/driverlib/ccs/msp432p4xx_driverlib.lib
       timer_a.o                     496    0         0      
       cs.o                          356    0         0      
       gpio.o                        136    48        0      
       interrupt.o                   144    8         0      
       uart.o                        100    0         0      
       cpu.o                         12     0         0      
    +--+-----------------------------+------+---------+---------+
       Total:                        1244   56        0      
                                                             
    C:\ti\ccs901\ccs\tools\compiler\ti-cgt-arm_18.12.1.LTS\lib\rtsv7M4_T_le_v4SPD16_eabi.lib
       memcpy_t2.asm.obj             156    0         0      
       copy_decompress_lzss.c.obj    104    0         0      
       autoinit.c.obj                68     0         0      
       boot_cortex_m.c.obj           52     0         0      
       copy_decompress_none.c.obj    14     0         0      
       exit.c.obj                    4      0         0      
       pre_init.c.obj                4      0         0      
    +--+-----------------------------+------+---------+---------+
       Total:                        402    0         0      
                                                             
       Stack:                        0      0         1024   
       Linker Generated:             0      23        0      
    +--+-----------------------------+------+---------+---------+
       Grand Total:                  2492   359       1048   


LINKER GENERATED COPY TABLES

__TI_cinit_table @ 00000b20 records: 1, size/record: 8, table size: 8
	.data: load addr=00000b18, load size=00000007 bytes, run addr=20000000, run size=0000000c bytes, compression=lzss


LINKER GENERATED HANDLER TABLE

__TI_handler_table @ 00000b10 records: 2, size/record: 4, table size: 8
	index: 0, handler: __TI_decompress_lzss
	index: 1, handler: __TI_decompress_none


GLOBAL SYMBOLS: SORTED ALPHABETICALLY BY Name 

address   name                                      
-------   ----                                      
00000a9f  ADC14_IRQHandler                          
00000a9f  AES256_IRQHandler                         
00000a9f  BusFault_Handler                          
00000a9b  C$$EXIT                                   
00000a9f  COMP_E0_IRQHandler                        
00000a9f  COMP_E1_IRQHandler                        
00000a7f  CPU_cpsie                                 
00000a9f  CS_IRQHandler                             
0000048d  CS_initClockSignal                        
00000919  CS_setDCOCenteredFrequency                
00000a9f  DMA_ERR_IRQHandler                        
00000a9f  DMA_INT0_IRQHandler                       
00000a9f  DMA_INT1_IRQHandler                       
00000a9f  DMA_INT2_IRQHandler                       
00000a9f  DMA_INT3_IRQHandler                       
00000a9f  DebugMon_Handler                          
00000a9f  Default_Handler                           
00000a9f  EUSCIA0_IRQHandler                        
00000a9f  EUSCIA1_IRQHandler                        
00000a9f  EUSCIA2_IRQHandler                        
00000a9f  EUSCIA3_IRQHandler                        
00000a9f  EUSCIB0_IRQHandler                        
00000a9f  EUSCIB1_IRQHandler                        
00000a9f  EUSCIB2_IRQHandler                        
00000a9f  EUSCIB3_IRQHandler                        
00000a9f  FLCTL_IRQHandler                          
00000a9f  FPU_IRQHandler                            
00000659  GPIO_setAsPeripheralModuleFunctionInputPin
00000a9f  HardFault_Handler                         
000006e1  Interrupt_enableInterrupt                 
00000a61  Interrupt_enableMaster                    
00000a9f  MemManage_Handler                         
00000a9f  NMI_Handler                               
00000a9f  PCM_IRQHandler                            
00000a9f  PORT1_IRQHandler                          
00000a9f  PORT2_IRQHandler                          
00000a9f  PORT3_IRQHandler                          
00000a9f  PORT4_IRQHandler                          
00000a9f  PORT5_IRQHandler                          
00000a9f  PORT6_IRQHandler                          
00000a9f  PSS_IRQHandler                            
00000a9f  PendSV_Handler                            
00000a9f  RTC_C_IRQHandler                          
00000a8b  Reset_Handler                             
00000a9f  SVC_Handler                               
00000a9f  SysTick_Handler                           
00000761  SystemInit                                
00000a9f  T32_INT1_IRQHandler                       
00000a9f  T32_INT2_IRQHandler                       
00000a9f  T32_INTC_IRQHandler                       
00000a9f  TA0_0_IRQHandler                          
00000a9f  TA0_N_IRQHandler                          
00000a9f  TA1_0_IRQHandler                          
00000a19  TA1_N_IRQHandler                          
00000a19  TA1_N_IRQHandler                          
00000a9f  TA2_0_IRQHandler                          
00000a9f  TA2_N_IRQHandler                          
00000a9f  TA3_0_IRQHandler                          
00000a9f  TA3_N_IRQHandler                          
00000a35  Timer_A_clearInterruptFlag                
0000094d  Timer_A_configureContinuousMode           
00000841  Timer_A_getCounterValue                   
00000a4b  Timer_A_startCounter                      
000009e9  UART_enableInterrupt                      
00000981  UART_transmitData                         
00000a9f  UsageFault_Handler                        
4000480c  WDTCTL_SYM                                
00000a9f  WDT_A_IRQHandler                          
20010000  __STACK_END                               
00000200  __STACK_SIZE                              
00000b20  __TI_CINIT_Base                           
00000b28  __TI_CINIT_Limit                          
00000b10  __TI_Handler_Table_Base                   
00000b18  __TI_Handler_Table_Limit                  
000008d5  __TI_auto_init_nobinit_nopinit            
000007d9  __TI_decompress_lzss                      
00000a71  __TI_decompress_none                      
ffffffff  __TI_pprof_out_hndl                       
ffffffff  __TI_prof_data_size                       
ffffffff  __TI_prof_data_start                      
00000000  __TI_static_base__                        
000005bd  __aeabi_memcpy                            
000005bd  __aeabi_memcpy4                           
000005bd  __aeabi_memcpy8                           
ffffffff  __binit__                                 
ffffffff  __c_args__                                
UNDEFED   __mpu_init                                
2000fe00  __stack                                   
000009b5  _c_int00_noargs                           
UNDEFED   _system_post_cinit                        
00000a97  _system_pre_init                          
00000a9b  abort                                     
ffffffff  binit                                     
20000006  cnt                                       
00000af4  continuousModeConfig                      
00000000  interruptVectors                          
000000e5  main                                      
000005bd  memcpy                                    
20000004  ovf                                       
0000088d  putString                                 
20000000  time1                                     
20000002  time2                                     
20000008  timeint                                   
00000ad0  uartConfig                                


GLOBAL SYMBOLS: SORTED BY Symbol Address 

address   name                                      
-------   ----                                      
00000000  __TI_static_base__                        
00000000  interruptVectors                          
000000e5  main                                      
00000200  __STACK_SIZE                              
0000048d  CS_initClockSignal                        
000005bd  __aeabi_memcpy                            
000005bd  __aeabi_memcpy4                           
000005bd  __aeabi_memcpy8                           
000005bd  memcpy                                    
00000659  GPIO_setAsPeripheralModuleFunctionInputPin
000006e1  Interrupt_enableInterrupt                 
00000761  SystemInit                                
000007d9  __TI_decompress_lzss                      
00000841  Timer_A_getCounterValue                   
0000088d  putString                                 
000008d5  __TI_auto_init_nobinit_nopinit            
00000919  CS_setDCOCenteredFrequency                
0000094d  Timer_A_configureContinuousMode           
00000981  UART_transmitData                         
000009b5  _c_int00_noargs                           
000009e9  UART_enableInterrupt                      
00000a19  TA1_N_IRQHandler                          
00000a19  TA1_N_IRQHandler                          
00000a35  Timer_A_clearInterruptFlag                
00000a4b  Timer_A_startCounter                      
00000a61  Interrupt_enableMaster                    
00000a71  __TI_decompress_none                      
00000a7f  CPU_cpsie                                 
00000a8b  Reset_Handler                             
00000a97  _system_pre_init                          
00000a9b  C$$EXIT                                   
00000a9b  abort                                     
00000a9f  ADC14_IRQHandler                          
00000a9f  AES256_IRQHandler                         
00000a9f  BusFault_Handler                          
00000a9f  COMP_E0_IRQHandler                        
00000a9f  COMP_E1_IRQHandler                        
00000a9f  CS_IRQHandler                             
00000a9f  DMA_ERR_IRQHandler                        
00000a9f  DMA_INT0_IRQHandler                       
00000a9f  DMA_INT1_IRQHandler                       
00000a9f  DMA_INT2_IRQHandler                       
00000a9f  DMA_INT3_IRQHandler                       
00000a9f  DebugMon_Handler                          
00000a9f  Default_Handler                           
00000a9f  EUSCIA0_IRQHandler                        
00000a9f  EUSCIA1_IRQHandler                        
00000a9f  EUSCIA2_IRQHandler                        
00000a9f  EUSCIA3_IRQHandler                        
00000a9f  EUSCIB0_IRQHandler                        
00000a9f  EUSCIB1_IRQHandler                        
00000a9f  EUSCIB2_IRQHandler                        
00000a9f  EUSCIB3_IRQHandler                        
00000a9f  FLCTL_IRQHandler                          
00000a9f  FPU_IRQHandler                            
00000a9f  HardFault_Handler                         
00000a9f  MemManage_Handler                         
00000a9f  NMI_Handler                               
00000a9f  PCM_IRQHandler                            
00000a9f  PORT1_IRQHandler                          
00000a9f  PORT2_IRQHandler                          
00000a9f  PORT3_IRQHandler                          
00000a9f  PORT4_IRQHandler                          
00000a9f  PORT5_IRQHandler                          
00000a9f  PORT6_IRQHandler                          
00000a9f  PSS_IRQHandler                            
00000a9f  PendSV_Handler                            
00000a9f  RTC_C_IRQHandler                          
00000a9f  SVC_Handler                               
00000a9f  SysTick_Handler                           
00000a9f  T32_INT1_IRQHandler                       
00000a9f  T32_INT2_IRQHandler                       
00000a9f  T32_INTC_IRQHandler                       
00000a9f  TA0_0_IRQHandler                          
00000a9f  TA0_N_IRQHandler                          
00000a9f  TA1_0_IRQHandler                          
00000a9f  TA2_0_IRQHandler                          
00000a9f  TA2_N_IRQHandler                          
00000a9f  TA3_0_IRQHandler                          
00000a9f  TA3_N_IRQHandler                          
00000a9f  UsageFault_Handler                        
00000a9f  WDT_A_IRQHandler                          
00000ad0  uartConfig                                
00000af4  continuousModeConfig                      
00000b10  __TI_Handler_Table_Base                   
00000b18  __TI_Handler_Table_Limit                  
00000b20  __TI_CINIT_Base                           
00000b28  __TI_CINIT_Limit                          
20000000  time1                                     
20000002  time2                                     
20000004  ovf                                       
20000006  cnt                                       
20000008  timeint                                   
2000fe00  __stack                                   
20010000  __STACK_END                               
4000480c  WDTCTL_SYM                                
ffffffff  __TI_pprof_out_hndl                       
ffffffff  __TI_prof_data_size                       
ffffffff  __TI_prof_data_start                      
ffffffff  __binit__                                 
ffffffff  __c_args__                                
ffffffff  binit                                     
UNDEFED   __mpu_init                                
UNDEFED   _system_post_cinit                        

[104 symbols]
