******************************************************************************
                  TI ARM Linker PC v18.12.1                    
******************************************************************************
>> Linked Thu Aug  1 13:33:21 2019

OUTPUT FILE NAME:   <timing_functions_MSP_EXP432P401R_nortos_ccs.out>
ENTRY POINT SYMBOL: "_c_int00_noargs"  address: 00002865


MEMORY CONFIGURATION

         name            origin    length      used     unused   attr    fill
----------------------  --------  ---------  --------  --------  ----  --------
  MAIN                  00000000   00040000  00002c58  0003d3a8  R  X
  INFO                  00200000   00004000  00000000  00004000  R  X
  SRAM_CODE             01000000   00010000  00004d3a  0000b2c6  RW X
  SRAM_DATA             20000000   00010000  00004d3a  0000b2c6  RW  


SEGMENT ALLOCATION MAP

run origin  load origin   length   init length attrs members
----------  ----------- ---------- ----------- ----- -------
00000000    00000000    00002c58   00002c58    r-x
  00000000    00000000    000000e4   000000e4    r-- .intvecs
  000000e4    000000e4    000029fc   000029fc    r-x .text
  00002ae0    00002ae0    00000140   00000140    r-- .const
  00002c20    00002c20    00000038   00000038    r-- .cinit
20000000    20000000    00004b3c   00000000    rw-
  20000000    20000000    00004b2a   00000000    rw- .bss
  20004b2c    20004b2c    00000010   00000000    rw- .data
2000fe00    2000fe00    00000200   00000000    rw-
  2000fe00    2000fe00    00000200   00000000    rw- .stack


SECTION ALLOCATION MAP

 output                                  attributes/
section   page    origin      length       input sections
--------  ----  ----------  ----------   ----------------
.intvecs   0    00000000    000000e4     
                  00000000    000000e4     startup_msp432p401r_ccs.obj (.intvecs:retain)

.text      0    000000e4    000029fc     
                  000000e4    00000a4e     rtsv7M4_T_le_v4SPD16_eabi.lib : _printfi.c.obj (.text:__TI_printfi)
                  00000b32    00000002     startup_msp432p401r_ccs.obj (.text:Default_Handler)
                  00000b34    00000270     rtsv7M4_T_le_v4SPD16_eabi.lib : _printfi.c.obj (.text:_pconv_a)
                  00000da4    000001d0                                   : _printfi.c.obj (.text:_pconv_g)
                  00000f74    000001b6                                   : fd_add_t2.asm.obj (.text)
                  0000112a    00000002                                   : _lock.c.obj (.text:_nop)
                  0000112c    00000164     main.obj (.text:main)
                  00001290    00000144     msp432p4xx_driverlib.lib : timer_a.o (.text:privateTimer_AProcessClockSourceDivider)
                  000013d4    0000013c     rtsv7M4_T_le_v4SPD16_eabi.lib : _printfi.c.obj (.text:_pconv_e)
                  00001510    00000136                                   : fd_div_t2.asm.obj (.text)
                  00001646    00000002                                   : div0.asm.obj (.text)
                  00001648    00000130     msp432p4xx_driverlib.lib : cs.o (.text:CS_initClockSignal)
                  00001778    00000124     rtsv7M4_T_le_v4SPD16_eabi.lib : _printfi.c.obj (.text:fcvt)
                  0000189c    00000110                                   : s_scalbn.c.obj (.text:scalbn)
                  000019ac    000000fc                                   : fd_mul_t2.asm.obj (.text)
                  00001aa8    000000f8                                   : s_ceil.c.obj (.text:ceil)
                  00001ba0    000000f8                                   : s_floor.c.obj (.text:floor)
                  00001c98    000000c0                                   : s_round.c.obj (.text:round)
                  00001d58    000000b1                                   : _printfi.c.obj (.text:_ltostr)
                  00001e09    00000003     --HOLE-- [fill = 0]
                  00001e0c    000000a0     main.obj (.text:populateMatrix)
                  00001eac    0000009e     main.obj (.text:matrixMult)
                  00001f4a    0000009c     rtsv7M4_T_le_v4SPD16_eabi.lib : memcpy_t2.asm.obj (.text)
                  00001fe6    00000096                                   : ull_div_t2.asm.obj (.text)
                  0000207c    00000086                                   : fd_cmp_t2.asm.obj (.text:__aeabi_cdcmple)
                  00002102    00000086                                   : fd_cmp_t2.asm.obj (.text:__aeabi_cdrcmple)
                  00002188    00000080     msp432p4xx_driverlib.lib : interrupt.o (.text:Interrupt_enableInterrupt)
                  00002208    0000007a     rtsv7M4_T_le_v4SPD16_eabi.lib : memset_t2.asm.obj (.text)
                  00002282    00000002     --HOLE-- [fill = 0]
                  00002284    00000078     system_msp432p401r.obj (.text:SystemInit)
                  000022fc    00000078     uart_functions.obj (.text:initUART)
                  00002374    00000074     uart_functions.obj (.text:EUSCIA0_IRQHandler)
                  000023e8    0000006e     rtsv7M4_T_le_v4SPD16_eabi.lib : _printfi.c.obj (.text:_mcpy)
                  00002456    00000068                                   : copy_decompress_lzss.c.obj (.text:decompress:lzss:__TI_decompress_lzss)
                  000024be    00000002     --HOLE-- [fill = 0]
                  000024c0    00000064                                   : s_frexp.c.obj (.text:frexp)
                  00002524    00000056                                   : _printfi.c.obj (.text:_pconv_f)
                  0000257a    00000054                                   : ltoa.c.obj (.text:ltoa)
                  000025ce    00000052                                   : _printfi.c.obj (.text:_ecpy)
                  00002620    0000004c     msp432p4xx_driverlib.lib : timer_a.o (.text:Timer_A_getCounterValue)
                  0000266c    0000004c     rtsv7M4_T_le_v4SPD16_eabi.lib : atoi.c.obj (.text:atoi)
                  000026b8    00000048                                   : fd_toi_t2.asm.obj (.text)
                  00002700    00000044                                   : autoinit.c.obj (.text:__TI_auto_init_nobinit_nopinit:__TI_auto_init_nobinit_nopinit)
                  00002744    00000040                                   : sprintf.c.obj (.text:sprintf)
                  00002784    0000003e                                   : _printfi.c.obj (.text:_fcpy)
                  000027c2    00000038                                   : fs_tod_t2.asm.obj (.text)
                  000027fa    00000002     --HOLE-- [fill = 0]
                  000027fc    00000034     msp432p4xx_driverlib.lib : cs.o (.text:CS_setDCOCenteredFrequency)
                  00002830    00000034                              : timer_a.o (.text:Timer_A_configureContinuousMode)
                  00002864    00000034     rtsv7M4_T_le_v4SPD16_eabi.lib : boot_cortex_m.c.obj (.text:_c_int00_noargs:_c_int00_noargs)
                  00002898    00000034                                   : rand.c.obj (.text:rand)
                  000028cc    00000034     uart_functions.obj (.text:writeString)
                  00002900    0000002e     rtsv7M4_T_le_v4SPD16_eabi.lib : i_tofd_t2.asm.obj (.text)
                  0000292e    00000024     main.obj (.text:delay)
                  00002952    00000002     --HOLE-- [fill = 0]
                  00002954    00000024     rtsv7M4_T_le_v4SPD16_eabi.lib : rand.c.obj (.text:srand)
                  00002978    00000020     main.obj (.text:tic)
                  00002998    0000001f     uart_functions.obj (.text:writeInt)
                  000029b7    00000001     --HOLE-- [fill = 0]
                  000029b8    0000001c     rtsv7M4_T_le_v4SPD16_eabi.lib : memccpy.c.obj (.text:memccpy)
                  000029d4    0000001a                                   : s_copysign.c.obj (.text:copysign)
                  000029ee    00000002     --HOLE-- [fill = 0]
                  000029f0    00000018     main.obj (.text:TA0_N_IRQHandler)
                  00002a08    00000018     rtsv7M4_T_le_v4SPD16_eabi.lib : sprintf.c.obj (.text:_outs)
                  00002a20    00000016     msp432p4xx_driverlib.lib : timer_a.o (.text:Timer_A_clearInterruptFlag)
                  00002a36    00000016                              : timer_a.o (.text:Timer_A_startCounter)
                  00002a4c    00000016     rtsv7M4_T_le_v4SPD16_eabi.lib : strchr.c.obj (.text:strchr)
                  00002a62    00000014                                   : strlen.c.obj (.text:strlen)
                  00002a76    00000002     --HOLE-- [fill = 0]
                  00002a78    00000014     main.obj (.text:toc)
                  00002a8c    00000012     rtsv7M4_T_le_v4SPD16_eabi.lib : wcslen.c.obj (.text:wcslen)
                  00002a9e    0000000e                                   : copy_decompress_none.c.obj (.text:decompress:none:__TI_decompress_none)
                  00002aac    0000000c     startup_msp432p401r_ccs.obj (.text:Reset_Handler)
                  00002ab8    0000000c     rtsv7M4_T_le_v4SPD16_eabi.lib : copy_zero_init.c.obj (.text:decompress:ZI:__TI_zero_init)
                  00002ac4    0000000a                                   : sprintf.c.obj (.text:_outc)
                  00002ace    00000002     --HOLE-- [fill = 0]
                  00002ad0    00000008                                   : errno.c.obj (.text:__aeabi_errno_addr)
                  00002ad8    00000004                                   : pre_init.c.obj (.text:_system_pre_init)
                  00002adc    00000004                                   : exit.c.obj (.text:abort:abort)

.const     0    00002ae0    00000140     
                  00002ae0    00000101     rtsv7M4_T_le_v4SPD16_eabi.lib : ctype.c.obj (.const:.string:_ctypes_)
                  00002be1    00000003     --HOLE-- [fill = 0]
                  00002be4    00000024     uart_functions.obj (.const:uartConfig)
                  00002c08    00000010     main.obj (.const:continuousModeConfig)
                  00002c18    00000008     msp432p4xx_driverlib.lib : interrupt.o (.const:g_pulEnRegs)

.cinit     0    00002c20    00000038     
                  00002c20    00000010     (.cinit..data.load) [load image, compression = lzss]
                  00002c30    0000000c     (__TI_handler_table)
                  00002c3c    00000004     --HOLE-- [fill = 0]
                  00002c40    00000008     (.cinit..bss.load) [load image, compression = zero_init]
                  00002c48    00000010     (__TI_cinit_table)

.init_array 
*          0    00000000    00000000     UNINITIALIZED

.binit     0    00000000    00000000     

.bss       0    20000000    00004b2a     UNINITIALIZED
                  20000000    00001900     (.common:A)
                  20001900    00001900     (.common:B)
                  20003200    00001900     (.common:C)
                  20004b00    00000022     (.common:ringBuffer)
                  20004b22    00000002     (.common:ticTime)
                  20004b24    00000004     (.common:overflow)
                  20004b28    00000002     (.common:tocTime)

.data      0    20004b2c    00000010     UNINITIALIZED
                  20004b2c    00000008     rtsv7M4_T_le_v4SPD16_eabi.lib : _lock.c.obj (.data:$O1$$)
                  20004b34    00000004                                   : errno.c.obj (.data)
                  20004b38    00000004                                   : rand.c.obj (.data)

.stack     0    2000fe00    00000200     UNINITIALIZED
                  2000fe00    00000004     rtsv7M4_T_le_v4SPD16_eabi.lib : boot_cortex_m.c.obj (.stack)
                  2000fe04    000001fc     --HOLE--

MODULE SUMMARY

       Module                        code    ro data   rw data
       ------                        ----    -------   -------
    .\
       main.obj                      786     16        38416  
       uart_functions.obj            319     36        68     
       system_msp432p401r.obj        120     0         0      
    +--+-----------------------------+-------+---------+---------+
       Total:                        1225    52        38484  
                                                              
    .\ccs\
       startup_msp432p401r_ccs.obj   14      228       0      
    +--+-----------------------------+-------+---------+---------+
       Total:                        14      228       0      
                                                              
    C:/ti/simplelink_msp432p4_sdk_3_20_00_06/source/ti/devices/msp432p4xx/driverlib/ccs/msp432p4xx_driverlib.lib
       timer_a.o                     496     0         0      
       cs.o                          356     0         0      
       interrupt.o                   128     8         0      
    +--+-----------------------------+-------+---------+---------+
       Total:                        980     8         0      
                                                              
    C:\ti\ccs901\ccs\tools\compiler\ti-cgt-arm_18.12.1.LTS\lib\rtsv7M4_T_le_v4SPD16_eabi.lib
       _printfi.c.obj                4851    0         0      
       fd_add_t2.asm.obj             438     0         0      
       fd_div_t2.asm.obj             310     0         0      
       s_scalbn.c.obj                272     0         0      
       fd_cmp_t2.asm.obj             268     0         0      
       ctype.c.obj                   0       257       0      
       fd_mul_t2.asm.obj             252     0         0      
       s_ceil.c.obj                  248     0         0      
       s_floor.c.obj                 248     0         0      
       s_round.c.obj                 192     0         0      
       memcpy_t2.asm.obj             156     0         0      
       ull_div_t2.asm.obj            150     0         0      
       memset_t2.asm.obj             122     0         0      
       copy_decompress_lzss.c.obj    104     0         0      
       s_frexp.c.obj                 100     0         0      
       sprintf.c.obj                 98      0         0      
       rand.c.obj                    88      0         8      
       ltoa.c.obj                    84      0         0      
       atoi.c.obj                    76      0         0      
       fd_toi_t2.asm.obj             72      0         0      
       autoinit.c.obj                68      0         0      
       fs_tod_t2.asm.obj             56      0         0      
       boot_cortex_m.c.obj           52      0         0      
       i_tofd_t2.asm.obj             46      0         0      
       memccpy.c.obj                 28      0         0      
       s_copysign.c.obj              26      0         0      
       strchr.c.obj                  22      0         0      
       strlen.c.obj                  20      0         0      
       _lock.c.obj                   2       0         16     
       wcslen.c.obj                  18      0         0      
       errno.c.obj                   8       0         8      
       copy_decompress_none.c.obj    14      0         0      
       copy_zero_init.c.obj          12      0         0      
       exit.c.obj                    4       0         0      
       pre_init.c.obj                4       0         0      
       div0.asm.obj                  2       0         0      
    +--+-----------------------------+-------+---------+---------+
       Total:                        8511    257       32     
                                                              
       Stack:                        0       0         1024   
       Linker Generated:             0       52        0      
    +--+-----------------------------+-------+---------+---------+
       Grand Total:                  10730   597       39540  


LINKER GENERATED COPY TABLES

__TI_cinit_table @ 00002c48 records: 2, size/record: 8, table size: 16
	.data: load addr=00002c20, load size=00000010 bytes, run addr=20004b2c, run size=00000010 bytes, compression=lzss
	.bss: load addr=00002c40, load size=00000008 bytes, run addr=20000000, run size=00004b2a bytes, compression=zero_init


LINKER GENERATED HANDLER TABLE

__TI_handler_table @ 00002c30 records: 3, size/record: 4, table size: 12
	index: 0, handler: __TI_decompress_lzss
	index: 1, handler: __TI_decompress_none
	index: 2, handler: __TI_zero_init


GLOBAL SYMBOLS: SORTED ALPHABETICALLY BY Name 

address   name                           
-------   ----                           
20000000  A                              
00000b33  ADC14_IRQHandler               
00000b33  AES256_IRQHandler              
20001900  B                              
00000b33  BusFault_Handler               
20003200  C                              
00002add  C$$EXIT                        
00000b33  COMP_E0_IRQHandler             
00000b33  COMP_E1_IRQHandler             
00000b33  CS_IRQHandler                  
00001649  CS_initClockSignal             
000027fd  CS_setDCOCenteredFrequency     
00000b33  DMA_ERR_IRQHandler             
00000b33  DMA_INT0_IRQHandler            
00000b33  DMA_INT1_IRQHandler            
00000b33  DMA_INT2_IRQHandler            
00000b33  DMA_INT3_IRQHandler            
00000b33  DebugMon_Handler               
00000b33  Default_Handler                
00002375  EUSCIA0_IRQHandler             
00002375  EUSCIA0_IRQHandler             
00000b33  EUSCIA1_IRQHandler             
00000b33  EUSCIA2_IRQHandler             
00000b33  EUSCIA3_IRQHandler             
00000b33  EUSCIB0_IRQHandler             
00000b33  EUSCIB1_IRQHandler             
00000b33  EUSCIB2_IRQHandler             
00000b33  EUSCIB3_IRQHandler             
00000b33  FLCTL_IRQHandler               
00000b33  FPU_IRQHandler                 
00000b33  HardFault_Handler              
00002189  Interrupt_enableInterrupt      
00000b33  MemManage_Handler              
00000b33  NMI_Handler                    
00000b33  PCM_IRQHandler                 
00000b33  PORT1_IRQHandler               
00000b33  PORT2_IRQHandler               
00000b33  PORT3_IRQHandler               
00000b33  PORT4_IRQHandler               
00000b33  PORT5_IRQHandler               
00000b33  PORT6_IRQHandler               
00000b33  PSS_IRQHandler                 
00000b33  PendSV_Handler                 
00000b33  RTC_C_IRQHandler               
00002aad  Reset_Handler                  
00000b33  SVC_Handler                    
00000b33  SysTick_Handler                
00002285  SystemInit                     
00000b33  T32_INT1_IRQHandler            
00000b33  T32_INT2_IRQHandler            
00000b33  T32_INTC_IRQHandler            
00000b33  TA0_0_IRQHandler               
000029f1  TA0_N_IRQHandler               
000029f1  TA0_N_IRQHandler               
00000b33  TA1_0_IRQHandler               
00000b33  TA1_N_IRQHandler               
00000b33  TA2_0_IRQHandler               
00000b33  TA2_N_IRQHandler               
00000b33  TA3_0_IRQHandler               
00000b33  TA3_N_IRQHandler               
00002a21  Timer_A_clearInterruptFlag     
00002831  Timer_A_configureContinuousMode
00002621  Timer_A_getCounterValue        
00002a37  Timer_A_startCounter           
00000b33  UsageFault_Handler             
4000480c  WDTCTL_SYM                     
00000b33  WDT_A_IRQHandler               
20010000  __STACK_END                    
00000200  __STACK_SIZE                   
00002c48  __TI_CINIT_Base                
00002c58  __TI_CINIT_Limit               
00002c30  __TI_Handler_Table_Base        
00002c3c  __TI_Handler_Table_Limit       
00002701  __TI_auto_init_nobinit_nopinit 
00002457  __TI_decompress_lzss           
00002a9f  __TI_decompress_none           
ffffffff  __TI_pprof_out_hndl            
000000e5  __TI_printfi                   
ffffffff  __TI_prof_data_size            
ffffffff  __TI_prof_data_start           
00000000  __TI_static_base__             
00002ab9  __TI_zero_init                 
0000207d  __aeabi_cdcmpeq                
0000207d  __aeabi_cdcmple                
00002103  __aeabi_cdrcmple               
000026b9  __aeabi_d2iz                   
00000f7f  __aeabi_dadd                   
00001511  __aeabi_ddiv                   
000019ad  __aeabi_dmul                   
00000f75  __aeabi_dsub                   
00002ad1  __aeabi_errno_addr             
000027c3  __aeabi_f2d                    
00002901  __aeabi_i2d                    
00001647  __aeabi_idiv0                  
00001647  __aeabi_ldiv0                  
00002209  __aeabi_memclr                 
00002209  __aeabi_memclr4                
00002209  __aeabi_memclr8                
00001f4b  __aeabi_memcpy                 
00001f4b  __aeabi_memcpy4                
00001f4b  __aeabi_memcpy8                
0000220b  __aeabi_memset                 
0000220b  __aeabi_memset4                
0000220b  __aeabi_memset8                
00001fe7  __aeabi_uldivmod               
ffffffff  __binit__                      
ffffffff  __c_args__                     
UNDEFED   __mpu_init                     
2000fe00  __stack                        
00002865  _c_int00_noargs                
00002ae0  _ctypes_                       
20004b2c  _lock                          
0000112b  _nop                           
UNDEFED   _system_post_cinit             
00002ad9  _system_pre_init               
20004b30  _unlock                        
00002add  abort                          
0000266d  atoi                           
ffffffff  binit                          
00001aa9  ceil                           
00001aa9  ceill                          
00002c08  continuousModeConfig           
000029d5  copysign                       
000029d5  copysignl                      
0000292f  delay                          
20004b34  errno                          
00001ba1  floor                          
00001ba1  floorl                         
000024c1  frexp                          
000024c1  frexpl                         
000022fd  initUART                       
00000000  interruptVectors               
0000189d  ldexp                          
0000189d  ldexpl                         
0000257b  ltoa                           
0000112d  main                           
00001ead  matrixMult                     
000029b9  memccpy                        
00001f4b  memcpy                         
00002211  memset                         
20004b24  overflow                       
00001e0d  populateMatrix                 
00002899  rand                           
20004b00  ringBuffer                     
00001c99  round                          
00001c99  roundl                         
0000189d  scalbn                         
0000189d  scalbnl                        
00002745  sprintf                        
00002955  srand                          
00002a4d  strchr                         
00002a63  strlen                         
00002979  tic                            
20004b22  ticTime                        
00002a79  toc                            
20004b28  tocTime                        
00002be4  uartConfig                     
00002a8d  wcslen                         
00002999  writeInt                       
000028cd  writeString                    


GLOBAL SYMBOLS: SORTED BY Symbol Address 

address   name                           
-------   ----                           
00000000  __TI_static_base__             
00000000  interruptVectors               
000000e5  __TI_printfi                   
00000200  __STACK_SIZE                   
00000b33  ADC14_IRQHandler               
00000b33  AES256_IRQHandler              
00000b33  BusFault_Handler               
00000b33  COMP_E0_IRQHandler             
00000b33  COMP_E1_IRQHandler             
00000b33  CS_IRQHandler                  
00000b33  DMA_ERR_IRQHandler             
00000b33  DMA_INT0_IRQHandler            
00000b33  DMA_INT1_IRQHandler            
00000b33  DMA_INT2_IRQHandler            
00000b33  DMA_INT3_IRQHandler            
00000b33  DebugMon_Handler               
00000b33  Default_Handler                
00000b33  EUSCIA1_IRQHandler             
00000b33  EUSCIA2_IRQHandler             
00000b33  EUSCIA3_IRQHandler             
00000b33  EUSCIB0_IRQHandler             
00000b33  EUSCIB1_IRQHandler             
00000b33  EUSCIB2_IRQHandler             
00000b33  EUSCIB3_IRQHandler             
00000b33  FLCTL_IRQHandler               
00000b33  FPU_IRQHandler                 
00000b33  HardFault_Handler              
00000b33  MemManage_Handler              
00000b33  NMI_Handler                    
00000b33  PCM_IRQHandler                 
00000b33  PORT1_IRQHandler               
00000b33  PORT2_IRQHandler               
00000b33  PORT3_IRQHandler               
00000b33  PORT4_IRQHandler               
00000b33  PORT5_IRQHandler               
00000b33  PORT6_IRQHandler               
00000b33  PSS_IRQHandler                 
00000b33  PendSV_Handler                 
00000b33  RTC_C_IRQHandler               
00000b33  SVC_Handler                    
00000b33  SysTick_Handler                
00000b33  T32_INT1_IRQHandler            
00000b33  T32_INT2_IRQHandler            
00000b33  T32_INTC_IRQHandler            
00000b33  TA0_0_IRQHandler               
00000b33  TA1_0_IRQHandler               
00000b33  TA1_N_IRQHandler               
00000b33  TA2_0_IRQHandler               
00000b33  TA2_N_IRQHandler               
00000b33  TA3_0_IRQHandler               
00000b33  TA3_N_IRQHandler               
00000b33  UsageFault_Handler             
00000b33  WDT_A_IRQHandler               
00000f75  __aeabi_dsub                   
00000f7f  __aeabi_dadd                   
0000112b  _nop                           
0000112d  main                           
00001511  __aeabi_ddiv                   
00001647  __aeabi_idiv0                  
00001647  __aeabi_ldiv0                  
00001649  CS_initClockSignal             
0000189d  ldexp                          
0000189d  ldexpl                         
0000189d  scalbn                         
0000189d  scalbnl                        
000019ad  __aeabi_dmul                   
00001aa9  ceil                           
00001aa9  ceill                          
00001ba1  floor                          
00001ba1  floorl                         
00001c99  round                          
00001c99  roundl                         
00001e0d  populateMatrix                 
00001ead  matrixMult                     
00001f4b  __aeabi_memcpy                 
00001f4b  __aeabi_memcpy4                
00001f4b  __aeabi_memcpy8                
00001f4b  memcpy                         
00001fe7  __aeabi_uldivmod               
0000207d  __aeabi_cdcmpeq                
0000207d  __aeabi_cdcmple                
00002103  __aeabi_cdrcmple               
00002189  Interrupt_enableInterrupt      
00002209  __aeabi_memclr                 
00002209  __aeabi_memclr4                
00002209  __aeabi_memclr8                
0000220b  __aeabi_memset                 
0000220b  __aeabi_memset4                
0000220b  __aeabi_memset8                
00002211  memset                         
00002285  SystemInit                     
000022fd  initUART                       
00002375  EUSCIA0_IRQHandler             
00002375  EUSCIA0_IRQHandler             
00002457  __TI_decompress_lzss           
000024c1  frexp                          
000024c1  frexpl                         
0000257b  ltoa                           
00002621  Timer_A_getCounterValue        
0000266d  atoi                           
000026b9  __aeabi_d2iz                   
00002701  __TI_auto_init_nobinit_nopinit 
00002745  sprintf                        
000027c3  __aeabi_f2d                    
000027fd  CS_setDCOCenteredFrequency     
00002831  Timer_A_configureContinuousMode
00002865  _c_int00_noargs                
00002899  rand                           
000028cd  writeString                    
00002901  __aeabi_i2d                    
0000292f  delay                          
00002955  srand                          
00002979  tic                            
00002999  writeInt                       
000029b9  memccpy                        
000029d5  copysign                       
000029d5  copysignl                      
000029f1  TA0_N_IRQHandler               
000029f1  TA0_N_IRQHandler               
00002a21  Timer_A_clearInterruptFlag     
00002a37  Timer_A_startCounter           
00002a4d  strchr                         
00002a63  strlen                         
00002a79  toc                            
00002a8d  wcslen                         
00002a9f  __TI_decompress_none           
00002aad  Reset_Handler                  
00002ab9  __TI_zero_init                 
00002ad1  __aeabi_errno_addr             
00002ad9  _system_pre_init               
00002add  C$$EXIT                        
00002add  abort                          
00002ae0  _ctypes_                       
00002be4  uartConfig                     
00002c08  continuousModeConfig           
00002c30  __TI_Handler_Table_Base        
00002c3c  __TI_Handler_Table_Limit       
00002c48  __TI_CINIT_Base                
00002c58  __TI_CINIT_Limit               
20000000  A                              
20001900  B                              
20003200  C                              
20004b00  ringBuffer                     
20004b22  ticTime                        
20004b24  overflow                       
20004b28  tocTime                        
20004b2c  _lock                          
20004b30  _unlock                        
20004b34  errno                          
2000fe00  __stack                        
20010000  __STACK_END                    
4000480c  WDTCTL_SYM                     
ffffffff  __TI_pprof_out_hndl            
ffffffff  __TI_prof_data_size            
ffffffff  __TI_prof_data_start           
ffffffff  __binit__                      
ffffffff  __c_args__                     
ffffffff  binit                          
UNDEFED   __mpu_init                     
UNDEFED   _system_post_cinit             

[160 symbols]
