******************************************************************************
                  TI ARM Linker PC v18.12.1                    
******************************************************************************
>> Linked Thu Jul 11 13:53:00 2019

OUTPUT FILE NAME:   <string_compare_MSP_EXP432P401R_nortos_ccs.out>
ENTRY POINT SYMBOL: "_c_int00_noargs"  address: 000022d5


MEMORY CONFIGURATION

         name            origin    length      used     unused   attr    fill
----------------------  --------  ---------  --------  --------  ----  --------
  MAIN                  00000000   00040000  0000259c  0003da64  R  X
  INFO                  00200000   00004000  00000000  00004000  R  X
  SRAM_CODE             01000000   00010000  00000226  0000fdda  RW X
  SRAM_DATA             20000000   00010000  00000226  0000fdda  RW  


SEGMENT ALLOCATION MAP

run origin  load origin   length   init length attrs members
----------  ----------- ---------- ----------- ----- -------
00000000    00000000    000025a0   000025a0    r-x
  00000000    00000000    000000e4   000000e4    r-- .intvecs
  000000e4    000000e4    00002360   00002360    r-x .text
  00002444    00002444    00000128   00000128    r-- .const
  00002570    00002570    00000030   00000030    r-- .cinit
20000000    20000000    00000028   00000000    rw-
  20000000    20000000    00000022   00000000    rw- .bss
  20000024    20000024    00000004   00000000    rw- .data
2000fe00    2000fe00    00000200   00000000    rw-
  2000fe00    2000fe00    00000200   00000000    rw- .stack


SECTION ALLOCATION MAP

 output                                  attributes/
section   page    origin      length       input sections
--------  ----  ----------  ----------   ----------------
.intvecs   0    00000000    000000e4     
                  00000000    000000e4     startup_msp432p401r_ccs.obj (.intvecs:retain)

.text      0    000000e4    00002360     
                  000000e4    00000a4e     rtsv7M4_T_le_v4SPD16_eabi.lib : _printfi.c.obj (.text:__TI_printfi)
                  00000b32    00000002     startup_msp432p401r_ccs.obj (.text:Default_Handler)
                  00000b34    00000270     rtsv7M4_T_le_v4SPD16_eabi.lib : _printfi.c.obj (.text:_pconv_a)
                  00000da4    000001d0                                   : _printfi.c.obj (.text:_pconv_g)
                  00000f74    000001b6                                   : fd_add_t2.asm.obj (.text)
                  0000112a    00000002                                   : div0.asm.obj (.text)
                  0000112c    0000018c     main.obj (.text:main)
                  000012b8    0000013c     rtsv7M4_T_le_v4SPD16_eabi.lib : _printfi.c.obj (.text:_pconv_e)
                  000013f4    00000136                                   : fd_div_t2.asm.obj (.text)
                  0000152a    00000002     --HOLE-- [fill = 0]
                  0000152c    00000124                                   : _printfi.c.obj (.text:fcvt)
                  00001650    00000110                                   : s_scalbn.c.obj (.text:scalbn)
                  00001760    000000fc                                   : fd_mul_t2.asm.obj (.text)
                  0000185c    000000b1                                   : _printfi.c.obj (.text:_ltostr)
                  0000190d    00000001     --HOLE-- [fill = 0]
                  0000190e    0000009c                                   : memcpy_t2.asm.obj (.text)
                  000019aa    00000096                                   : ull_div_t2.asm.obj (.text)
                  00001a40    00000086                                   : fd_cmp_t2.asm.obj (.text:__aeabi_cdcmple)
                  00001ac6    00000086                                   : fd_cmp_t2.asm.obj (.text:__aeabi_cdrcmple)
                  00001b4c    00000080     uart_functions.obj (.text:initUART)
                  00001bcc    0000007a     rtsv7M4_T_le_v4SPD16_eabi.lib : memset_t2.asm.obj (.text)
                  00001c46    00000002     --HOLE-- [fill = 0]
                  00001c48    00000078     system_msp432p401r.obj (.text:SystemInit)
                  00001cc0    00000074     uart_functions.obj (.text:EUSCIA0_IRQHandler)
                  00001d34    0000006e     rtsv7M4_T_le_v4SPD16_eabi.lib : _printfi.c.obj (.text:_mcpy)
                  00001da2    00000002     --HOLE-- [fill = 0]
                  00001da4    0000006c     uart_functions.obj (.text:writeString)
                  00001e10    00000068     rtsv7M4_T_le_v4SPD16_eabi.lib : copy_decompress_lzss.c.obj (.text:decompress:lzss:__TI_decompress_lzss)
                  00001e78    00000066     string_operations.obj (.text:compareStrings)
                  00001ede    00000002     --HOLE-- [fill = 0]
                  00001ee0    00000064     rtsv7M4_T_le_v4SPD16_eabi.lib : s_frexp.c.obj (.text:frexp)
                  00001f44    00000064     uart_functions.obj (.text:readString)
                  00001fa8    00000060     string_operations.obj (.text:searchSubString)
                  00002008    00000056     rtsv7M4_T_le_v4SPD16_eabi.lib : _printfi.c.obj (.text:_pconv_f)
                  0000205e    00000054                                   : ltoa.c.obj (.text:ltoa)
                  000020b2    00000052                                   : _printfi.c.obj (.text:_ecpy)
                  00002104    0000004c                                   : atoi.c.obj (.text:atoi)
                  00002150    00000048                                   : fd_toi_t2.asm.obj (.text)
                  00002198    00000044                                   : autoinit.c.obj (.text:__TI_auto_init_nobinit_nopinit:__TI_auto_init_nobinit_nopinit)
                  000021dc    00000042     string_operations.obj (.text:searchForChar)
                  0000221e    00000002     --HOLE-- [fill = 0]
                  00002220    00000040     rtsv7M4_T_le_v4SPD16_eabi.lib : sprintf.c.obj (.text:sprintf)
                  00002260    0000003e                                   : _printfi.c.obj (.text:_fcpy)
                  0000229e    00000002     --HOLE-- [fill = 0]
                  000022a0    00000034     msp432p4xx_driverlib.lib : cs.o (.text:CS_setDCOCenteredFrequency)
                  000022d4    00000034     rtsv7M4_T_le_v4SPD16_eabi.lib : boot_cortex_m.c.obj (.text:_c_int00_noargs:_c_int00_noargs)
                  00002308    0000002e                                   : i_tofd_t2.asm.obj (.text)
                  00002336    00000002     --HOLE-- [fill = 0]
                  00002338    0000001f     uart_functions.obj (.text:writeInt)
                  00002357    00000001     --HOLE-- [fill = 0]
                  00002358    0000001c     rtsv7M4_T_le_v4SPD16_eabi.lib : memccpy.c.obj (.text:memccpy)
                  00002374    0000001c     uart_functions.obj (.text:readInt)
                  00002390    0000001a     rtsv7M4_T_le_v4SPD16_eabi.lib : s_copysign.c.obj (.text:copysign)
                  000023aa    00000018                                   : sprintf.c.obj (.text:_outs)
                  000023c2    00000016                                   : strchr.c.obj (.text:strchr)
                  000023d8    00000014                                   : strlen.c.obj (.text:strlen)
                  000023ec    00000012                                   : copy_zero_init.c.obj (.text:decompress:ZI:__TI_zero_init_nomemset:__TI_zero_init_nomemset)
                  000023fe    00000012                                   : wcslen.c.obj (.text:wcslen)
                  00002410    0000000e                                   : copy_decompress_none.c.obj (.text:decompress:none:__TI_decompress_none)
                  0000241e    0000000c     startup_msp432p401r_ccs.obj (.text:Reset_Handler)
                  0000242a    0000000a     rtsv7M4_T_le_v4SPD16_eabi.lib : sprintf.c.obj (.text:_outc)
                  00002434    00000008                                   : errno.c.obj (.text:__aeabi_errno_addr)
                  0000243c    00000004                                   : pre_init.c.obj (.text:_system_pre_init)
                  00002440    00000004                                   : exit.c.obj (.text:abort:abort)

.const     0    00002444    00000128     
                  00002444    00000101     rtsv7M4_T_le_v4SPD16_eabi.lib : ctype.c.obj (.const:.string:_ctypes_)
                  00002545    00000003     --HOLE-- [fill = 0]
                  00002548    00000024     uart_functions.obj (.const:uartConfig)

.cinit     0    00002570    00000030     
                  00002570    0000000c     (__TI_handler_table)
                  0000257c    00000004     --HOLE-- [fill = 0]
                  00002580    00000008     (.cinit..bss.load) [load image, compression = zero_init]
                  00002588    00000007     (.cinit..data.load) [load image, compression = lzss]
                  0000258f    00000001     --HOLE-- [fill = 0]
                  00002590    00000010     (__TI_cinit_table)

.init_array 
*          0    00000000    00000000     UNINITIALIZED

.binit     0    00000000    00000000     

.bss       0    20000000    00000022     UNINITIALIZED
                  20000000    00000022     (.common:ringBuffer)

.data      0    20000024    00000004     UNINITIALIZED
                  20000024    00000004     rtsv7M4_T_le_v4SPD16_eabi.lib : errno.c.obj (.data)

.stack     0    2000fe00    00000200     UNINITIALIZED
                  2000fe00    00000004     rtsv7M4_T_le_v4SPD16_eabi.lib : boot_cortex_m.c.obj (.stack)
                  2000fe04    000001fc     --HOLE--

MODULE SUMMARY

       Module                        code   ro data   rw data
       ------                        ----   -------   -------
    .\
       uart_functions.obj            511    36        68     
       main.obj                      396    0         0      
       string_operations.obj         264    0         0      
       system_msp432p401r.obj        120    0         0      
    +--+-----------------------------+------+---------+---------+
       Total:                        1291   36        68     
                                                             
    .\ccs\
       startup_msp432p401r_ccs.obj   14     228       0      
    +--+-----------------------------+------+---------+---------+
       Total:                        14     228       0      
                                                             
    C:/ti/simplelink_msp432p4_sdk_3_20_00_06/source/ti/devices/msp432p4xx/driverlib/ccs/msp432p4xx_driverlib.lib
       cs.o                          52     0         0      
    +--+-----------------------------+------+---------+---------+
       Total:                        52     0         0      
                                                             
    C:\ti\ccs901\ccs\tools\compiler\ti-cgt-arm_18.12.1.LTS\lib\rtsv7M4_T_le_v4SPD16_eabi.lib
       _printfi.c.obj                4851   0         0      
       fd_add_t2.asm.obj             438    0         0      
       fd_div_t2.asm.obj             310    0         0      
       s_scalbn.c.obj                272    0         0      
       fd_cmp_t2.asm.obj             268    0         0      
       ctype.c.obj                   0      257       0      
       fd_mul_t2.asm.obj             252    0         0      
       memcpy_t2.asm.obj             156    0         0      
       ull_div_t2.asm.obj            150    0         0      
       memset_t2.asm.obj             122    0         0      
       copy_decompress_lzss.c.obj    104    0         0      
       s_frexp.c.obj                 100    0         0      
       sprintf.c.obj                 98     0         0      
       ltoa.c.obj                    84     0         0      
       atoi.c.obj                    76     0         0      
       fd_toi_t2.asm.obj             72     0         0      
       autoinit.c.obj                68     0         0      
       boot_cortex_m.c.obj           52     0         0      
       i_tofd_t2.asm.obj             46     0         0      
       memccpy.c.obj                 28     0         0      
       s_copysign.c.obj              26     0         0      
       strchr.c.obj                  22     0         0      
       strlen.c.obj                  20     0         0      
       copy_zero_init.c.obj          18     0         0      
       wcslen.c.obj                  18     0         0      
       errno.c.obj                   8      0         8      
       copy_decompress_none.c.obj    14     0         0      
       exit.c.obj                    4      0         0      
       pre_init.c.obj                4      0         0      
       div0.asm.obj                  2      0         0      
    +--+-----------------------------+------+---------+---------+
       Total:                        7683   257       8      
                                                             
       Stack:                        0      0         1024   
       Linker Generated:             0      43        0      
    +--+-----------------------------+------+---------+---------+
       Grand Total:                  9040   564       1100   


LINKER GENERATED COPY TABLES

__TI_cinit_table @ 00002590 records: 2, size/record: 8, table size: 16
	.bss: load addr=00002580, load size=00000008 bytes, run addr=20000000, run size=00000022 bytes, compression=zero_init
	.data: load addr=00002588, load size=00000007 bytes, run addr=20000024, run size=00000004 bytes, compression=lzss


LINKER GENERATED HANDLER TABLE

__TI_handler_table @ 00002570 records: 3, size/record: 4, table size: 12
	index: 0, handler: __TI_decompress_lzss
	index: 1, handler: __TI_decompress_none
	index: 2, handler: __TI_zero_init


GLOBAL SYMBOLS: SORTED ALPHABETICALLY BY Name 

address   name                          
-------   ----                          
00000b33  ADC14_IRQHandler              
00000b33  AES256_IRQHandler             
00000b33  BusFault_Handler              
00002441  C$$EXIT                       
00000b33  COMP_E0_IRQHandler            
00000b33  COMP_E1_IRQHandler            
00000b33  CS_IRQHandler                 
000022a1  CS_setDCOCenteredFrequency    
00000b33  DMA_ERR_IRQHandler            
00000b33  DMA_INT0_IRQHandler           
00000b33  DMA_INT1_IRQHandler           
00000b33  DMA_INT2_IRQHandler           
00000b33  DMA_INT3_IRQHandler           
00000b33  DebugMon_Handler              
00000b33  Default_Handler               
00001cc1  EUSCIA0_IRQHandler            
00001cc1  EUSCIA0_IRQHandler            
00000b33  EUSCIA1_IRQHandler            
00000b33  EUSCIA2_IRQHandler            
00000b33  EUSCIA3_IRQHandler            
00000b33  EUSCIB0_IRQHandler            
00000b33  EUSCIB1_IRQHandler            
00000b33  EUSCIB2_IRQHandler            
00000b33  EUSCIB3_IRQHandler            
00000b33  FLCTL_IRQHandler              
00000b33  FPU_IRQHandler                
00000b33  HardFault_Handler             
00000b33  MemManage_Handler             
00000b33  NMI_Handler                   
00000b33  PCM_IRQHandler                
00000b33  PORT1_IRQHandler              
00000b33  PORT2_IRQHandler              
00000b33  PORT3_IRQHandler              
00000b33  PORT4_IRQHandler              
00000b33  PORT5_IRQHandler              
00000b33  PORT6_IRQHandler              
00000b33  PSS_IRQHandler                
00000b33  PendSV_Handler                
00000b33  RTC_C_IRQHandler              
0000241f  Reset_Handler                 
00000b33  SVC_Handler                   
00000b33  SysTick_Handler               
00001c49  SystemInit                    
00000b33  T32_INT1_IRQHandler           
00000b33  T32_INT2_IRQHandler           
00000b33  T32_INTC_IRQHandler           
00000b33  TA0_0_IRQHandler              
00000b33  TA0_N_IRQHandler              
00000b33  TA1_0_IRQHandler              
00000b33  TA1_N_IRQHandler              
00000b33  TA2_0_IRQHandler              
00000b33  TA2_N_IRQHandler              
00000b33  TA3_0_IRQHandler              
00000b33  TA3_N_IRQHandler              
00000b33  UsageFault_Handler            
4000480c  WDTCTL_SYM                    
00000b33  WDT_A_IRQHandler              
20010000  __STACK_END                   
00000200  __STACK_SIZE                  
00002590  __TI_CINIT_Base               
000025a0  __TI_CINIT_Limit              
00002570  __TI_Handler_Table_Base       
0000257c  __TI_Handler_Table_Limit      
00002199  __TI_auto_init_nobinit_nopinit
00001e11  __TI_decompress_lzss          
00002411  __TI_decompress_none          
ffffffff  __TI_pprof_out_hndl           
000000e5  __TI_printfi                  
ffffffff  __TI_prof_data_size           
ffffffff  __TI_prof_data_start          
00000000  __TI_static_base__            
000023ed  __TI_zero_init_nomemset       
00001a41  __aeabi_cdcmpeq               
00001a41  __aeabi_cdcmple               
00001ac7  __aeabi_cdrcmple              
00002151  __aeabi_d2iz                  
00000f7f  __aeabi_dadd                  
000013f5  __aeabi_ddiv                  
00001761  __aeabi_dmul                  
00000f75  __aeabi_dsub                  
00002435  __aeabi_errno_addr            
00002309  __aeabi_i2d                   
0000112b  __aeabi_idiv0                 
0000112b  __aeabi_ldiv0                 
00001bcd  __aeabi_memclr                
00001bcd  __aeabi_memclr4               
00001bcd  __aeabi_memclr8               
0000190f  __aeabi_memcpy                
0000190f  __aeabi_memcpy4               
0000190f  __aeabi_memcpy8               
00001bcf  __aeabi_memset                
00001bcf  __aeabi_memset4               
00001bcf  __aeabi_memset8               
000019ab  __aeabi_uldivmod              
ffffffff  __binit__                     
ffffffff  __c_args__                    
UNDEFED   __mpu_init                    
2000fe00  __stack                       
000022d5  _c_int00_noargs               
00002444  _ctypes_                      
UNDEFED   _system_post_cinit            
0000243d  _system_pre_init              
00002441  abort                         
00002105  atoi                          
ffffffff  binit                         
00001e79  compareStrings                
00002391  copysign                      
00002391  copysignl                     
20000024  errno                         
00001ee1  frexp                         
00001ee1  frexpl                        
00001b4d  initUART                      
00000000  interruptVectors              
00001651  ldexp                         
00001651  ldexpl                        
0000205f  ltoa                          
0000112d  main                          
00002359  memccpy                       
0000190f  memcpy                        
00001bd5  memset                        
00002375  readInt                       
00001f45  readString                    
20000000  ringBuffer                    
00001651  scalbn                        
00001651  scalbnl                       
000021dd  searchForChar                 
00001fa9  searchSubString               
00002221  sprintf                       
000023c3  strchr                        
000023d9  strlen                        
00002548  uartConfig                    
000023ff  wcslen                        
00002339  writeInt                      
00001da5  writeString                   


GLOBAL SYMBOLS: SORTED BY Symbol Address 

address   name                          
-------   ----                          
00000000  __TI_static_base__            
00000000  interruptVectors              
000000e5  __TI_printfi                  
00000200  __STACK_SIZE                  
00000b33  ADC14_IRQHandler              
00000b33  AES256_IRQHandler             
00000b33  BusFault_Handler              
00000b33  COMP_E0_IRQHandler            
00000b33  COMP_E1_IRQHandler            
00000b33  CS_IRQHandler                 
00000b33  DMA_ERR_IRQHandler            
00000b33  DMA_INT0_IRQHandler           
00000b33  DMA_INT1_IRQHandler           
00000b33  DMA_INT2_IRQHandler           
00000b33  DMA_INT3_IRQHandler           
00000b33  DebugMon_Handler              
00000b33  Default_Handler               
00000b33  EUSCIA1_IRQHandler            
00000b33  EUSCIA2_IRQHandler            
00000b33  EUSCIA3_IRQHandler            
00000b33  EUSCIB0_IRQHandler            
00000b33  EUSCIB1_IRQHandler            
00000b33  EUSCIB2_IRQHandler            
00000b33  EUSCIB3_IRQHandler            
00000b33  FLCTL_IRQHandler              
00000b33  FPU_IRQHandler                
00000b33  HardFault_Handler             
00000b33  MemManage_Handler             
00000b33  NMI_Handler                   
00000b33  PCM_IRQHandler                
00000b33  PORT1_IRQHandler              
00000b33  PORT2_IRQHandler              
00000b33  PORT3_IRQHandler              
00000b33  PORT4_IRQHandler              
00000b33  PORT5_IRQHandler              
00000b33  PORT6_IRQHandler              
00000b33  PSS_IRQHandler                
00000b33  PendSV_Handler                
00000b33  RTC_C_IRQHandler              
00000b33  SVC_Handler                   
00000b33  SysTick_Handler               
00000b33  T32_INT1_IRQHandler           
00000b33  T32_INT2_IRQHandler           
00000b33  T32_INTC_IRQHandler           
00000b33  TA0_0_IRQHandler              
00000b33  TA0_N_IRQHandler              
00000b33  TA1_0_IRQHandler              
00000b33  TA1_N_IRQHandler              
00000b33  TA2_0_IRQHandler              
00000b33  TA2_N_IRQHandler              
00000b33  TA3_0_IRQHandler              
00000b33  TA3_N_IRQHandler              
00000b33  UsageFault_Handler            
00000b33  WDT_A_IRQHandler              
00000f75  __aeabi_dsub                  
00000f7f  __aeabi_dadd                  
0000112b  __aeabi_idiv0                 
0000112b  __aeabi_ldiv0                 
0000112d  main                          
000013f5  __aeabi_ddiv                  
00001651  ldexp                         
00001651  ldexpl                        
00001651  scalbn                        
00001651  scalbnl                       
00001761  __aeabi_dmul                  
0000190f  __aeabi_memcpy                
0000190f  __aeabi_memcpy4               
0000190f  __aeabi_memcpy8               
0000190f  memcpy                        
000019ab  __aeabi_uldivmod              
00001a41  __aeabi_cdcmpeq               
00001a41  __aeabi_cdcmple               
00001ac7  __aeabi_cdrcmple              
00001b4d  initUART                      
00001bcd  __aeabi_memclr                
00001bcd  __aeabi_memclr4               
00001bcd  __aeabi_memclr8               
00001bcf  __aeabi_memset                
00001bcf  __aeabi_memset4               
00001bcf  __aeabi_memset8               
00001bd5  memset                        
00001c49  SystemInit                    
00001cc1  EUSCIA0_IRQHandler            
00001cc1  EUSCIA0_IRQHandler            
00001da5  writeString                   
00001e11  __TI_decompress_lzss          
00001e79  compareStrings                
00001ee1  frexp                         
00001ee1  frexpl                        
00001f45  readString                    
00001fa9  searchSubString               
0000205f  ltoa                          
00002105  atoi                          
00002151  __aeabi_d2iz                  
00002199  __TI_auto_init_nobinit_nopinit
000021dd  searchForChar                 
00002221  sprintf                       
000022a1  CS_setDCOCenteredFrequency    
000022d5  _c_int00_noargs               
00002309  __aeabi_i2d                   
00002339  writeInt                      
00002359  memccpy                       
00002375  readInt                       
00002391  copysign                      
00002391  copysignl                     
000023c3  strchr                        
000023d9  strlen                        
000023ed  __TI_zero_init_nomemset       
000023ff  wcslen                        
00002411  __TI_decompress_none          
0000241f  Reset_Handler                 
00002435  __aeabi_errno_addr            
0000243d  _system_pre_init              
00002441  C$$EXIT                       
00002441  abort                         
00002444  _ctypes_                      
00002548  uartConfig                    
00002570  __TI_Handler_Table_Base       
0000257c  __TI_Handler_Table_Limit      
00002590  __TI_CINIT_Base               
000025a0  __TI_CINIT_Limit              
20000000  ringBuffer                    
20000024  errno                         
2000fe00  __stack                       
20010000  __STACK_END                   
4000480c  WDTCTL_SYM                    
ffffffff  __TI_pprof_out_hndl           
ffffffff  __TI_prof_data_size           
ffffffff  __TI_prof_data_start          
ffffffff  __binit__                     
ffffffff  __c_args__                    
ffffffff  binit                         
UNDEFED   __mpu_init                    
UNDEFED   _system_post_cinit            

[134 symbols]
