******************************************************************************
                  TI ARM Linker PC v18.12.1                    
******************************************************************************
>> Linked Thu Jul 25 13:58:57 2019

OUTPUT FILE NAME:   <SkeletalCodeLabExam1Prob2.out>
ENTRY POINT SYMBOL: "_c_int00_noargs"  address: 000007c5


MEMORY CONFIGURATION

         name            origin    length      used     unused   attr    fill
----------------------  --------  ---------  --------  --------  ----  --------
  MAIN                  00000000   00040000  00000a9a  0003f566  R  X
  INFO                  00200000   00004000  00000000  00004000  R  X
  SRAM_CODE             01000000   00010000  00000203  0000fdfd  RW X
  SRAM_DATA             20000000   00010000  00000203  0000fdfd  RW  


SEGMENT ALLOCATION MAP

run origin  load origin   length   init length attrs members
----------  ----------- ---------- ----------- ----- -------
00000000    00000000    00000aa0   00000aa0    r-x
  00000000    00000000    000000e4   000000e4    r-- .intvecs
  000000e4    000000e4    0000092a   0000092a    r-x .text
  00000a10    00000a10    0000005c   0000005c    r-- .const
  00000a70    00000a70    00000030   00000030    r-- .cinit
20000000    20000000    00000003   00000000    rw-
  20000000    20000000    00000002   00000000    rw- .data
  20000002    20000002    00000001   00000000    rw- .bss
2000fe00    2000fe00    00000200   00000000    rw-
  2000fe00    2000fe00    00000200   00000000    rw- .stack


SECTION ALLOCATION MAP

 output                                  attributes/
section   page    origin      length       input sections
--------  ----  ----------  ----------   ----------------
.intvecs   0    00000000    000000e4     
                  00000000    000000e4     startup_msp432p401r_ccs.obj (.intvecs:retain)

.text      0    000000e4    0000092a     
                  000000e4    000001c8     main.obj (.text:main)
                  000002ac    0000009c     rtsv7M4_T_le_v4SPD16_eabi.lib : memcpy_t2.asm.obj (.text)
                  00000348    00000088     msp432p4xx_driverlib.lib : gpio.o (.text:GPIO_setAsPeripheralModuleFunctionInputPin)
                  000003d0    00000084                              : gpio.o (.text:GPIO_getEnabledInterruptStatus)
                  00000454    00000080                              : interrupt.o (.text:Interrupt_enableInterrupt)
                  000004d4    00000078     system_msp432p401r.obj (.text:SystemInit)
                  0000054c    00000068     rtsv7M4_T_le_v4SPD16_eabi.lib : copy_decompress_lzss.c.obj (.text:decompress:lzss:__TI_decompress_lzss)
                  000005b4    00000058     msp432p4xx_driverlib.lib : gpio.o (.text:GPIO_setAsInputPinWithPullUpResistor)
                  0000060c    00000056                              : uart.o (.text:UART_getEnabledInterruptStatus)
                  00000662    00000002     startup_msp432p401r_ccs.obj (.text:Default_Handler)
                  00000664    00000044     rtsv7M4_T_le_v4SPD16_eabi.lib : autoinit.c.obj (.text:__TI_auto_init_nobinit_nopinit:__TI_auto_init_nobinit_nopinit)
                  000006a8    00000040     msp432p4xx_driverlib.lib : gpio.o (.text:GPIO_setAsOutputPin)
                  000006e8    0000003c                              : gpio.o (.text:GPIO_interruptEdgeSelect)
                  00000724    00000038     main.obj (.text:EUSCIA0_IRQHandler)
                  0000075c    00000034     msp432p4xx_driverlib.lib : cs.o (.text:CS_setDCOCenteredFrequency)
                  00000790    00000034                              : uart.o (.text:UART_transmitData)
                  000007c4    00000034     rtsv7M4_T_le_v4SPD16_eabi.lib : boot_cortex_m.c.obj (.text:_c_int00_noargs:_c_int00_noargs)
                  000007f8    00000030     msp432p4xx_driverlib.lib : uart.o (.text:UART_enableInterrupt)
                  00000828    00000030                              : uart.o (.text:UART_receiveData)
                  00000858    00000028                              : gpio.o (.text:GPIO_clearInterruptFlag)
                  00000880    00000028                              : gpio.o (.text:GPIO_enableInterrupt)
                  000008a8    00000028                              : gpio.o (.text:GPIO_setOutputHighOnPin)
                  000008d0    00000028                              : gpio.o (.text:GPIO_setOutputLowOnPin)
                  000008f8    00000028                              : gpio.o (.text:GPIO_toggleOutputOnPin)
                  00000920    00000028     main.obj (.text:halfsecdelay)
                  00000948    00000024     msp432p4xx_driverlib.lib : gpio.o (.text:GPIO_getInterruptStatus)
                  0000096c    00000024     main.obj (.text:PORT1_IRQHandler)
                  00000990    00000018     msp432p4xx_driverlib.lib : uart.o (.text:UART_getInterruptStatus)
                  000009a8    00000016                              : uart.o (.text:UART_clearInterruptFlag)
                  000009be    00000012     rtsv7M4_T_le_v4SPD16_eabi.lib : copy_zero_init.c.obj (.text:decompress:ZI:__TI_zero_init_nomemset:__TI_zero_init_nomemset)
                  000009d0    00000010     msp432p4xx_driverlib.lib : interrupt.o (.text:Interrupt_enableMaster)
                  000009e0    0000000e     rtsv7M4_T_le_v4SPD16_eabi.lib : copy_decompress_none.c.obj (.text:decompress:none:__TI_decompress_none)
                  000009ee    0000000c     msp432p4xx_driverlib.lib : cpu.o (.text:CPU_cpsie)
                  000009fa    0000000c     startup_msp432p401r_ccs.obj (.text:Reset_Handler)
                  00000a06    00000004     rtsv7M4_T_le_v4SPD16_eabi.lib : pre_init.c.obj (.text:_system_pre_init)
                  00000a0a    00000004                                   : exit.c.obj (.text:abort:abort)

.const     0    00000a10    0000005c     
                  00000a10    00000030     msp432p4xx_driverlib.lib : gpio.o (.const:GPIO_PORT_TO_BASE)
                  00000a40    00000024     main.obj (.const:uartConfig)
                  00000a64    00000008     msp432p4xx_driverlib.lib : interrupt.o (.const:g_pulEnRegs)

.cinit     0    00000a70    00000030     
                  00000a70    0000000c     (__TI_handler_table)
                  00000a7c    00000004     --HOLE-- [fill = 0]
                  00000a80    00000008     (.cinit..bss.load) [load image, compression = zero_init]
                  00000a88    00000006     (.cinit..data.load) [load image, compression = lzss]
                  00000a8e    00000002     --HOLE-- [fill = 0]
                  00000a90    00000010     (__TI_cinit_table)

.init_array 
*          0    00000000    00000000     UNINITIALIZED

.binit     0    00000000    00000000     

.data      0    20000000    00000002     UNINITIALIZED
                  20000000    00000002     main.obj (.data)

.bss       0    20000002    00000001     UNINITIALIZED
                  20000002    00000001     (.common:colorcode)

.stack     0    2000fe00    00000200     UNINITIALIZED
                  2000fe00    00000004     rtsv7M4_T_le_v4SPD16_eabi.lib : boot_cortex_m.c.obj (.stack)
                  2000fe04    000001fc     --HOLE--

MODULE SUMMARY

       Module                        code   ro data   rw data
       ------                        ----   -------   -------
    .\
       main.obj                      588    36        6      
       system_msp432p401r.obj        120    0         0      
    +--+-----------------------------+------+---------+---------+
       Total:                        708    36        6      
                                                             
    .\ccs\
       startup_msp432p401r_ccs.obj   14     228       0      
    +--+-----------------------------+------+---------+---------+
       Total:                        14     228       0      
                                                             
    C:/ti/simplelink_msp432p4_sdk_3_20_00_06/source/ti/devices/msp432p4xx/driverlib/ccs/msp432p4xx_driverlib.lib
       gpio.o                        716    48        0      
       uart.o                        280    0         0      
       interrupt.o                   144    8         0      
       cs.o                          52     0         0      
       cpu.o                         12     0         0      
    +--+-----------------------------+------+---------+---------+
       Total:                        1204   56        0      
                                                             
    C:\ti\ccs901\ccs\tools\compiler\ti-cgt-arm_18.12.1.LTS\lib\rtsv7M4_T_le_v4SPD16_eabi.lib
       memcpy_t2.asm.obj             156    0         0      
       copy_decompress_lzss.c.obj    104    0         0      
       autoinit.c.obj                68     0         0      
       boot_cortex_m.c.obj           52     0         0      
       copy_zero_init.c.obj          18     0         0      
       copy_decompress_none.c.obj    14     0         0      
       exit.c.obj                    4      0         0      
       pre_init.c.obj                4      0         0      
    +--+-----------------------------+------+---------+---------+
       Total:                        420    0         0      
                                                             
       Stack:                        0      0         1024   
       Linker Generated:             0      42        0      
    +--+-----------------------------+------+---------+---------+
       Grand Total:                  2346   362       1030   


LINKER GENERATED COPY TABLES

__TI_cinit_table @ 00000a90 records: 2, size/record: 8, table size: 16
	.bss: load addr=00000a80, load size=00000008 bytes, run addr=20000002, run size=00000001 bytes, compression=zero_init
	.data: load addr=00000a88, load size=00000006 bytes, run addr=20000000, run size=00000002 bytes, compression=lzss


LINKER GENERATED HANDLER TABLE

__TI_handler_table @ 00000a70 records: 3, size/record: 4, table size: 12
	index: 0, handler: __TI_decompress_lzss
	index: 1, handler: __TI_decompress_none
	index: 2, handler: __TI_zero_init


GLOBAL SYMBOLS: SORTED ALPHABETICALLY BY Name 

address   name                                      
-------   ----                                      
00000663  ADC14_IRQHandler                          
00000663  AES256_IRQHandler                         
00000663  BusFault_Handler                          
00000a0b  C$$EXIT                                   
00000663  COMP_E0_IRQHandler                        
00000663  COMP_E1_IRQHandler                        
000009ef  CPU_cpsie                                 
00000663  CS_IRQHandler                             
0000075d  CS_setDCOCenteredFrequency                
00000663  DMA_ERR_IRQHandler                        
00000663  DMA_INT0_IRQHandler                       
00000663  DMA_INT1_IRQHandler                       
00000663  DMA_INT2_IRQHandler                       
00000663  DMA_INT3_IRQHandler                       
00000663  DebugMon_Handler                          
00000663  Default_Handler                           
00000725  EUSCIA0_IRQHandler                        
00000725  EUSCIA0_IRQHandler                        
00000663  EUSCIA1_IRQHandler                        
00000663  EUSCIA2_IRQHandler                        
00000663  EUSCIA3_IRQHandler                        
00000663  EUSCIB0_IRQHandler                        
00000663  EUSCIB1_IRQHandler                        
00000663  EUSCIB2_IRQHandler                        
00000663  EUSCIB3_IRQHandler                        
00000663  FLCTL_IRQHandler                          
00000663  FPU_IRQHandler                            
00000859  GPIO_clearInterruptFlag                   
00000881  GPIO_enableInterrupt                      
000003d1  GPIO_getEnabledInterruptStatus            
00000949  GPIO_getInterruptStatus                   
000006e9  GPIO_interruptEdgeSelect                  
000005b5  GPIO_setAsInputPinWithPullUpResistor      
000006a9  GPIO_setAsOutputPin                       
00000349  GPIO_setAsPeripheralModuleFunctionInputPin
000008a9  GPIO_setOutputHighOnPin                   
000008d1  GPIO_setOutputLowOnPin                    
000008f9  GPIO_toggleOutputOnPin                    
00000663  HardFault_Handler                         
00000455  Interrupt_enableInterrupt                 
000009d1  Interrupt_enableMaster                    
00000663  MemManage_Handler                         
00000663  NMI_Handler                               
00000663  PCM_IRQHandler                            
0000096d  PORT1_IRQHandler                          
0000096d  PORT1_IRQHandler                          
00000663  PORT2_IRQHandler                          
00000663  PORT3_IRQHandler                          
00000663  PORT4_IRQHandler                          
00000663  PORT5_IRQHandler                          
00000663  PORT6_IRQHandler                          
00000663  PSS_IRQHandler                            
00000663  PendSV_Handler                            
00000663  RTC_C_IRQHandler                          
000009fb  Reset_Handler                             
00000663  SVC_Handler                               
00000663  SysTick_Handler                           
000004d5  SystemInit                                
00000663  T32_INT1_IRQHandler                       
00000663  T32_INT2_IRQHandler                       
00000663  T32_INTC_IRQHandler                       
00000663  TA0_0_IRQHandler                          
00000663  TA0_N_IRQHandler                          
00000663  TA1_0_IRQHandler                          
00000663  TA1_N_IRQHandler                          
00000663  TA2_0_IRQHandler                          
00000663  TA2_N_IRQHandler                          
00000663  TA3_0_IRQHandler                          
00000663  TA3_N_IRQHandler                          
000009a9  UART_clearInterruptFlag                   
000007f9  UART_enableInterrupt                      
0000060d  UART_getEnabledInterruptStatus            
00000991  UART_getInterruptStatus                   
00000829  UART_receiveData                          
00000791  UART_transmitData                         
00000663  UsageFault_Handler                        
4000480c  WDTCTL_SYM                                
00000663  WDT_A_IRQHandler                          
20010000  __STACK_END                               
00000200  __STACK_SIZE                              
00000a90  __TI_CINIT_Base                           
00000aa0  __TI_CINIT_Limit                          
00000a70  __TI_Handler_Table_Base                   
00000a7c  __TI_Handler_Table_Limit                  
00000665  __TI_auto_init_nobinit_nopinit            
0000054d  __TI_decompress_lzss                      
000009e1  __TI_decompress_none                      
ffffffff  __TI_pprof_out_hndl                       
ffffffff  __TI_prof_data_size                       
ffffffff  __TI_prof_data_start                      
00000000  __TI_static_base__                        
000009bf  __TI_zero_init_nomemset                   
000002ad  __aeabi_memcpy                            
000002ad  __aeabi_memcpy4                           
000002ad  __aeabi_memcpy8                           
ffffffff  __binit__                                 
ffffffff  __c_args__                                
UNDEFED   __mpu_init                                
2000fe00  __stack                                   
000007c5  _c_int00_noargs                           
UNDEFED   _system_post_cinit                        
00000a07  _system_pre_init                          
00000a0b  abort                                     
ffffffff  binit                                     
20000002  colorcode                                 
20000000  flag                                      
00000921  halfsecdelay                              
00000000  interruptVectors                          
000000e5  main                                      
000002ad  memcpy                                    
00000a40  uartConfig                                


GLOBAL SYMBOLS: SORTED BY Symbol Address 

address   name                                      
-------   ----                                      
00000000  __TI_static_base__                        
00000000  interruptVectors                          
000000e5  main                                      
00000200  __STACK_SIZE                              
000002ad  __aeabi_memcpy                            
000002ad  __aeabi_memcpy4                           
000002ad  __aeabi_memcpy8                           
000002ad  memcpy                                    
00000349  GPIO_setAsPeripheralModuleFunctionInputPin
000003d1  GPIO_getEnabledInterruptStatus            
00000455  Interrupt_enableInterrupt                 
000004d5  SystemInit                                
0000054d  __TI_decompress_lzss                      
000005b5  GPIO_setAsInputPinWithPullUpResistor      
0000060d  UART_getEnabledInterruptStatus            
00000663  ADC14_IRQHandler                          
00000663  AES256_IRQHandler                         
00000663  BusFault_Handler                          
00000663  COMP_E0_IRQHandler                        
00000663  COMP_E1_IRQHandler                        
00000663  CS_IRQHandler                             
00000663  DMA_ERR_IRQHandler                        
00000663  DMA_INT0_IRQHandler                       
00000663  DMA_INT1_IRQHandler                       
00000663  DMA_INT2_IRQHandler                       
00000663  DMA_INT3_IRQHandler                       
00000663  DebugMon_Handler                          
00000663  Default_Handler                           
00000663  EUSCIA1_IRQHandler                        
00000663  EUSCIA2_IRQHandler                        
00000663  EUSCIA3_IRQHandler                        
00000663  EUSCIB0_IRQHandler                        
00000663  EUSCIB1_IRQHandler                        
00000663  EUSCIB2_IRQHandler                        
00000663  EUSCIB3_IRQHandler                        
00000663  FLCTL_IRQHandler                          
00000663  FPU_IRQHandler                            
00000663  HardFault_Handler                         
00000663  MemManage_Handler                         
00000663  NMI_Handler                               
00000663  PCM_IRQHandler                            
00000663  PORT2_IRQHandler                          
00000663  PORT3_IRQHandler                          
00000663  PORT4_IRQHandler                          
00000663  PORT5_IRQHandler                          
00000663  PORT6_IRQHandler                          
00000663  PSS_IRQHandler                            
00000663  PendSV_Handler                            
00000663  RTC_C_IRQHandler                          
00000663  SVC_Handler                               
00000663  SysTick_Handler                           
00000663  T32_INT1_IRQHandler                       
00000663  T32_INT2_IRQHandler                       
00000663  T32_INTC_IRQHandler                       
00000663  TA0_0_IRQHandler                          
00000663  TA0_N_IRQHandler                          
00000663  TA1_0_IRQHandler                          
00000663  TA1_N_IRQHandler                          
00000663  TA2_0_IRQHandler                          
00000663  TA2_N_IRQHandler                          
00000663  TA3_0_IRQHandler                          
00000663  TA3_N_IRQHandler                          
00000663  UsageFault_Handler                        
00000663  WDT_A_IRQHandler                          
00000665  __TI_auto_init_nobinit_nopinit            
000006a9  GPIO_setAsOutputPin                       
000006e9  GPIO_interruptEdgeSelect                  
00000725  EUSCIA0_IRQHandler                        
00000725  EUSCIA0_IRQHandler                        
0000075d  CS_setDCOCenteredFrequency                
00000791  UART_transmitData                         
000007c5  _c_int00_noargs                           
000007f9  UART_enableInterrupt                      
00000829  UART_receiveData                          
00000859  GPIO_clearInterruptFlag                   
00000881  GPIO_enableInterrupt                      
000008a9  GPIO_setOutputHighOnPin                   
000008d1  GPIO_setOutputLowOnPin                    
000008f9  GPIO_toggleOutputOnPin                    
00000921  halfsecdelay                              
00000949  GPIO_getInterruptStatus                   
0000096d  PORT1_IRQHandler                          
0000096d  PORT1_IRQHandler                          
00000991  UART_getInterruptStatus                   
000009a9  UART_clearInterruptFlag                   
000009bf  __TI_zero_init_nomemset                   
000009d1  Interrupt_enableMaster                    
000009e1  __TI_decompress_none                      
000009ef  CPU_cpsie                                 
000009fb  Reset_Handler                             
00000a07  _system_pre_init                          
00000a0b  C$$EXIT                                   
00000a0b  abort                                     
00000a40  uartConfig                                
00000a70  __TI_Handler_Table_Base                   
00000a7c  __TI_Handler_Table_Limit                  
00000a90  __TI_CINIT_Base                           
00000aa0  __TI_CINIT_Limit                          
20000000  flag                                      
20000002  colorcode                                 
2000fe00  __stack                                   
20010000  __STACK_END                               
4000480c  WDTCTL_SYM                                
ffffffff  __TI_pprof_out_hndl                       
ffffffff  __TI_prof_data_size                       
ffffffff  __TI_prof_data_start                      
ffffffff  __binit__                                 
ffffffff  __c_args__                                
ffffffff  binit                                     
UNDEFED   __mpu_init                                
UNDEFED   _system_post_cinit                        

[111 symbols]
