******************************************************************************
                  TI ARM Linker PC v18.12.1                    
******************************************************************************
>> Linked Mon Jul 29 15:16:06 2019

OUTPUT FILE NAME:   <elapsed_time_MSP_EXP432P401R_nortos_ccs.out>
ENTRY POINT SYMBOL: "_c_int00_noargs"  address: 00000541


MEMORY CONFIGURATION

         name            origin    length      used     unused   attr    fill
----------------------  --------  ---------  --------  --------  ----  --------
  MAIN                  00000000   00040000  00000636  0003f9ca  R  X
  INFO                  00200000   00004000  00000000  00004000  R  X
  SRAM_CODE             01000000   00010000  00000222  0000fdde  RW X
  SRAM_DATA             20000000   00010000  00000222  0000fdde  RW  


SEGMENT ALLOCATION MAP

run origin  load origin   length   init length attrs members
----------  ----------- ---------- ----------- ----- -------
00000000    00000000    0000063c   0000063c    r-x
  00000000    00000000    000000e4   000000e4    r-- .intvecs
  000000e4    000000e4    000004ea   000004ea    r-x .text
  000005d0    000005d0    00000054   00000054    r-- .const
  00000628    00000628    00000014   00000014    r-- .cinit
20000000    20000000    00000022   00000000    rw-
  20000000    20000000    00000022   00000000    rw- .bss
2000fe00    2000fe00    00000200   00000000    rw-
  2000fe00    2000fe00    00000200   00000000    rw- .stack


SECTION ALLOCATION MAP

 output                                  attributes/
section   page    origin      length       input sections
--------  ----  ----------  ----------   ----------------
.intvecs   0    00000000    000000e4     
                  00000000    000000e4     startup_msp432p401r_ccs.obj (.intvecs:retain)

.text      0    000000e4    000004ea     
                  000000e4    00000130     msp432p4xx_driverlib.lib : cs.o (.text:CS_initClockSignal)
                  00000214    0000008c     main.obj (.text:main)
                  000002a0    00000078     system_msp432p401r.obj (.text:SystemInit)
                  00000318    00000078     uart_functions.obj (.text:initUART)
                  00000390    00000074     uart_functions.obj (.text:EUSCIA0_IRQHandler)
                  00000404    0000006c     uart_functions.obj (.text:writeString)
                  00000470    00000058     msp432p4xx_driverlib.lib : gpio.o (.text:GPIO_setAsInputPinWithPullUpResistor)
                  000004c8    00000044     rtsv7M4_T_le_v4SPD16_eabi.lib : autoinit.c.obj (.text:__TI_auto_init_nobinit_nopinit:__TI_auto_init_nobinit_nopinit)
                  0000050c    00000034     msp432p4xx_driverlib.lib : cs.o (.text:CS_setDCOCenteredFrequency)
                  00000540    00000034     rtsv7M4_T_le_v4SPD16_eabi.lib : boot_cortex_m.c.obj (.text:_c_int00_noargs:_c_int00_noargs)
                  00000574    00000030     msp432p4xx_driverlib.lib : cs.o (.text:CS_setReferenceOscillatorFrequency)
                  000005a4    00000012     rtsv7M4_T_le_v4SPD16_eabi.lib : copy_zero_init.c.obj (.text:decompress:ZI:__TI_zero_init_nomemset:__TI_zero_init_nomemset)
                  000005b6    0000000c     startup_msp432p401r_ccs.obj (.text:Reset_Handler)
                  000005c2    00000004     rtsv7M4_T_le_v4SPD16_eabi.lib : pre_init.c.obj (.text:_system_pre_init)
                  000005c6    00000004                                   : exit.c.obj (.text:abort:abort)
                  000005ca    00000002     startup_msp432p401r_ccs.obj (.text:Default_Handler)
                  000005cc    00000002     main.obj (.text:TA0_N_IRQHandler)

.const     0    000005d0    00000054     
                  000005d0    00000030     msp432p4xx_driverlib.lib : gpio.o (.const:GPIO_PORT_TO_BASE)
                  00000600    00000024     uart_functions.obj (.const:uartConfig)

.cinit     0    00000628    00000014     
                  00000628    00000008     (.cinit..bss.load) [load image, compression = zero_init]
                  00000630    00000004     (__TI_handler_table)
                  00000634    00000008     (__TI_cinit_table)

.init_array 
*          0    00000000    00000000     UNINITIALIZED

.binit     0    00000000    00000000     

.bss       0    20000000    00000022     UNINITIALIZED
                  20000000    00000022     (.common:ringBuffer)

.stack     0    2000fe00    00000200     UNINITIALIZED
                  2000fe00    00000004     rtsv7M4_T_le_v4SPD16_eabi.lib : boot_cortex_m.c.obj (.stack)
                  2000fe04    000001fc     --HOLE--

MODULE SUMMARY

       Module                        code   ro data   rw data
       ------                        ----   -------   -------
    .\
       uart_functions.obj            344    36        68     
       main.obj                      142    0         0      
       system_msp432p401r.obj        120    0         0      
    +--+-----------------------------+------+---------+---------+
       Total:                        606    36        68     
                                                             
    .\ccs\
       startup_msp432p401r_ccs.obj   14     228       0      
    +--+-----------------------------+------+---------+---------+
       Total:                        14     228       0      
                                                             
    C:/ti/simplelink_msp432p4_sdk_3_10_00_08/source/ti/devices/msp432p4xx/driverlib/ccs/msp432p4xx_driverlib.lib
       cs.o                          404    0         0      
       gpio.o                        88     48        0      
    +--+-----------------------------+------+---------+---------+
       Total:                        492    48        0      
                                                             
    C:\ti\ccs901\ccs\tools\compiler\ti-cgt-arm_18.12.1.LTS\lib\rtsv7M4_T_le_v4SPD16_eabi.lib
       autoinit.c.obj                68     0         0      
       boot_cortex_m.c.obj           52     0         0      
       copy_zero_init.c.obj          18     0         0      
       exit.c.obj                    4      0         0      
       pre_init.c.obj                4      0         0      
    +--+-----------------------------+------+---------+---------+
       Total:                        146    0         0      
                                                             
       Stack:                        0      0         1024   
       Linker Generated:             0      20        0      
    +--+-----------------------------+------+---------+---------+
       Grand Total:                  1258   332       1092   


LINKER GENERATED COPY TABLES

__TI_cinit_table @ 00000634 records: 1, size/record: 8, table size: 8
	.bss: load addr=00000628, load size=00000008 bytes, run addr=20000000, run size=00000022 bytes, compression=zero_init


LINKER GENERATED HANDLER TABLE

__TI_handler_table @ 00000630 records: 1, size/record: 4, table size: 4
	index: 0, handler: __TI_zero_init


GLOBAL SYMBOLS: SORTED ALPHABETICALLY BY Name 

address   name                                
-------   ----                                
000005cb  ADC14_IRQHandler                    
000005cb  AES256_IRQHandler                   
000005cb  BusFault_Handler                    
000005c7  C$$EXIT                             
000005cb  COMP_E0_IRQHandler                  
000005cb  COMP_E1_IRQHandler                  
000005cb  CS_IRQHandler                       
000000e5  CS_initClockSignal                  
0000050d  CS_setDCOCenteredFrequency          
00000575  CS_setReferenceOscillatorFrequency  
000005cb  DMA_ERR_IRQHandler                  
000005cb  DMA_INT0_IRQHandler                 
000005cb  DMA_INT1_IRQHandler                 
000005cb  DMA_INT2_IRQHandler                 
000005cb  DMA_INT3_IRQHandler                 
000005cb  DebugMon_Handler                    
000005cb  Default_Handler                     
00000391  EUSCIA0_IRQHandler                  
00000391  EUSCIA0_IRQHandler                  
000005cb  EUSCIA1_IRQHandler                  
000005cb  EUSCIA2_IRQHandler                  
000005cb  EUSCIA3_IRQHandler                  
000005cb  EUSCIB0_IRQHandler                  
000005cb  EUSCIB1_IRQHandler                  
000005cb  EUSCIB2_IRQHandler                  
000005cb  EUSCIB3_IRQHandler                  
000005cb  FLCTL_IRQHandler                    
000005cb  FPU_IRQHandler                      
00000471  GPIO_setAsInputPinWithPullUpResistor
000005cb  HardFault_Handler                   
000005cb  MemManage_Handler                   
000005cb  NMI_Handler                         
000005cb  PCM_IRQHandler                      
000005cb  PORT1_IRQHandler                    
000005cb  PORT2_IRQHandler                    
000005cb  PORT3_IRQHandler                    
000005cb  PORT4_IRQHandler                    
000005cb  PORT5_IRQHandler                    
000005cb  PORT6_IRQHandler                    
000005cb  PSS_IRQHandler                      
000005cb  PendSV_Handler                      
000005cb  RTC_C_IRQHandler                    
000005b7  Reset_Handler                       
000005cb  SVC_Handler                         
000005cb  SysTick_Handler                     
000002a1  SystemInit                          
000005cb  T32_INT1_IRQHandler                 
000005cb  T32_INT2_IRQHandler                 
000005cb  T32_INTC_IRQHandler                 
000005cb  TA0_0_IRQHandler                    
000005cd  TA0_N_IRQHandler                    
000005cd  TA0_N_IRQHandler                    
000005cb  TA1_0_IRQHandler                    
000005cb  TA1_N_IRQHandler                    
000005cb  TA2_0_IRQHandler                    
000005cb  TA2_N_IRQHandler                    
000005cb  TA3_0_IRQHandler                    
000005cb  TA3_N_IRQHandler                    
000005cb  UsageFault_Handler                  
4000480c  WDTCTL_SYM                          
000005cb  WDT_A_IRQHandler                    
20010000  __STACK_END                         
00000200  __STACK_SIZE                        
00000634  __TI_CINIT_Base                     
0000063c  __TI_CINIT_Limit                    
00000630  __TI_Handler_Table_Base             
00000634  __TI_Handler_Table_Limit            
000004c9  __TI_auto_init_nobinit_nopinit      
ffffffff  __TI_pprof_out_hndl                 
ffffffff  __TI_prof_data_size                 
ffffffff  __TI_prof_data_start                
00000000  __TI_static_base__                  
000005a5  __TI_zero_init_nomemset             
ffffffff  __binit__                           
ffffffff  __c_args__                          
UNDEFED   __mpu_init                          
2000fe00  __stack                             
00000541  _c_int00_noargs                     
UNDEFED   _system_post_cinit                  
000005c3  _system_pre_init                    
000005c7  abort                               
ffffffff  binit                               
00000319  initUART                            
00000000  interruptVectors                    
00000215  main                                
20000000  ringBuffer                          
00000600  uartConfig                          
00000405  writeString                         


GLOBAL SYMBOLS: SORTED BY Symbol Address 

address   name                                
-------   ----                                
00000000  __TI_static_base__                  
00000000  interruptVectors                    
000000e5  CS_initClockSignal                  
00000200  __STACK_SIZE                        
00000215  main                                
000002a1  SystemInit                          
00000319  initUART                            
00000391  EUSCIA0_IRQHandler                  
00000391  EUSCIA0_IRQHandler                  
00000405  writeString                         
00000471  GPIO_setAsInputPinWithPullUpResistor
000004c9  __TI_auto_init_nobinit_nopinit      
0000050d  CS_setDCOCenteredFrequency          
00000541  _c_int00_noargs                     
00000575  CS_setReferenceOscillatorFrequency  
000005a5  __TI_zero_init_nomemset             
000005b7  Reset_Handler                       
000005c3  _system_pre_init                    
000005c7  C$$EXIT                             
000005c7  abort                               
000005cb  ADC14_IRQHandler                    
000005cb  AES256_IRQHandler                   
000005cb  BusFault_Handler                    
000005cb  COMP_E0_IRQHandler                  
000005cb  COMP_E1_IRQHandler                  
000005cb  CS_IRQHandler                       
000005cb  DMA_ERR_IRQHandler                  
000005cb  DMA_INT0_IRQHandler                 
000005cb  DMA_INT1_IRQHandler                 
000005cb  DMA_INT2_IRQHandler                 
000005cb  DMA_INT3_IRQHandler                 
000005cb  DebugMon_Handler                    
000005cb  Default_Handler                     
000005cb  EUSCIA1_IRQHandler                  
000005cb  EUSCIA2_IRQHandler                  
000005cb  EUSCIA3_IRQHandler                  
000005cb  EUSCIB0_IRQHandler                  
000005cb  EUSCIB1_IRQHandler                  
000005cb  EUSCIB2_IRQHandler                  
000005cb  EUSCIB3_IRQHandler                  
000005cb  FLCTL_IRQHandler                    
000005cb  FPU_IRQHandler                      
000005cb  HardFault_Handler                   
000005cb  MemManage_Handler                   
000005cb  NMI_Handler                         
000005cb  PCM_IRQHandler                      
000005cb  PORT1_IRQHandler                    
000005cb  PORT2_IRQHandler                    
000005cb  PORT3_IRQHandler                    
000005cb  PORT4_IRQHandler                    
000005cb  PORT5_IRQHandler                    
000005cb  PORT6_IRQHandler                    
000005cb  PSS_IRQHandler                      
000005cb  PendSV_Handler                      
000005cb  RTC_C_IRQHandler                    
000005cb  SVC_Handler                         
000005cb  SysTick_Handler                     
000005cb  T32_INT1_IRQHandler                 
000005cb  T32_INT2_IRQHandler                 
000005cb  T32_INTC_IRQHandler                 
000005cb  TA0_0_IRQHandler                    
000005cb  TA1_0_IRQHandler                    
000005cb  TA1_N_IRQHandler                    
000005cb  TA2_0_IRQHandler                    
000005cb  TA2_N_IRQHandler                    
000005cb  TA3_0_IRQHandler                    
000005cb  TA3_N_IRQHandler                    
000005cb  UsageFault_Handler                  
000005cb  WDT_A_IRQHandler                    
000005cd  TA0_N_IRQHandler                    
000005cd  TA0_N_IRQHandler                    
00000600  uartConfig                          
00000630  __TI_Handler_Table_Base             
00000634  __TI_CINIT_Base                     
00000634  __TI_Handler_Table_Limit            
0000063c  __TI_CINIT_Limit                    
20000000  ringBuffer                          
2000fe00  __stack                             
20010000  __STACK_END                         
4000480c  WDTCTL_SYM                          
ffffffff  __TI_pprof_out_hndl                 
ffffffff  __TI_prof_data_size                 
ffffffff  __TI_prof_data_start                
ffffffff  __binit__                           
ffffffff  __c_args__                          
ffffffff  binit                               
UNDEFED   __mpu_init                          
UNDEFED   _system_post_cinit                  

[88 symbols]
