******************************************************************************
                  TI ARM Linker PC v18.1.5                     
******************************************************************************
>> Linked Wed May  1 12:26:13 2019

OUTPUT FILE NAME:   <Lab3B_MSP_EXP432P401R_nortos_ccs.out>
ENTRY POINT SYMBOL: "_c_int00_noargs"  address: 00000721


MEMORY CONFIGURATION

         name            origin    length      used     unused   attr    fill
----------------------  --------  ---------  --------  --------  ----  --------
  MAIN                  00000000   00040000  000008a0  0003f760  R  X
  INFO                  00200000   00004000  00000000  00004000  R  X
  SRAM_CODE             01000000   00010000  0000020c  0000fdf4  RW X
  SRAM_DATA             20000000   00010000  0000020c  0000fdf4  RW  


SEGMENT ALLOCATION MAP

run origin  load origin   length   init length attrs members
----------  ----------- ---------- ----------- ----- -------
00000000    00000000    000008a0   000008a0    r-x
  00000000    00000000    000000e4   000000e4    r-- .intvecs
  000000e4    000000e4    0000075c   0000075c    r-x .text
  00000840    00000840    00000048   00000048    r-- .const
  00000888    00000888    00000018   00000018    r-- .cinit
20000000    20000000    0000000c   00000000    rw-
  20000000    20000000    0000000c   00000000    rw- .data
2000fe00    2000fe00    00000200   00000000    rw-
  2000fe00    2000fe00    00000200   00000000    rw- .stack


SECTION ALLOCATION MAP

 output                                  attributes/
section   page    origin      length       input sections
--------  ----  ----------  ----------   ----------------
.intvecs   0    00000000    000000e4     
                  00000000    000000e4     startup_msp432p401r_ccs.obj (.intvecs:retain)

.text      0    000000e4    0000075c     
                  000000e4    00000144     msp432p4xx_driverlib.lib : timer_a.o (.text:privateTimer_AProcessClockSourceDivider)
                  00000228    00000130                              : cs.o (.text:CS_initClockSignal)
                  00000358    000000e4     main.obj (.text:main)
                  0000043c    0000009c     rtsv7M4_T_le_v4SPD16_eabi.lib : memcpy_t2.asm.obj (.text)
                  000004d8    00000080     msp432p4xx_driverlib.lib : interrupt.o (.text:Interrupt_enableInterrupt)
                  00000558    00000078     system_msp432p401r.obj (.text:SystemInit)
                  000005d0    00000068     rtsv7M4_T_le_v4SPD16_eabi.lib : copy_decompress_lzss.c.obj (.text:decompress:lzss:__TI_decompress_lzss)
                  00000638    00000058     msp432p4xx_driverlib.lib : gpio.o (.text:GPIO_setAsInputPinWithPullUpResistor)
                  00000690    0000004c                              : timer_a.o (.text:Timer_A_getCounterValue)
                  000006dc    00000044     rtsv7M4_T_le_v4SPD16_eabi.lib : autoinit.c.obj (.text:__TI_auto_init_nobinit_nopinit:__TI_auto_init_nobinit_nopinit)
                  00000720    00000038                                   : boot_cortex_m.c.obj (.text:_c_int00_noargs:_c_int00_noargs)
                  00000758    00000034     msp432p4xx_driverlib.lib : timer_a.o (.text:Timer_A_configureContinuousMode)
                  0000078c    00000030                              : gpio.o (.text:GPIO_getInputPinValue)
                  000007bc    00000018     main.obj (.text:TA0_N_IRQHandler)
                  000007d4    00000016     msp432p4xx_driverlib.lib : timer_a.o (.text:Timer_A_clearInterruptFlag)
                  000007ea    00000016                              : timer_a.o (.text:Timer_A_startCounter)
                  00000800    00000010                              : interrupt.o (.text:Interrupt_enableMaster)
                  00000810    0000000e     rtsv7M4_T_le_v4SPD16_eabi.lib : copy_decompress_none.c.obj (.text:decompress:none:__TI_decompress_none)
                  0000081e    0000000c     msp432p4xx_driverlib.lib : cpu.o (.text:CPU_cpsie)
                  0000082a    0000000c     startup_msp432p401r_ccs.obj (.text:Reset_Handler)
                  00000836    00000004     rtsv7M4_T_le_v4SPD16_eabi.lib : pre_init.c.obj (.text:_system_pre_init)
                  0000083a    00000004                                   : exit.c.obj (.text:abort:abort)
                  0000083e    00000002     startup_msp432p401r_ccs.obj (.text:Default_Handler)

.const     0    00000840    00000048     
                  00000840    00000030     msp432p4xx_driverlib.lib : gpio.o (.const:GPIO_PORT_TO_BASE)
                  00000870    00000010     main.obj (.const:continuousModeConfig)
                  00000880    00000008     msp432p4xx_driverlib.lib : interrupt.o (.const:g_pulEnRegs)

.cinit     0    00000888    00000018     
                  00000888    00000008     (__TI_handler_table)
                  00000890    00000007     (.cinit..data.load) [load image, compression = lzss]
                  00000897    00000001     --HOLE-- [fill = 0]
                  00000898    00000008     (__TI_cinit_table)

.init_array 
*          0    00000000    00000000     UNINITIALIZED

.binit     0    00000000    00000000     

.data      0    20000000    0000000c     UNINITIALIZED
                  20000000    0000000c     main.obj (.data)

.stack     0    2000fe00    00000200     UNINITIALIZED
                  2000fe00    00000004     rtsv7M4_T_le_v4SPD16_eabi.lib : boot_cortex_m.c.obj (.stack)
                  2000fe04    000001fc     --HOLE--

MODULE SUMMARY

       Module                        code   ro data   rw data
       ------                        ----   -------   -------
    .\
       main.obj                      252    16        24     
       system_msp432p401r.obj        120    0         0      
    +--+-----------------------------+------+---------+---------+
       Total:                        372    16        24     
                                                             
    .\ccs\
       startup_msp432p401r_ccs.obj   14     228       0      
    +--+-----------------------------+------+---------+---------+
       Total:                        14     228       0      
                                                             
    C:/ti/simplelink_msp432p4_sdk_2_40_00_10/source/ti/devices/msp432p4xx/driverlib/ccs/msp432p4xx_driverlib.lib
       timer_a.o                     496    0         0      
       cs.o                          304    0         0      
       gpio.o                        136    48        0      
       interrupt.o                   144    8         0      
       cpu.o                         12     0         0      
    +--+-----------------------------+------+---------+---------+
       Total:                        1092   56        0      
                                                             
    C:\ti\ccsv8\tools\compiler\ti-cgt-arm_18.1.5.LTS\lib\rtsv7M4_T_le_v4SPD16_eabi.lib
       memcpy_t2.asm.obj             156    0         0      
       copy_decompress_lzss.c.obj    104    0         0      
       autoinit.c.obj                68     0         0      
       boot_cortex_m.c.obj           56     0         0      
       copy_decompress_none.c.obj    14     0         0      
       exit.c.obj                    4      0         0      
       pre_init.c.obj                4      0         0      
    +--+-----------------------------+------+---------+---------+
       Total:                        406    0         0      
                                                             
       Stack:                        0      0         1024   
       Linker Generated:             0      23        0      
    +--+-----------------------------+------+---------+---------+
       Grand Total:                  1884   323       1048   


LINKER GENERATED COPY TABLES

__TI_cinit_table @ 00000898 records: 1, size/record: 8, table size: 8
	.data: load addr=00000890, load size=00000007 bytes, run addr=20000000, run size=0000000c bytes, compression=lzss


LINKER GENERATED HANDLER TABLE

__TI_handler_table @ 00000888 records: 2, size/record: 4, table size: 8
	index: 0, handler: __TI_decompress_lzss
	index: 1, handler: __TI_decompress_none


GLOBAL SYMBOLS: SORTED ALPHABETICALLY BY Name 

address   name                                
-------   ----                                
0000083f  ADC14_IRQHandler                    
0000083f  AES256_IRQHandler                   
0000083f  BusFault_Handler                    
0000083b  C$$EXIT                             
0000083f  COMP_E0_IRQHandler                  
0000083f  COMP_E1_IRQHandler                  
0000081f  CPU_cpsie                           
0000083f  CS_IRQHandler                       
00000229  CS_initClockSignal                  
0000083f  DMA_ERR_IRQHandler                  
0000083f  DMA_INT0_IRQHandler                 
0000083f  DMA_INT1_IRQHandler                 
0000083f  DMA_INT2_IRQHandler                 
0000083f  DMA_INT3_IRQHandler                 
0000083f  DebugMon_Handler                    
0000083f  Default_Handler                     
0000083f  EUSCIA0_IRQHandler                  
0000083f  EUSCIA1_IRQHandler                  
0000083f  EUSCIA2_IRQHandler                  
0000083f  EUSCIA3_IRQHandler                  
0000083f  EUSCIB0_IRQHandler                  
0000083f  EUSCIB1_IRQHandler                  
0000083f  EUSCIB2_IRQHandler                  
0000083f  EUSCIB3_IRQHandler                  
0000083f  FLCTL_IRQHandler                    
0000083f  FPU_IRQHandler                      
0000078d  GPIO_getInputPinValue               
00000639  GPIO_setAsInputPinWithPullUpResistor
0000083f  HardFault_Handler                   
000004d9  Interrupt_enableInterrupt           
00000801  Interrupt_enableMaster              
0000083f  MemManage_Handler                   
0000083f  NMI_Handler                         
0000083f  PCM_IRQHandler                      
0000083f  PORT1_IRQHandler                    
0000083f  PORT2_IRQHandler                    
0000083f  PORT3_IRQHandler                    
0000083f  PORT4_IRQHandler                    
0000083f  PORT5_IRQHandler                    
0000083f  PORT6_IRQHandler                    
0000083f  PSS_IRQHandler                      
0000083f  PendSV_Handler                      
0000083f  RTC_C_IRQHandler                    
0000082b  Reset_Handler                       
0000083f  SVC_Handler                         
0000083f  SysTick_Handler                     
00000559  SystemInit                          
0000083f  T32_INT1_IRQHandler                 
0000083f  T32_INT2_IRQHandler                 
0000083f  T32_INTC_IRQHandler                 
0000083f  TA0_0_IRQHandler                    
000007bd  TA0_N_IRQHandler                    
000007bd  TA0_N_IRQHandler                    
0000083f  TA1_0_IRQHandler                    
0000083f  TA1_N_IRQHandler                    
0000083f  TA2_0_IRQHandler                    
0000083f  TA2_N_IRQHandler                    
0000083f  TA3_0_IRQHandler                    
0000083f  TA3_N_IRQHandler                    
000007d5  Timer_A_clearInterruptFlag          
00000759  Timer_A_configureContinuousMode     
00000691  Timer_A_getCounterValue             
000007eb  Timer_A_startCounter                
0000083f  UsageFault_Handler                  
4000480c  WDTCTL_SYM                          
0000083f  WDT_A_IRQHandler                    
20010000  __STACK_END                         
00000200  __STACK_SIZE                        
00000898  __TI_CINIT_Base                     
000008a0  __TI_CINIT_Limit                    
00000888  __TI_Handler_Table_Base             
00000890  __TI_Handler_Table_Limit            
000006dd  __TI_auto_init_nobinit_nopinit      
000005d1  __TI_decompress_lzss                
00000811  __TI_decompress_none                
ffffffff  __TI_pprof_out_hndl                 
ffffffff  __TI_prof_data_size                 
ffffffff  __TI_prof_data_start                
00000000  __TI_static_base__                  
0000043d  __aeabi_memcpy                      
0000043d  __aeabi_memcpy4                     
0000043d  __aeabi_memcpy8                     
ffffffff  __binit__                           
ffffffff  __c_args__                          
UNDEFED   __mpu_init                          
2000fe00  __stack                             
00000721  _c_int00_noargs                     
UNDEFED   _system_post_cinit                  
00000837  _system_pre_init                    
0000083b  abort                               
ffffffff  binit                               
20000006  cnt                                 
00000870  continuousModeConfig                
00000000  interruptVectors                    
00000359  main                                
0000043d  memcpy                              
20000004  ovf                                 
20000000  time1                               
20000002  time2                               
20000008  timeint                             


GLOBAL SYMBOLS: SORTED BY Symbol Address 

address   name                                
-------   ----                                
00000000  __TI_static_base__                  
00000000  interruptVectors                    
00000200  __STACK_SIZE                        
00000229  CS_initClockSignal                  
00000359  main                                
0000043d  __aeabi_memcpy                      
0000043d  __aeabi_memcpy4                     
0000043d  __aeabi_memcpy8                     
0000043d  memcpy                              
000004d9  Interrupt_enableInterrupt           
00000559  SystemInit                          
000005d1  __TI_decompress_lzss                
00000639  GPIO_setAsInputPinWithPullUpResistor
00000691  Timer_A_getCounterValue             
000006dd  __TI_auto_init_nobinit_nopinit      
00000721  _c_int00_noargs                     
00000759  Timer_A_configureContinuousMode     
0000078d  GPIO_getInputPinValue               
000007bd  TA0_N_IRQHandler                    
000007bd  TA0_N_IRQHandler                    
000007d5  Timer_A_clearInterruptFlag          
000007eb  Timer_A_startCounter                
00000801  Interrupt_enableMaster              
00000811  __TI_decompress_none                
0000081f  CPU_cpsie                           
0000082b  Reset_Handler                       
00000837  _system_pre_init                    
0000083b  C$$EXIT                             
0000083b  abort                               
0000083f  ADC14_IRQHandler                    
0000083f  AES256_IRQHandler                   
0000083f  BusFault_Handler                    
0000083f  COMP_E0_IRQHandler                  
0000083f  COMP_E1_IRQHandler                  
0000083f  CS_IRQHandler                       
0000083f  DMA_ERR_IRQHandler                  
0000083f  DMA_INT0_IRQHandler                 
0000083f  DMA_INT1_IRQHandler                 
0000083f  DMA_INT2_IRQHandler                 
0000083f  DMA_INT3_IRQHandler                 
0000083f  DebugMon_Handler                    
0000083f  Default_Handler                     
0000083f  EUSCIA0_IRQHandler                  
0000083f  EUSCIA1_IRQHandler                  
0000083f  EUSCIA2_IRQHandler                  
0000083f  EUSCIA3_IRQHandler                  
0000083f  EUSCIB0_IRQHandler                  
0000083f  EUSCIB1_IRQHandler                  
0000083f  EUSCIB2_IRQHandler                  
0000083f  EUSCIB3_IRQHandler                  
0000083f  FLCTL_IRQHandler                    
0000083f  FPU_IRQHandler                      
0000083f  HardFault_Handler                   
0000083f  MemManage_Handler                   
0000083f  NMI_Handler                         
0000083f  PCM_IRQHandler                      
0000083f  PORT1_IRQHandler                    
0000083f  PORT2_IRQHandler                    
0000083f  PORT3_IRQHandler                    
0000083f  PORT4_IRQHandler                    
0000083f  PORT5_IRQHandler                    
0000083f  PORT6_IRQHandler                    
0000083f  PSS_IRQHandler                      
0000083f  PendSV_Handler                      
0000083f  RTC_C_IRQHandler                    
0000083f  SVC_Handler                         
0000083f  SysTick_Handler                     
0000083f  T32_INT1_IRQHandler                 
0000083f  T32_INT2_IRQHandler                 
0000083f  T32_INTC_IRQHandler                 
0000083f  TA0_0_IRQHandler                    
0000083f  TA1_0_IRQHandler                    
0000083f  TA1_N_IRQHandler                    
0000083f  TA2_0_IRQHandler                    
0000083f  TA2_N_IRQHandler                    
0000083f  TA3_0_IRQHandler                    
0000083f  TA3_N_IRQHandler                    
0000083f  UsageFault_Handler                  
0000083f  WDT_A_IRQHandler                    
00000870  continuousModeConfig                
00000888  __TI_Handler_Table_Base             
00000890  __TI_Handler_Table_Limit            
00000898  __TI_CINIT_Base                     
000008a0  __TI_CINIT_Limit                    
20000000  time1                               
20000002  time2                               
20000004  ovf                                 
20000006  cnt                                 
20000008  timeint                             
2000fe00  __stack                             
20010000  __STACK_END                         
4000480c  WDTCTL_SYM                          
ffffffff  __TI_pprof_out_hndl                 
ffffffff  __TI_prof_data_size                 
ffffffff  __TI_prof_data_start                
ffffffff  __binit__                           
ffffffff  __c_args__                          
ffffffff  binit                               
UNDEFED   __mpu_init                          
UNDEFED   _system_post_cinit                  

[100 symbols]
