******************************************************************************
                  TI ARM Linker PC v18.12.1                    
******************************************************************************
>> Linked Thu Jul 25 13:38:26 2019

OUTPUT FILE NAME:   <SkeletalCodeLabExam1Prob1.out>
ENTRY POINT SYMBOL: "_c_int00_noargs"  address: 0000056d


MEMORY CONFIGURATION

         name            origin    length      used     unused   attr    fill
----------------------  --------  ---------  --------  --------  ----  --------
  MAIN                  00000000   00040000  00000780  0003f880  R  X
  INFO                  00200000   00004000  00000000  00004000  R  X
  SRAM_CODE             01000000   00010000  00000201  0000fdff  RW X
  SRAM_DATA             20000000   00010000  00000201  0000fdff  RW  


SEGMENT ALLOCATION MAP

run origin  load origin   length   init length attrs members
----------  ----------- ---------- ----------- ----- -------
00000000    00000000    00000784   00000784    r-x
  00000000    00000000    000000e4   000000e4    r-- .intvecs
  000000e4    000000e4    0000062c   0000062c    r-x .text
  00000710    00000710    0000005c   0000005c    r-- .const
  00000770    00000770    00000014   00000014    r-- .cinit
20000000    20000000    00000001   00000000    rw-
  20000000    20000000    00000001   00000000    rw- .bss
2000fe00    2000fe00    00000200   00000000    rw-
  2000fe00    2000fe00    00000200   00000000    rw- .stack


SECTION ALLOCATION MAP

 output                                  attributes/
section   page    origin      length       input sections
--------  ----  ----------  ----------   ----------------
.intvecs   0    00000000    000000e4     
                  00000000    000000e4     startup_msp432p401r_ccs.obj (.intvecs:retain)

.text      0    000000e4    0000062c     
                  000000e4    0000018c     main.obj (.text:main)
                  00000270    00000088     msp432p4xx_driverlib.lib : gpio.o (.text:GPIO_setAsPeripheralModuleFunctionInputPin)
                  000002f8    00000080                              : interrupt.o (.text:Interrupt_enableInterrupt)
                  00000378    00000078     system_msp432p401r.obj (.text:SystemInit)
                  000003f0    00000056     msp432p4xx_driverlib.lib : uart.o (.text:UART_getEnabledInterruptStatus)
                  00000446    00000002     startup_msp432p401r_ccs.obj (.text:Default_Handler)
                  00000448    00000044     rtsv7M4_T_le_v4SPD16_eabi.lib : autoinit.c.obj (.text:__TI_auto_init_nobinit_nopinit:__TI_auto_init_nobinit_nopinit)
                  0000048c    00000040     msp432p4xx_driverlib.lib : gpio.o (.text:GPIO_setAsOutputPin)
                  000004cc    00000038     main.obj (.text:EUSCIA0_IRQHandler)
                  00000504    00000034     msp432p4xx_driverlib.lib : cs.o (.text:CS_setDCOCenteredFrequency)
                  00000538    00000034                              : uart.o (.text:UART_transmitData)
                  0000056c    00000034     rtsv7M4_T_le_v4SPD16_eabi.lib : boot_cortex_m.c.obj (.text:_c_int00_noargs:_c_int00_noargs)
                  000005a0    00000030     msp432p4xx_driverlib.lib : uart.o (.text:UART_enableInterrupt)
                  000005d0    00000030                              : uart.o (.text:UART_receiveData)
                  00000600    00000028                              : gpio.o (.text:GPIO_setOutputHighOnPin)
                  00000628    00000028                              : gpio.o (.text:GPIO_setOutputLowOnPin)
                  00000650    00000028                              : gpio.o (.text:GPIO_toggleOutputOnPin)
                  00000678    00000028     main.obj (.text:halfsecdelay)
                  000006a0    00000018     msp432p4xx_driverlib.lib : uart.o (.text:UART_getInterruptStatus)
                  000006b8    00000016                              : uart.o (.text:UART_clearInterruptFlag)
                  000006ce    00000012     rtsv7M4_T_le_v4SPD16_eabi.lib : copy_zero_init.c.obj (.text:decompress:ZI:__TI_zero_init_nomemset:__TI_zero_init_nomemset)
                  000006e0    00000010     msp432p4xx_driverlib.lib : interrupt.o (.text:Interrupt_enableMaster)
                  000006f0    0000000c                              : cpu.o (.text:CPU_cpsie)
                  000006fc    0000000c     startup_msp432p401r_ccs.obj (.text:Reset_Handler)
                  00000708    00000004     rtsv7M4_T_le_v4SPD16_eabi.lib : pre_init.c.obj (.text:_system_pre_init)
                  0000070c    00000004                                   : exit.c.obj (.text:abort:abort)

.const     0    00000710    0000005c     
                  00000710    00000030     msp432p4xx_driverlib.lib : gpio.o (.const:GPIO_PORT_TO_BASE)
                  00000740    00000024     main.obj (.const:uartConfig)
                  00000764    00000008     msp432p4xx_driverlib.lib : interrupt.o (.const:g_pulEnRegs)

.cinit     0    00000770    00000014     
                  00000770    00000008     (.cinit..bss.load) [load image, compression = zero_init]
                  00000778    00000004     (__TI_handler_table)
                  0000077c    00000008     (__TI_cinit_table)

.init_array 
*          0    00000000    00000000     UNINITIALIZED

.binit     0    00000000    00000000     

.bss       0    20000000    00000001     UNINITIALIZED
                  20000000    00000001     (.common:colorcode)

.stack     0    2000fe00    00000200     UNINITIALIZED
                  2000fe00    00000004     rtsv7M4_T_le_v4SPD16_eabi.lib : boot_cortex_m.c.obj (.stack)
                  2000fe04    000001fc     --HOLE--

MODULE SUMMARY

       Module                        code   ro data   rw data
       ------                        ----   -------   -------
    .\
       main.obj                      492    36        2      
       system_msp432p401r.obj        120    0         0      
    +--+-----------------------------+------+---------+---------+
       Total:                        612    36        2      
                                                             
    .\ccs\
       startup_msp432p401r_ccs.obj   14     228       0      
    +--+-----------------------------+------+---------+---------+
       Total:                        14     228       0      
                                                             
    C:/ti/simplelink_msp432p4_sdk_3_20_00_06/source/ti/devices/msp432p4xx/driverlib/ccs/msp432p4xx_driverlib.lib
       gpio.o                        320    48        0      
       uart.o                        280    0         0      
       interrupt.o                   144    8         0      
       cs.o                          52     0         0      
       cpu.o                         12     0         0      
    +--+-----------------------------+------+---------+---------+
       Total:                        808    56        0      
                                                             
    C:\ti\ccs901\ccs\tools\compiler\ti-cgt-arm_18.12.1.LTS\lib\rtsv7M4_T_le_v4SPD16_eabi.lib
       autoinit.c.obj                68     0         0      
       boot_cortex_m.c.obj           52     0         0      
       copy_zero_init.c.obj          18     0         0      
       exit.c.obj                    4      0         0      
       pre_init.c.obj                4      0         0      
    +--+-----------------------------+------+---------+---------+
       Total:                        146    0         0      
                                                             
       Stack:                        0      0         1024   
       Linker Generated:             0      20        0      
    +--+-----------------------------+------+---------+---------+
       Grand Total:                  1580   340       1026   


LINKER GENERATED COPY TABLES

__TI_cinit_table @ 0000077c records: 1, size/record: 8, table size: 8
	.bss: load addr=00000770, load size=00000008 bytes, run addr=20000000, run size=00000001 bytes, compression=zero_init


LINKER GENERATED HANDLER TABLE

__TI_handler_table @ 00000778 records: 1, size/record: 4, table size: 4
	index: 0, handler: __TI_zero_init


GLOBAL SYMBOLS: SORTED ALPHABETICALLY BY Name 

address   name                                      
-------   ----                                      
00000447  ADC14_IRQHandler                          
00000447  AES256_IRQHandler                         
00000447  BusFault_Handler                          
0000070d  C$$EXIT                                   
00000447  COMP_E0_IRQHandler                        
00000447  COMP_E1_IRQHandler                        
000006f1  CPU_cpsie                                 
00000447  CS_IRQHandler                             
00000505  CS_setDCOCenteredFrequency                
00000447  DMA_ERR_IRQHandler                        
00000447  DMA_INT0_IRQHandler                       
00000447  DMA_INT1_IRQHandler                       
00000447  DMA_INT2_IRQHandler                       
00000447  DMA_INT3_IRQHandler                       
00000447  DebugMon_Handler                          
00000447  Default_Handler                           
000004cd  EUSCIA0_IRQHandler                        
000004cd  EUSCIA0_IRQHandler                        
00000447  EUSCIA1_IRQHandler                        
00000447  EUSCIA2_IRQHandler                        
00000447  EUSCIA3_IRQHandler                        
00000447  EUSCIB0_IRQHandler                        
00000447  EUSCIB1_IRQHandler                        
00000447  EUSCIB2_IRQHandler                        
00000447  EUSCIB3_IRQHandler                        
00000447  FLCTL_IRQHandler                          
00000447  FPU_IRQHandler                            
0000048d  GPIO_setAsOutputPin                       
00000271  GPIO_setAsPeripheralModuleFunctionInputPin
00000601  GPIO_setOutputHighOnPin                   
00000629  GPIO_setOutputLowOnPin                    
00000651  GPIO_toggleOutputOnPin                    
00000447  HardFault_Handler                         
000002f9  Interrupt_enableInterrupt                 
000006e1  Interrupt_enableMaster                    
00000447  MemManage_Handler                         
00000447  NMI_Handler                               
00000447  PCM_IRQHandler                            
00000447  PORT1_IRQHandler                          
00000447  PORT2_IRQHandler                          
00000447  PORT3_IRQHandler                          
00000447  PORT4_IRQHandler                          
00000447  PORT5_IRQHandler                          
00000447  PORT6_IRQHandler                          
00000447  PSS_IRQHandler                            
00000447  PendSV_Handler                            
00000447  RTC_C_IRQHandler                          
000006fd  Reset_Handler                             
00000447  SVC_Handler                               
00000447  SysTick_Handler                           
00000379  SystemInit                                
00000447  T32_INT1_IRQHandler                       
00000447  T32_INT2_IRQHandler                       
00000447  T32_INTC_IRQHandler                       
00000447  TA0_0_IRQHandler                          
00000447  TA0_N_IRQHandler                          
00000447  TA1_0_IRQHandler                          
00000447  TA1_N_IRQHandler                          
00000447  TA2_0_IRQHandler                          
00000447  TA2_N_IRQHandler                          
00000447  TA3_0_IRQHandler                          
00000447  TA3_N_IRQHandler                          
000006b9  UART_clearInterruptFlag                   
000005a1  UART_enableInterrupt                      
000003f1  UART_getEnabledInterruptStatus            
000006a1  UART_getInterruptStatus                   
000005d1  UART_receiveData                          
00000539  UART_transmitData                         
00000447  UsageFault_Handler                        
4000480c  WDTCTL_SYM                                
00000447  WDT_A_IRQHandler                          
20010000  __STACK_END                               
00000200  __STACK_SIZE                              
0000077c  __TI_CINIT_Base                           
00000784  __TI_CINIT_Limit                          
00000778  __TI_Handler_Table_Base                   
0000077c  __TI_Handler_Table_Limit                  
00000449  __TI_auto_init_nobinit_nopinit            
ffffffff  __TI_pprof_out_hndl                       
ffffffff  __TI_prof_data_size                       
ffffffff  __TI_prof_data_start                      
00000000  __TI_static_base__                        
000006cf  __TI_zero_init_nomemset                   
ffffffff  __binit__                                 
ffffffff  __c_args__                                
UNDEFED   __mpu_init                                
2000fe00  __stack                                   
0000056d  _c_int00_noargs                           
UNDEFED   _system_post_cinit                        
00000709  _system_pre_init                          
0000070d  abort                                     
ffffffff  binit                                     
20000000  colorcode                                 
00000679  halfsecdelay                              
00000000  interruptVectors                          
000000e5  main                                      
00000740  uartConfig                                


GLOBAL SYMBOLS: SORTED BY Symbol Address 

address   name                                      
-------   ----                                      
00000000  __TI_static_base__                        
00000000  interruptVectors                          
000000e5  main                                      
00000200  __STACK_SIZE                              
00000271  GPIO_setAsPeripheralModuleFunctionInputPin
000002f9  Interrupt_enableInterrupt                 
00000379  SystemInit                                
000003f1  UART_getEnabledInterruptStatus            
00000447  ADC14_IRQHandler                          
00000447  AES256_IRQHandler                         
00000447  BusFault_Handler                          
00000447  COMP_E0_IRQHandler                        
00000447  COMP_E1_IRQHandler                        
00000447  CS_IRQHandler                             
00000447  DMA_ERR_IRQHandler                        
00000447  DMA_INT0_IRQHandler                       
00000447  DMA_INT1_IRQHandler                       
00000447  DMA_INT2_IRQHandler                       
00000447  DMA_INT3_IRQHandler                       
00000447  DebugMon_Handler                          
00000447  Default_Handler                           
00000447  EUSCIA1_IRQHandler                        
00000447  EUSCIA2_IRQHandler                        
00000447  EUSCIA3_IRQHandler                        
00000447  EUSCIB0_IRQHandler                        
00000447  EUSCIB1_IRQHandler                        
00000447  EUSCIB2_IRQHandler                        
00000447  EUSCIB3_IRQHandler                        
00000447  FLCTL_IRQHandler                          
00000447  FPU_IRQHandler                            
00000447  HardFault_Handler                         
00000447  MemManage_Handler                         
00000447  NMI_Handler                               
00000447  PCM_IRQHandler                            
00000447  PORT1_IRQHandler                          
00000447  PORT2_IRQHandler                          
00000447  PORT3_IRQHandler                          
00000447  PORT4_IRQHandler                          
00000447  PORT5_IRQHandler                          
00000447  PORT6_IRQHandler                          
00000447  PSS_IRQHandler                            
00000447  PendSV_Handler                            
00000447  RTC_C_IRQHandler                          
00000447  SVC_Handler                               
00000447  SysTick_Handler                           
00000447  T32_INT1_IRQHandler                       
00000447  T32_INT2_IRQHandler                       
00000447  T32_INTC_IRQHandler                       
00000447  TA0_0_IRQHandler                          
00000447  TA0_N_IRQHandler                          
00000447  TA1_0_IRQHandler                          
00000447  TA1_N_IRQHandler                          
00000447  TA2_0_IRQHandler                          
00000447  TA2_N_IRQHandler                          
00000447  TA3_0_IRQHandler                          
00000447  TA3_N_IRQHandler                          
00000447  UsageFault_Handler                        
00000447  WDT_A_IRQHandler                          
00000449  __TI_auto_init_nobinit_nopinit            
0000048d  GPIO_setAsOutputPin                       
000004cd  EUSCIA0_IRQHandler                        
000004cd  EUSCIA0_IRQHandler                        
00000505  CS_setDCOCenteredFrequency                
00000539  UART_transmitData                         
0000056d  _c_int00_noargs                           
000005a1  UART_enableInterrupt                      
000005d1  UART_receiveData                          
00000601  GPIO_setOutputHighOnPin                   
00000629  GPIO_setOutputLowOnPin                    
00000651  GPIO_toggleOutputOnPin                    
00000679  halfsecdelay                              
000006a1  UART_getInterruptStatus                   
000006b9  UART_clearInterruptFlag                   
000006cf  __TI_zero_init_nomemset                   
000006e1  Interrupt_enableMaster                    
000006f1  CPU_cpsie                                 
000006fd  Reset_Handler                             
00000709  _system_pre_init                          
0000070d  C$$EXIT                                   
0000070d  abort                                     
00000740  uartConfig                                
00000778  __TI_Handler_Table_Base                   
0000077c  __TI_CINIT_Base                           
0000077c  __TI_Handler_Table_Limit                  
00000784  __TI_CINIT_Limit                          
20000000  colorcode                                 
2000fe00  __stack                                   
20010000  __STACK_END                               
4000480c  WDTCTL_SYM                                
ffffffff  __TI_pprof_out_hndl                       
ffffffff  __TI_prof_data_size                       
ffffffff  __TI_prof_data_start                      
ffffffff  __binit__                                 
ffffffff  __c_args__                                
ffffffff  binit                                     
UNDEFED   __mpu_init                                
UNDEFED   _system_post_cinit                        

[97 symbols]
