******************************************************************************
                  TI ARM Linker PC v18.12.1                    
******************************************************************************
>> Linked Thu Jul 11 14:37:28 2019

OUTPUT FILE NAME:   <luhn_checksum_MSP_EXP432P401R_nortos_ccs.out>
ENTRY POINT SYMBOL: "_c_int00_noargs"  address: 00000509


MEMORY CONFIGURATION

         name            origin    length      used     unused   attr    fill
----------------------  --------  ---------  --------  --------  ----  --------
  MAIN                  00000000   00040000  000005e4  0003fa1c  R  X
  INFO                  00200000   00004000  00000000  00004000  R  X
  SRAM_CODE             01000000   00010000  00000222  0000fdde  RW X
  SRAM_DATA             20000000   00010000  00000222  0000fdde  RW  


SEGMENT ALLOCATION MAP

run origin  load origin   length   init length attrs members
----------  ----------- ---------- ----------- ----- -------
00000000    00000000    000005e4   000005e4    r-x
  00000000    00000000    000000e4   000000e4    r-- .intvecs
  000000e4    000000e4    000004c8   000004c8    r-x .text
  000005ac    000005ac    00000024   00000024    r-- .const
  000005d0    000005d0    00000014   00000014    r-- .cinit
20000000    20000000    00000022   00000000    rw-
  20000000    20000000    00000022   00000000    rw- .bss
2000fe00    2000fe00    00000200   00000000    rw-
  2000fe00    2000fe00    00000200   00000000    rw- .stack


SECTION ALLOCATION MAP

 output                                  attributes/
section   page    origin      length       input sections
--------  ----  ----------  ----------   ----------------
.intvecs   0    00000000    000000e4     
                  00000000    000000e4     startup_msp432p401r_ccs.obj (.intvecs:retain)

.text      0    000000e4    000004c8     
                  000000e4    00000128     main.obj (.text:main)
                  0000020c    000000b4     main.obj (.text:validateLuhn)
                  000002c0    00000080     uart_functions.obj (.text:initUART)
                  00000340    00000078     system_msp432p401r.obj (.text:SystemInit)
                  000003b8    00000074     uart_functions.obj (.text:EUSCIA0_IRQHandler)
                  0000042c    00000064     uart_functions.obj (.text:readString)
                  00000490    00000044     rtsv7M4_T_le_v4SPD16_eabi.lib : autoinit.c.obj (.text:__TI_auto_init_nobinit_nopinit:__TI_auto_init_nobinit_nopinit)
                  000004d4    00000034     msp432p4xx_driverlib.lib : cs.o (.text:CS_setDCOCenteredFrequency)
                  00000508    00000034     rtsv7M4_T_le_v4SPD16_eabi.lib : boot_cortex_m.c.obj (.text:_c_int00_noargs:_c_int00_noargs)
                  0000053c    00000034     uart_functions.obj (.text:writeString)
                  00000570    00000014     rtsv7M4_T_le_v4SPD16_eabi.lib : strlen.c.obj (.text:strlen)
                  00000584    00000012                                   : copy_zero_init.c.obj (.text:decompress:ZI:__TI_zero_init_nomemset:__TI_zero_init_nomemset)
                  00000596    0000000c     startup_msp432p401r_ccs.obj (.text:Reset_Handler)
                  000005a2    00000004     rtsv7M4_T_le_v4SPD16_eabi.lib : pre_init.c.obj (.text:_system_pre_init)
                  000005a6    00000004                                   : exit.c.obj (.text:abort:abort)
                  000005aa    00000002     startup_msp432p401r_ccs.obj (.text:Default_Handler)

.const     0    000005ac    00000024     
                  000005ac    00000024     uart_functions.obj (.const:uartConfig)

.cinit     0    000005d0    00000014     
                  000005d0    00000008     (.cinit..bss.load) [load image, compression = zero_init]
                  000005d8    00000004     (__TI_handler_table)
                  000005dc    00000008     (__TI_cinit_table)

.init_array 
*          0    00000000    00000000     UNINITIALIZED

.binit     0    00000000    00000000     

.bss       0    20000000    00000022     UNINITIALIZED
                  20000000    00000022     (.common:ringBuffer)

.stack     0    2000fe00    00000200     UNINITIALIZED
                  2000fe00    00000004     rtsv7M4_T_le_v4SPD16_eabi.lib : boot_cortex_m.c.obj (.stack)
                  2000fe04    000001fc     --HOLE--

MODULE SUMMARY

       Module                        code   ro data   rw data
       ------                        ----   -------   -------
    .\
       uart_functions.obj            396    36        68     
       main.obj                      476    0         0      
       system_msp432p401r.obj        120    0         0      
    +--+-----------------------------+------+---------+---------+
       Total:                        992    36        68     
                                                             
    .\ccs\
       startup_msp432p401r_ccs.obj   14     228       0      
    +--+-----------------------------+------+---------+---------+
       Total:                        14     228       0      
                                                             
    C:/ti/simplelink_msp432p4_sdk_3_20_00_06/source/ti/devices/msp432p4xx/driverlib/ccs/msp432p4xx_driverlib.lib
       cs.o                          52     0         0      
    +--+-----------------------------+------+---------+---------+
       Total:                        52     0         0      
                                                             
    C:\ti\ccs901\ccs\tools\compiler\ti-cgt-arm_18.12.1.LTS\lib\rtsv7M4_T_le_v4SPD16_eabi.lib
       autoinit.c.obj                68     0         0      
       boot_cortex_m.c.obj           52     0         0      
       strlen.c.obj                  20     0         0      
       copy_zero_init.c.obj          18     0         0      
       exit.c.obj                    4      0         0      
       pre_init.c.obj                4      0         0      
    +--+-----------------------------+------+---------+---------+
       Total:                        166    0         0      
                                                             
       Stack:                        0      0         1024   
       Linker Generated:             0      20        0      
    +--+-----------------------------+------+---------+---------+
       Grand Total:                  1224   284       1092   


LINKER GENERATED COPY TABLES

__TI_cinit_table @ 000005dc records: 1, size/record: 8, table size: 8
	.bss: load addr=000005d0, load size=00000008 bytes, run addr=20000000, run size=00000022 bytes, compression=zero_init


LINKER GENERATED HANDLER TABLE

__TI_handler_table @ 000005d8 records: 1, size/record: 4, table size: 4
	index: 0, handler: __TI_zero_init


GLOBAL SYMBOLS: SORTED ALPHABETICALLY BY Name 

address   name                          
-------   ----                          
000005ab  ADC14_IRQHandler              
000005ab  AES256_IRQHandler             
000005ab  BusFault_Handler              
000005a7  C$$EXIT                       
000005ab  COMP_E0_IRQHandler            
000005ab  COMP_E1_IRQHandler            
000005ab  CS_IRQHandler                 
000004d5  CS_setDCOCenteredFrequency    
000005ab  DMA_ERR_IRQHandler            
000005ab  DMA_INT0_IRQHandler           
000005ab  DMA_INT1_IRQHandler           
000005ab  DMA_INT2_IRQHandler           
000005ab  DMA_INT3_IRQHandler           
000005ab  DebugMon_Handler              
000005ab  Default_Handler               
000003b9  EUSCIA0_IRQHandler            
000003b9  EUSCIA0_IRQHandler            
000005ab  EUSCIA1_IRQHandler            
000005ab  EUSCIA2_IRQHandler            
000005ab  EUSCIA3_IRQHandler            
000005ab  EUSCIB0_IRQHandler            
000005ab  EUSCIB1_IRQHandler            
000005ab  EUSCIB2_IRQHandler            
000005ab  EUSCIB3_IRQHandler            
000005ab  FLCTL_IRQHandler              
000005ab  FPU_IRQHandler                
000005ab  HardFault_Handler             
000005ab  MemManage_Handler             
000005ab  NMI_Handler                   
000005ab  PCM_IRQHandler                
000005ab  PORT1_IRQHandler              
000005ab  PORT2_IRQHandler              
000005ab  PORT3_IRQHandler              
000005ab  PORT4_IRQHandler              
000005ab  PORT5_IRQHandler              
000005ab  PORT6_IRQHandler              
000005ab  PSS_IRQHandler                
000005ab  PendSV_Handler                
000005ab  RTC_C_IRQHandler              
00000597  Reset_Handler                 
000005ab  SVC_Handler                   
000005ab  SysTick_Handler               
00000341  SystemInit                    
000005ab  T32_INT1_IRQHandler           
000005ab  T32_INT2_IRQHandler           
000005ab  T32_INTC_IRQHandler           
000005ab  TA0_0_IRQHandler              
000005ab  TA0_N_IRQHandler              
000005ab  TA1_0_IRQHandler              
000005ab  TA1_N_IRQHandler              
000005ab  TA2_0_IRQHandler              
000005ab  TA2_N_IRQHandler              
000005ab  TA3_0_IRQHandler              
000005ab  TA3_N_IRQHandler              
000005ab  UsageFault_Handler            
4000480c  WDTCTL_SYM                    
000005ab  WDT_A_IRQHandler              
20010000  __STACK_END                   
00000200  __STACK_SIZE                  
000005dc  __TI_CINIT_Base               
000005e4  __TI_CINIT_Limit              
000005d8  __TI_Handler_Table_Base       
000005dc  __TI_Handler_Table_Limit      
00000491  __TI_auto_init_nobinit_nopinit
ffffffff  __TI_pprof_out_hndl           
ffffffff  __TI_prof_data_size           
ffffffff  __TI_prof_data_start          
00000000  __TI_static_base__            
00000585  __TI_zero_init_nomemset       
ffffffff  __binit__                     
ffffffff  __c_args__                    
UNDEFED   __mpu_init                    
2000fe00  __stack                       
00000509  _c_int00_noargs               
UNDEFED   _system_post_cinit            
000005a3  _system_pre_init              
000005a7  abort                         
ffffffff  binit                         
000002c1  initUART                      
00000000  interruptVectors              
000000e5  main                          
0000042d  readString                    
20000000  ringBuffer                    
00000571  strlen                        
000005ac  uartConfig                    
0000020d  validateLuhn                  
0000053d  writeString                   


GLOBAL SYMBOLS: SORTED BY Symbol Address 

address   name                          
-------   ----                          
00000000  __TI_static_base__            
00000000  interruptVectors              
000000e5  main                          
00000200  __STACK_SIZE                  
0000020d  validateLuhn                  
000002c1  initUART                      
00000341  SystemInit                    
000003b9  EUSCIA0_IRQHandler            
000003b9  EUSCIA0_IRQHandler            
0000042d  readString                    
00000491  __TI_auto_init_nobinit_nopinit
000004d5  CS_setDCOCenteredFrequency    
00000509  _c_int00_noargs               
0000053d  writeString                   
00000571  strlen                        
00000585  __TI_zero_init_nomemset       
00000597  Reset_Handler                 
000005a3  _system_pre_init              
000005a7  C$$EXIT                       
000005a7  abort                         
000005ab  ADC14_IRQHandler              
000005ab  AES256_IRQHandler             
000005ab  BusFault_Handler              
000005ab  COMP_E0_IRQHandler            
000005ab  COMP_E1_IRQHandler            
000005ab  CS_IRQHandler                 
000005ab  DMA_ERR_IRQHandler            
000005ab  DMA_INT0_IRQHandler           
000005ab  DMA_INT1_IRQHandler           
000005ab  DMA_INT2_IRQHandler           
000005ab  DMA_INT3_IRQHandler           
000005ab  DebugMon_Handler              
000005ab  Default_Handler               
000005ab  EUSCIA1_IRQHandler            
000005ab  EUSCIA2_IRQHandler            
000005ab  EUSCIA3_IRQHandler            
000005ab  EUSCIB0_IRQHandler            
000005ab  EUSCIB1_IRQHandler            
000005ab  EUSCIB2_IRQHandler            
000005ab  EUSCIB3_IRQHandler            
000005ab  FLCTL_IRQHandler              
000005ab  FPU_IRQHandler                
000005ab  HardFault_Handler             
000005ab  MemManage_Handler             
000005ab  NMI_Handler                   
000005ab  PCM_IRQHandler                
000005ab  PORT1_IRQHandler              
000005ab  PORT2_IRQHandler              
000005ab  PORT3_IRQHandler              
000005ab  PORT4_IRQHandler              
000005ab  PORT5_IRQHandler              
000005ab  PORT6_IRQHandler              
000005ab  PSS_IRQHandler                
000005ab  PendSV_Handler                
000005ab  RTC_C_IRQHandler              
000005ab  SVC_Handler                   
000005ab  SysTick_Handler               
000005ab  T32_INT1_IRQHandler           
000005ab  T32_INT2_IRQHandler           
000005ab  T32_INTC_IRQHandler           
000005ab  TA0_0_IRQHandler              
000005ab  TA0_N_IRQHandler              
000005ab  TA1_0_IRQHandler              
000005ab  TA1_N_IRQHandler              
000005ab  TA2_0_IRQHandler              
000005ab  TA2_N_IRQHandler              
000005ab  TA3_0_IRQHandler              
000005ab  TA3_N_IRQHandler              
000005ab  UsageFault_Handler            
000005ab  WDT_A_IRQHandler              
000005ac  uartConfig                    
000005d8  __TI_Handler_Table_Base       
000005dc  __TI_CINIT_Base               
000005dc  __TI_Handler_Table_Limit      
000005e4  __TI_CINIT_Limit              
20000000  ringBuffer                    
2000fe00  __stack                       
20010000  __STACK_END                   
4000480c  WDTCTL_SYM                    
ffffffff  __TI_pprof_out_hndl           
ffffffff  __TI_prof_data_size           
ffffffff  __TI_prof_data_start          
ffffffff  __binit__                     
ffffffff  __c_args__                    
ffffffff  binit                         
UNDEFED   __mpu_init                    
UNDEFED   _system_post_cinit            

[87 symbols]
