******************************************************************************
                  TI ARM Linker PC v18.1.4                     
******************************************************************************
>> Linked Sat May 18 10:20:33 2019

OUTPUT FILE NAME:   <Lab1E_MSP_EXP432P401R_nortos_ccs.out>
ENTRY POINT SYMBOL: "_c_int00_noinit_noargs"  address: 000002b9


MEMORY CONFIGURATION

         name            origin    length      used     unused   attr    fill
----------------------  --------  ---------  --------  --------  ----  --------
  MAIN                  00000000   00040000  000003c8  0003fc38  R  X
  INFO                  00200000   00004000  00000000  00004000  R  X
  SRAM_CODE             01000000   00010000  00000200  0000fe00  RW X
  SRAM_DATA             20000000   00010000  00000200  0000fe00  RW  


SEGMENT ALLOCATION MAP

run origin  load origin   length   init length attrs members
----------  ----------- ---------- ----------- ----- -------
00000000    00000000    000003c8   000003c8    r-x
  00000000    00000000    000000e4   000000e4    r-- .intvecs
  000000e4    000000e4    000002b4   000002b4    r-x .text
  00000398    00000398    00000030   00000030    r-- .const
2000fe00    2000fe00    00000200   00000000    rw-
  2000fe00    2000fe00    00000200   00000000    rw- .stack


SECTION ALLOCATION MAP

 output                                  attributes/
section   page    origin      length       input sections
--------  ----  ----------  ----------   ----------------
.intvecs   0    00000000    000000e4     
                  00000000    000000e4     startup_msp432p401r_ccs.obj (.intvecs:retain)

.text      0    000000e4    000002b4     
                  000000e4    00000078     system_msp432p401r.obj (.text:SystemInit)
                  0000015c    00000058     msp432p4xx_driverlib.lib : gpio.o (.text:GPIO_setAsInputPinWithPullUpResistor)
                  000001b4    00000050     main.obj (.text:main)
                  00000204    00000042     main.obj (.text:debounce)
                  00000246    00000002     startup_msp432p401r_ccs.obj (.text:Default_Handler)
                  00000248    00000040     msp432p4xx_driverlib.lib : gpio.o (.text:GPIO_setAsOutputPin)
                  00000288    00000030                              : gpio.o (.text:GPIO_getInputPinValue)
                  000002b8    00000030     rtsv7M4_T_le_v4SPD16_eabi.lib : boot_cortex_m.c.obj (.text:_c_int00_noinit_noargs:_c_int00_noinit_noargs)
                  000002e8    00000028     msp432p4xx_driverlib.lib : gpio.o (.text:GPIO_setDriveStrengthHigh)
                  00000310    00000028                              : gpio.o (.text:GPIO_setOutputHighOnPin)
                  00000338    00000028                              : gpio.o (.text:GPIO_setOutputLowOnPin)
                  00000360    00000024                              : wdt_a.o (.text:WDT_A_holdTimer)
                  00000384    0000000c     startup_msp432p401r_ccs.obj (.text:Reset_Handler)
                  00000390    00000004     rtsv7M4_T_le_v4SPD16_eabi.lib : pre_init.c.obj (.text:_system_pre_init)
                  00000394    00000004                                   : exit.c.obj (.text:abort:abort)

.const     0    00000398    00000030     
                  00000398    00000030     msp432p4xx_driverlib.lib : gpio.o (.const:GPIO_PORT_TO_BASE)

.cinit     0    00000000    00000000     UNINITIALIZED

.init_array 
*          0    00000000    00000000     UNINITIALIZED

.binit     0    00000000    00000000     

.stack     0    2000fe00    00000200     UNINITIALIZED
                  2000fe00    00000004     rtsv7M4_T_le_v4SPD16_eabi.lib : boot_cortex_m.c.obj (.stack)
                  2000fe04    000001fc     --HOLE--

MODULE SUMMARY

       Module                        code   ro data   rw data
       ------                        ----   -------   -------
    .\
       main.obj                      146    0         0      
       system_msp432p401r.obj        120    0         0      
    +--+-----------------------------+------+---------+---------+
       Total:                        266    0         0      
                                                             
    .\ccs\
       startup_msp432p401r_ccs.obj   14     228       0      
    +--+-----------------------------+------+---------+---------+
       Total:                        14     228       0      
                                                             
    C:/ti/simplelink_msp432p4_sdk_2_40_00_10/source/ti/devices/msp432p4xx/driverlib/ccs/msp432p4xx_driverlib.lib
       gpio.o                        320    48        0      
       wdt_a.o                       36     0         0      
    +--+-----------------------------+------+---------+---------+
       Total:                        356    48        0      
                                                             
    C:\ti\ccsv8\tools\compiler\ti-cgt-arm_18.1.4.LTS\lib\rtsv7M4_T_le_v4SPD16_eabi.lib
       boot_cortex_m.c.obj           48     0         0      
       exit.c.obj                    4      0         0      
       pre_init.c.obj                4      0         0      
    +--+-----------------------------+------+---------+---------+
       Total:                        56     0         0      
                                                             
       Stack:                        0      0         1024   
    +--+-----------------------------+------+---------+---------+
       Grand Total:                  692    276       1024   


GLOBAL SYMBOLS: SORTED ALPHABETICALLY BY Name 

address   name                                
-------   ----                                
00000247  ADC14_IRQHandler                    
00000247  AES256_IRQHandler                   
00000247  BusFault_Handler                    
00000395  C$$EXIT                             
00000247  COMP_E0_IRQHandler                  
00000247  COMP_E1_IRQHandler                  
00000247  CS_IRQHandler                       
00000247  DMA_ERR_IRQHandler                  
00000247  DMA_INT0_IRQHandler                 
00000247  DMA_INT1_IRQHandler                 
00000247  DMA_INT2_IRQHandler                 
00000247  DMA_INT3_IRQHandler                 
00000247  DebugMon_Handler                    
00000247  Default_Handler                     
00000247  EUSCIA0_IRQHandler                  
00000247  EUSCIA1_IRQHandler                  
00000247  EUSCIA2_IRQHandler                  
00000247  EUSCIA3_IRQHandler                  
00000247  EUSCIB0_IRQHandler                  
00000247  EUSCIB1_IRQHandler                  
00000247  EUSCIB2_IRQHandler                  
00000247  EUSCIB3_IRQHandler                  
00000247  FLCTL_IRQHandler                    
00000247  FPU_IRQHandler                      
00000289  GPIO_getInputPinValue               
0000015d  GPIO_setAsInputPinWithPullUpResistor
00000249  GPIO_setAsOutputPin                 
000002e9  GPIO_setDriveStrengthHigh           
00000311  GPIO_setOutputHighOnPin             
00000339  GPIO_setOutputLowOnPin              
00000247  HardFault_Handler                   
00000247  MemManage_Handler                   
00000247  NMI_Handler                         
00000247  PCM_IRQHandler                      
00000247  PORT1_IRQHandler                    
00000247  PORT2_IRQHandler                    
00000247  PORT3_IRQHandler                    
00000247  PORT4_IRQHandler                    
00000247  PORT5_IRQHandler                    
00000247  PORT6_IRQHandler                    
00000247  PSS_IRQHandler                      
00000247  PendSV_Handler                      
00000247  RTC_C_IRQHandler                    
00000385  Reset_Handler                       
00000247  SVC_Handler                         
00000247  SysTick_Handler                     
000000e5  SystemInit                          
00000247  T32_INT1_IRQHandler                 
00000247  T32_INT2_IRQHandler                 
00000247  T32_INTC_IRQHandler                 
00000247  TA0_0_IRQHandler                    
00000247  TA0_N_IRQHandler                    
00000247  TA1_0_IRQHandler                    
00000247  TA1_N_IRQHandler                    
00000247  TA2_0_IRQHandler                    
00000247  TA2_N_IRQHandler                    
00000247  TA3_0_IRQHandler                    
00000247  TA3_N_IRQHandler                    
00000247  UsageFault_Handler                  
4000480c  WDTCTL_SYM                          
00000247  WDT_A_IRQHandler                    
00000361  WDT_A_holdTimer                     
20010000  __STACK_END                         
00000200  __STACK_SIZE                        
ffffffff  __TI_pprof_out_hndl                 
ffffffff  __TI_prof_data_size                 
ffffffff  __TI_prof_data_start                
00000000  __TI_static_base__                  
ffffffff  __binit__                           
ffffffff  __c_args__                          
UNDEFED   __mpu_init                          
2000fe00  __stack                             
000002b9  _c_int00_noinit_noargs              
00000391  _system_pre_init                    
00000395  abort                               
ffffffff  binit                               
00000205  debounce                            
00000000  interruptVectors                    
000001b5  main                                


GLOBAL SYMBOLS: SORTED BY Symbol Address 

address   name                                
-------   ----                                
00000000  __TI_static_base__                  
00000000  interruptVectors                    
000000e5  SystemInit                          
0000015d  GPIO_setAsInputPinWithPullUpResistor
000001b5  main                                
00000200  __STACK_SIZE                        
00000205  debounce                            
00000247  ADC14_IRQHandler                    
00000247  AES256_IRQHandler                   
00000247  BusFault_Handler                    
00000247  COMP_E0_IRQHandler                  
00000247  COMP_E1_IRQHandler                  
00000247  CS_IRQHandler                       
00000247  DMA_ERR_IRQHandler                  
00000247  DMA_INT0_IRQHandler                 
00000247  DMA_INT1_IRQHandler                 
00000247  DMA_INT2_IRQHandler                 
00000247  DMA_INT3_IRQHandler                 
00000247  DebugMon_Handler                    
00000247  Default_Handler                     
00000247  EUSCIA0_IRQHandler                  
00000247  EUSCIA1_IRQHandler                  
00000247  EUSCIA2_IRQHandler                  
00000247  EUSCIA3_IRQHandler                  
00000247  EUSCIB0_IRQHandler                  
00000247  EUSCIB1_IRQHandler                  
00000247  EUSCIB2_IRQHandler                  
00000247  EUSCIB3_IRQHandler                  
00000247  FLCTL_IRQHandler                    
00000247  FPU_IRQHandler                      
00000247  HardFault_Handler                   
00000247  MemManage_Handler                   
00000247  NMI_Handler                         
00000247  PCM_IRQHandler                      
00000247  PORT1_IRQHandler                    
00000247  PORT2_IRQHandler                    
00000247  PORT3_IRQHandler                    
00000247  PORT4_IRQHandler                    
00000247  PORT5_IRQHandler                    
00000247  PORT6_IRQHandler                    
00000247  PSS_IRQHandler                      
00000247  PendSV_Handler                      
00000247  RTC_C_IRQHandler                    
00000247  SVC_Handler                         
00000247  SysTick_Handler                     
00000247  T32_INT1_IRQHandler                 
00000247  T32_INT2_IRQHandler                 
00000247  T32_INTC_IRQHandler                 
00000247  TA0_0_IRQHandler                    
00000247  TA0_N_IRQHandler                    
00000247  TA1_0_IRQHandler                    
00000247  TA1_N_IRQHandler                    
00000247  TA2_0_IRQHandler                    
00000247  TA2_N_IRQHandler                    
00000247  TA3_0_IRQHandler                    
00000247  TA3_N_IRQHandler                    
00000247  UsageFault_Handler                  
00000247  WDT_A_IRQHandler                    
00000249  GPIO_setAsOutputPin                 
00000289  GPIO_getInputPinValue               
000002b9  _c_int00_noinit_noargs              
000002e9  GPIO_setDriveStrengthHigh           
00000311  GPIO_setOutputHighOnPin             
00000339  GPIO_setOutputLowOnPin              
00000361  WDT_A_holdTimer                     
00000385  Reset_Handler                       
00000391  _system_pre_init                    
00000395  C$$EXIT                             
00000395  abort                               
2000fe00  __stack                             
20010000  __STACK_END                         
4000480c  WDTCTL_SYM                          
ffffffff  __TI_pprof_out_hndl                 
ffffffff  __TI_prof_data_size                 
ffffffff  __TI_prof_data_start                
ffffffff  __binit__                           
ffffffff  __c_args__                          
ffffffff  binit                               
UNDEFED   __mpu_init                          

[79 symbols]
